     VMA      LMA     Size Align Out     In      Symbol
       0        0 80200000     1 . = 0x80200000
80200000        0        0     1 __kernel_base = .
80200000 80200000      9a4     4 .text
80200000 80200000        e     2         /tmp/kernel-ef2a79.o:(.text.boot)
80200000 80200000        0     1                 .L0 
80200000 80200000        0     1                 .L0 
80200000 80200000        0     1                 $x
80200000 80200000        0     1                 .L0 
80200000 80200000        e     1                 boot
8020000e 8020000e        0     1                 .L0 
8020000e 8020000e        0     1                 .L0 
80200010 80200010      776     4         /tmp/kernel-ef2a79.o:(.text)
80200010 80200010        0     1                 .L0 
80200010 80200010        0     1                 .L0 
80200010 80200010        0     1                 $x
80200010 80200010        0     1                 .L0 
80200010 80200010        6     1                 sbi_call
80200014 80200014        0     1                 .L0 
80200016 80200016        0     1                 .L0 
80200016 80200016        0     1                 .L0 
80200016 80200016        0     1                 .L0 
80200016 80200016       50     1                 alloc_pages
8020001c 8020001c        0     1                 .L0 
8020001c 8020001c        0     1                 .L0 
80200024 80200024        0     1                 .L0 
80200024 80200024        0     1                 .L0 
80200028 80200028        0     1                 .L0 
8020002c 8020002c        0     1                 .L0 
8020002c 8020002c        0     1                 .L0 
80200034 80200034        0     1                 .L0 
80200038 80200038        0     1                 .L0 
8020003c 8020003c        0     1                 .L0 
80200052 80200052        0     1                 .L0 
80200052 80200052        0     1                 .L0 
80200054 80200054        0     1                 .L0 
80200054 80200054        0     1                 .L0 
8020005c 8020005c        0     1                 .L0 
8020005c 8020005c        0     1                 .L0 
8020005e 8020005e        0     1                 .L0 
80200062 80200062        0     1                 .L0 
80200062 80200062        0     1                 .L0 
80200066 80200066        0     1                 .L0 
80200066 80200066        0     1                 .L0 
80200066 80200066        0     1                 .L0 
80200066 80200066        0     1                 .L0 
80200066 80200066        0     1                 .L0 
80200066 80200066       da     1                 map_page
80200074 80200074        0     1                 .L0 
80200076 80200076        0     1                 .L0 
80200076 80200076        0     1                 .L0 
8020007a 8020007a        0     1                 .L0 
8020007e 8020007e        0     1                 .L0 
8020008e 8020008e        0     1                 .L0 
80200090 80200090        0     1                 .L0 
80200092 80200092        0     1                 .L0 
80200092 80200092        0     1                 .L0 
80200094 80200094        0     1                 .L0 
80200094 80200094        0     1                 .L0 
80200094 80200094        0     1                 .L0 
80200098 80200098        0     1                 .L0 
8020009a 8020009a        0     1                 .L0 
8020009c 8020009c        0     1                 .L0 
802000a0 802000a0        0     1                 .L0 
802000ae 802000ae        0     1                 .L0 
802000b2 802000b2        0     1                 .L0 
802000b4 802000b4        0     1                 .L0 
802000b4 802000b4        0     1                 .L0 
802000b6 802000b6        0     1                 .L0 
802000b6 802000b6        0     1                 .L0 
802000b6 802000b6        0     1                 .L0 
802000c2 802000c2        0     1                 .L0 
802000c2 802000c2        0     1                 .L0 
802000c8 802000c8        0     1                 .L0 
802000c8 802000c8        0     1                 .L0 
802000d0 802000d0        0     1                 .L0 
802000d0 802000d0        0     1                 .L0 
802000d2 802000d2        0     1                 .L0 
802000d4 802000d4        0     1                 .L0 
802000dc 802000dc        0     1                 .L0 
802000e0 802000e0        0     1                 .L0 
802000e4 802000e4        0     1                 .L0 
802000f8 802000f8        0     1                 .L0 
802000fa 802000fa        0     1                 .L0 
802000fa 802000fa        0     1                 .L0 
802000fc 802000fc        0     1                 .L0 
802000fc 802000fc        0     1                 .L0 
802000fc 802000fc        0     1                 .L0 
802000fe 802000fe        0     1                 .L0 
802000fe 802000fe        0     1                 .L0 
80200106 80200106        0     1                 .L0 
8020010a 8020010a        0     1                 .L0 
8020010a 8020010a        0     1                 .L0 
8020010e 8020010e        0     1                 .L0 
8020010e 8020010e        0     1                 .L0 
80200114 80200114        0     1                 .L0 
80200116 80200116        0     1                 .L0 
80200118 80200118        0     1                 .L0 
80200118 80200118        0     1                 .L0 
80200118 80200118        0     1                 .L0 
8020011a 8020011a        0     1                 .L0 
8020011c 8020011c        0     1                 .L0 
8020011e 8020011e        0     1                 .L0 
8020011e 8020011e        0     1                 .L0 
80200122 80200122        0     1                 .L0 
80200124 80200124        0     1                 .L0 
80200124 80200124        0     1                 .L0 
80200126 80200126        0     1                 .L0 
8020012a 8020012a        0     1                 .L0 
8020012e 8020012e        0     1                 .L0 
8020012e 8020012e        0     1                 .L0 
80200130 80200130        0     1                 .L0 
8020013c 8020013c        0     1                 .L0 
80200140 80200140        0     1                 .L0 
80200140 80200140        0     1                 .L0 
80200140 80200140        0     1                 .L0 
80200140 80200140        0     1                 .L0 
80200140 80200140        0     1                 .L0 
80200140 80200140       14     1                 putchar
80200152 80200152        0     1                 .L0 
80200152 80200152        0     1                 .L0 
80200154 80200154        0     1                 .L0 
80200154 80200154        0     1                 .L0 
80200154 80200154        0     1                 .L0 
80200154 80200154       14     1                 user_entry
8020015c 8020015c        0     1                 .L0 
80200168 80200168        0     1                 .L0 
80200168 80200168        0     1                 .L0 
80200168 80200168        0     1                 .L0 
80200168 80200168       46     1                 switch_context
802001ae 802001ae        0     1                 .L0 
802001ae 802001ae        0     1                 .L0 
802001ae 802001ae        0     1                 .L0 
802001ae 802001ae       16     1                 getchar
802001c2 802001c2        0     1                 .L0 
802001c2 802001c2        0     1                 .L0 
802001c4 802001c4        0     1                 .L0 
802001c4 802001c4        0     1                 .L0 
802001c4 802001c4        0     1                 .L0 
802001c4 802001c4        0     1                 .L0 
802001c4 802001c4      218     1                 create_process
802001e0 802001e0        0     1                 .L0 
802001e2 802001e2        0     1                 .L0 
802001e2 802001e2        0     1                 .L0 
802001f0 802001f0        0     1                 .L0 
802001f0 802001f0        0     1                 .L0 
802001f2 802001f2        0     1                 .L0 
802001f2 802001f2        0     1                 .L0 
802001fa 802001fa        0     1                 .L0 
802001fc 802001fc        0     1                 .L0 
802001fc 802001fc        0     1                 .L0 
80200204 80200204        0     1                 .L0 
80200206 80200206        0     1                 .L0 
80200206 80200206        0     1                 .L0 
8020020e 8020020e        0     1                 .L0 
80200210 80200210        0     1                 .L0 
80200210 80200210        0     1                 .L0 
80200218 80200218        0     1                 .L0 
8020021a 8020021a        0     1                 .L0 
8020021a 8020021a        0     1                 .L0 
80200222 80200222        0     1                 .L0 
80200224 80200224        0     1                 .L0 
80200224 80200224        0     1                 .L0 
8020022c 8020022c        0     1                 .L0 
8020022e 8020022e        0     1                 .L0 
8020022e 8020022e        0     1                 .L0 
80200236 80200236        0     1                 .L0 
80200238 80200238        0     1                 .L0 
80200238 80200238        0     1                 .L0 
8020024e 8020024e        0     1                 .L0 
8020024e 8020024e        0     1                 .L0 
80200250 80200250        0     1                 .L0 
80200250 80200250        0     1                 .L0 
80200250 80200250        0     1                 .L0 
80200254 80200254        0     1                 .L0 
80200254 80200254        0     1                 .L0 
8020025a 8020025a        0     1                 .L0 
8020025c 8020025c        0     1                 .L0 
8020025c 8020025c        0     1                 .L0 
8020025c 8020025c        0     1                 .L0 
80200264 80200264        0     1                 .L0 
80200266 80200266        0     1                 .L0 
80200266 80200266        0     1                 .L0 
80200266 80200266        0     1                 .L0 
8020026e 8020026e        0     1                 .L0 
80200270 80200270        0     1                 .L0 
80200270 80200270        0     1                 .L0 
80200270 80200270        0     1                 .L0 
80200278 80200278        0     1                 .L0 
8020027a 8020027a        0     1                 .L0 
8020027a 8020027a        0     1                 .L0 
8020027a 8020027a        0     1                 .L0 
80200282 80200282        0     1                 .L0 
80200284 80200284        0     1                 .L0 
80200284 80200284        0     1                 .L0 
80200284 80200284        0     1                 .L0 
8020028c 8020028c        0     1                 .L0 
8020028e 8020028e        0     1                 .L0 
8020028e 8020028e        0     1                 .L0 
8020028e 8020028e        0     1                 .L0 
80200296 80200296        0     1                 .L0 
80200296 80200296        0     1                 .L0 
80200296 80200296        0     1                 .L0 
8020029e 8020029e        0     1                 .L0 
8020029e 8020029e        0     1                 .L0 
802002a0 802002a0        0     1                 .L0 
802002a0 802002a0        0     1                 .L0 
802002aa 802002aa        0     1                 .L0 
802002aa 802002aa        0     1                 .L0 
802002b0 802002b0        0     1                 .L0 
802002bc 802002bc        0     1                 .L0 
802002bc 802002bc        0     1                 .L0 
802002be 802002be        0     1                 .L0 
802002be 802002be        0     1                 .L0 
802002c2 802002c2        0     1                 .L0 
802002c2 802002c2        0     1                 .L0 
802002c6 802002c6        0     1                 .L0 
802002c6 802002c6        0     1                 .L0 
802002ca 802002ca        0     1                 .L0 
802002ca 802002ca        0     1                 .L0 
802002ce 802002ce        0     1                 .L0 
802002ce 802002ce        0     1                 .L0 
802002d2 802002d2        0     1                 .L0 
802002d2 802002d2        0     1                 .L0 
802002d6 802002d6        0     1                 .L0 
802002d6 802002d6        0     1                 .L0 
802002da 802002da        0     1                 .L0 
802002da 802002da        0     1                 .L0 
802002de 802002de        0     1                 .L0 
802002de 802002de        0     1                 .L0 
802002e2 802002e2        0     1                 .L0 
802002e2 802002e2        0     1                 .L0 
802002e6 802002e6        0     1                 .L0 
802002ea 802002ea        0     1                 .L0 
802002ea 802002ea        0     1                 .L0 
802002ee 802002ee        0     1                 .L0 
802002ee 802002ee        0     1                 .L0 
802002f2 802002f2        0     1                 .L0 
802002f2 802002f2        0     1                 .L0 
802002f6 802002f6        0     1                 .L0 
802002f6 802002f6        0     1                 .L0 
8020030c 8020030c        0     1                 .L0 
8020030c 8020030c        0     1                 .L0 
8020030e 8020030e        0     1                 .L0 
8020030e 8020030e        0     1                 .L0 
80200310 80200310        0     1                 .L0 
8020031a 8020031a        0     1                 .L0 
8020031a 8020031a        0     1                 .L0 
80200322 80200322        0     1                 .L0 
80200322 80200322        0     1                 .L0 
80200326 80200326        0     1                 .L0 
80200326 80200326        0     1                 .L0 
80200326 80200326        0     1                 .L0 
80200330 80200330        0     1                 .L0 
80200330 80200330        0     1                 .L0 
80200332 80200332        0     1                 .L0 
80200336 80200336        0     1                 .L0 
80200336 80200336        0     1                 .L0 
80200336 80200336        0     1                 .L0 
8020033a 8020033a        0     1                 .L0 
8020034c 8020034c        0     1                 .L0 
8020034c 8020034c        0     1                 .L0 
8020034e 8020034e        0     1                 .L0 
8020034e 8020034e        0     1                 .L0 
80200350 80200350        0     1                 .L0 
80200354 80200354        0     1                 .L0 
80200354 80200354        0     1                 .L0 
80200358 80200358        0     1                 .L0 
80200360 80200360        0     1                 .L0 
80200360 80200360        0     1                 .L0 
80200362 80200362        0     1                 .L0 
80200362 80200362        0     1                 .L0 
8020036a 8020036a        0     1                 .L0 
8020036e 8020036e        0     1                 .L0 
8020036e 8020036e        0     1                 .L0 
8020036e 8020036e        0     1                 .L0 
80200372 80200372        0     1                 .L0 
80200372 80200372        0     1                 .L0 
8020037a 8020037a        0     1                 .L0 
8020037e 8020037e        0     1                 .L0 
80200386 80200386        0     1                 .L0 
80200386 80200386        0     1                 .L0 
80200388 80200388        0     1                 .L0 
80200388 80200388        0     1                 .L0 
8020038c 8020038c        0     1                 .L0 
8020038c 8020038c        0     1                 .L0 
80200390 80200390        0     1                 .L0 
80200394 80200394        0     1                 .L0 
80200398 80200398        0     1                 .L0 
8020039c 8020039c        0     1                 .L0 
802003a0 802003a0        0     1                 .L0 
802003a4 802003a4        0     1                 .L0 
802003a6 802003a6        0     1                 .L0 
802003b0 802003b0        0     1                 .L0 
802003b4 802003b4        0     1                 .L0 
802003b6 802003b6        0     1                 .L0 
802003ba 802003ba        0     1                 .L0 
802003c0 802003c0        0     1                 .L0 
802003c4 802003c4        0     1                 .L0 
802003c4 802003c4        0     1                 .L0 
802003c4 802003c4        0     1                 .L0 
802003da 802003da        0     1                 .L0 
802003da 802003da        0     1                 .L0 
802003dc 802003dc        0     1                 .L0 
802003dc 802003dc        0     1                 .L0 
802003dc 802003dc        0     1                 .L0 
802003dc 802003dc        0     1                 .L0 
802003dc 802003dc        0     1                 .L0 
802003dc 802003dc        0     1                 .L0 
802003dc 802003dc      194     1                 yield
802003e4 802003e4        0     1                 .L0 
802003e4 802003e4        0     1                 .L0 
802003e8 802003e8        0     1                 .L0 
802003e8 802003e8        0     1                 .L0 
802003f6 802003f6        0     1                 .L0 
80200408 80200408        0     1                 .L0 
80200408 80200408        0     1                 .L0 
8020040a 8020040a        0     1                 .L0 
8020040a 8020040a        0     1                 .L0 
8020040e 8020040e        0     1                 .L0 
8020040e 8020040e        0     1                 .L0 
80200410 80200410        0     1                 .L0 
80200410 80200410        0     1                 .L0 
80200414 80200414        0     1                 .L0 
80200416 80200416        0     1                 .L0 
8020041a 8020041a        0     1                 .L0 
8020041a 8020041a        0     1                 .L0 
8020041a 8020041a        0     1                 .L0 
8020041e 8020041e        0     1                 .L0 
80200422 80200422        0     1                 .L0 
8020042a 8020042a        0     1                 .L0 
80200436 80200436        0     1                 .L0 
80200436 80200436        0     1                 .L0 
80200438 80200438        0     1                 .L0 
8020043c 8020043c        0     1                 .L0 
8020043e 8020043e        0     1                 .L0 
80200442 80200442        0     1                 .L0 
80200442 80200442        0     1                 .L0 
80200442 80200442        0     1                 .L0 
80200446 80200446        0     1                 .L0 
8020044a 8020044a        0     1                 .L0 
80200452 80200452        0     1                 .L0 
8020045e 8020045e        0     1                 .L0 
8020045e 8020045e        0     1                 .L0 
80200462 80200462        0     1                 .L0 
80200466 80200466        0     1                 .L0 
80200468 80200468        0     1                 .L0 
8020046c 8020046c        0     1                 .L0 
8020046c 8020046c        0     1                 .L0 
8020046c 8020046c        0     1                 .L0 
80200470 80200470        0     1                 .L0 
80200474 80200474        0     1                 .L0 
8020047c 8020047c        0     1                 .L0 
80200488 80200488        0     1                 .L0 
80200488 80200488        0     1                 .L0 
8020048a 8020048a        0     1                 .L0 
8020048e 8020048e        0     1                 .L0 
80200490 80200490        0     1                 .L0 
80200494 80200494        0     1                 .L0 
80200494 80200494        0     1                 .L0 
80200494 80200494        0     1                 .L0 
80200498 80200498        0     1                 .L0 
8020049c 8020049c        0     1                 .L0 
802004a4 802004a4        0     1                 .L0 
802004b0 802004b0        0     1                 .L0 
802004b0 802004b0        0     1                 .L0 
802004b4 802004b4        0     1                 .L0 
802004b8 802004b8        0     1                 .L0 
802004ba 802004ba        0     1                 .L0 
802004be 802004be        0     1                 .L0 
802004be 802004be        0     1                 .L0 
802004be 802004be        0     1                 .L0 
802004c2 802004c2        0     1                 .L0 
802004c6 802004c6        0     1                 .L0 
802004ce 802004ce        0     1                 .L0 
802004da 802004da        0     1                 .L0 
802004da 802004da        0     1                 .L0 
802004dc 802004dc        0     1                 .L0 
802004e0 802004e0        0     1                 .L0 
802004e2 802004e2        0     1                 .L0 
802004e6 802004e6        0     1                 .L0 
802004e6 802004e6        0     1                 .L0 
802004e6 802004e6        0     1                 .L0 
802004ea 802004ea        0     1                 .L0 
802004ee 802004ee        0     1                 .L0 
802004f6 802004f6        0     1                 .L0 
80200502 80200502        0     1                 .L0 
80200502 80200502        0     1                 .L0 
80200506 80200506        0     1                 .L0 
8020050a 8020050a        0     1                 .L0 
8020050c 8020050c        0     1                 .L0 
80200510 80200510        0     1                 .L0 
80200510 80200510        0     1                 .L0 
80200510 80200510        0     1                 .L0 
80200512 80200512        0     1                 .L0 
8020051e 8020051e        0     1                 .L0 
8020052a 8020052a        0     1                 .L0 
8020052c 8020052c        0     1                 .L0 
80200530 80200530        0     1                 .L0 
80200532 80200532        0     1                 .L0 
80200536 80200536        0     1                 .L0 
80200536 80200536        0     1                 .L0 
80200536 80200536        0     1                 .L0 
80200538 80200538        0     1                 .L0 
80200538 80200538        0     1                 .L0 
80200538 80200538        0     1                 .L0 
8020053c 8020053c        0     1                 .L0 
8020053c 8020053c        0     1                 .L0 
8020053e 8020053e        0     1                 .L0 
8020054a 8020054a        0     1                 .L0 
8020054c 8020054c        0     1                 .L0 
80200550 80200550        0     1                 .L0 
80200552 80200552        0     1                 .L0 
80200552 80200552        0     1                 .L0 
80200554 80200554        0     1                 .L0 
80200558 80200558        0     1                 .L0 
8020055c 8020055c        0     1                 .L0 
8020056c 8020056c        0     1                 .L0 
8020056c 8020056c        0     1                 .L0 
8020056e 8020056e        0     1                 .L0 
8020056e 8020056e        0     1                 .L0 
80200570 80200570        0     1                 .L0 
80200570 80200570        0     1                 .L0 
80200570 80200570        0     1                 .L0 
80200570 80200570        0     1                 .L0 
80200570 80200570        0     1                 .L0 
80200570 80200570       10     1                 delay
80200578 80200578        0     1                 .L0 
80200578 80200578        0     1                 .L0 
80200578 80200578        0     1                 .L0 
8020057a 8020057a        0     1                 .L0 
8020057a 8020057a        0     1                 .L0 
8020057c 8020057c        0     1                 .L0 
8020057c 8020057c        0     1                 .L0 
8020057e 8020057e        0     1                 .L0 
8020057e 8020057e        0     1                 .L0 
80200580 80200580        0     1                 .L0 
80200580 80200580        0     1                 .L0 
80200580 80200580        0     1                 .L0 
80200580 80200580        0     1                 .L0 
80200580 80200580        0     1                 .L0 
80200580 80200580       9a     1                 kernel_entry
8020061a 8020061a        0     1                 .L0 
8020061a 8020061a        0     1                 .L0 
8020061a 8020061a        0     1                 .L0 
8020061a 8020061a        0     1                 .L0 
8020061a 8020061a        0     1                 .L0 
8020061a 8020061a       74     1                 kernel_main
8020061e 8020061e        0     1                 .L0 
80200634 80200634        0     1                 .L0 
80200634 80200634        0     1                 .L0 
8020063e 8020063e        0     1                 .L0 
8020063e 8020063e        0     1                 .L0 
80200646 80200646        0     1                 .L0 
8020064a 8020064a        0     1                 .L0 
8020064a 8020064a        0     1                 .L0 
8020064c 8020064c        0     1                 .L0 
80200650 80200650        0     1                 .L0 
80200650 80200650        0     1                 .L0 
8020065c 8020065c        0     1                 .L0 
80200660 80200660        0     1                 .L0 
80200662 80200662        0     1                 .L0 
80200674 80200674        0     1                 .L0 
80200674 80200674        0     1                 .L0 
80200676 80200676        0     1                 .L0 
80200676 80200676        0     1                 .L0 
8020068c 8020068c        0     1                 .L0 
8020068c 8020068c        0     1                 .L0 
8020068e 8020068e        0     1                 .L0 
8020068e 8020068e        0     1                 .L0 
8020068e 8020068e        0     1                 .L0 
8020068e 8020068e        0     1                 .L0 
8020068e 8020068e        0     1                 .L0 
8020068e 8020068e       b6     1                 handle_syscall
80200694 80200694        0     1                 .L0 
80200694 80200694        0     1                 .L0 
802006b2 802006b2        0     1                 .L0 
802006b6 802006b6        0     1                 .L0 
802006b8 802006b8        0     1                 .L0 
802006bc 802006bc        0     1                 .L0 
802006bc 802006bc        0     1                 .L0 
802006be 802006be        0     1                 .L0 
802006be 802006be        0     1                 .L0 
802006d2 802006d2        0     1                 .L0 
802006d2 802006d2        0     1                 .L0 
802006d6 802006d6        0     1                 .L0 
802006d6 802006d6        0     1                 .L0 
802006d6 802006d6        0     1                 .L0 
802006d8 802006d8        0     1                 .L0 
802006d8 802006d8        0     1                 .L0 
802006ec 802006ec        0     1                 .L0 
802006ec 802006ec        0     1                 .L0 
802006f0 802006f0        0     1                 .L0 
802006f0 802006f0        0     1                 .L0 
802006f0 802006f0        0     1                 .L0 
8020070e 8020070e        0     1                 .L0 
8020070e 8020070e        0     1                 .L0 
8020070e 8020070e        0     1                 .L0 
80200712 80200712        0     1                 .L0 
80200712 80200712        0     1                 .L0 
80200724 80200724        0     1                 .L0 
80200724 80200724        0     1                 .L0 
80200724 80200724        0     1                 .L0 
80200728 80200728        0     1                 .L0 
8020072c 8020072c        0     1                 .L0 
8020072c 8020072c        0     1                 .L0 
8020072c 8020072c        0     1                 .L0 
80200730 80200730        0     1                 .L0 
80200742 80200742        0     1                 .L0 
80200742 80200742        0     1                 .L0 
80200744 80200744        0     1                 .L0 
80200744 80200744        0     1                 .L0 
80200744 80200744        0     1                 .L0 
80200744 80200744        0     1                 .L0 
80200744 80200744        0     1                 .L0 
80200744 80200744       42     1                 handle_trap
8020074a 8020074a        0     1                 .L0 
8020074a 8020074a        0     1                 .L0 
8020074a 8020074a        0     1                 .L0 
8020074e 8020074e        0     1                 .L0 
8020074e 8020074e        0     1                 .L0 
80200752 80200752        0     1                 .L0 
80200752 80200752        0     1                 .L0 
80200754 80200754        0     1                 .L0 
80200754 80200754        0     1                 .L0 
80200758 80200758        0     1                 .L0 
80200758 80200758        0     1                 .L0 
8020075c 8020075c        0     1                 .L0 
8020075c 8020075c        0     1                 .L0 
8020075e 8020075e        0     1                 .L0 
8020075e 8020075e        0     1                 .L0 
80200760 80200760        0     1                 .L0 
80200760 80200760        0     1                 .L0 
80200764 80200764        0     1                 .L0 
80200768 80200768        0     1                 .L0 
80200768 80200768        0     1                 .L0 
8020076c 8020076c        0     1                 .L0 
8020076c 8020076c        0     1                 .L0 
8020076c 8020076c        0     1                 .L0 
80200770 80200770        0     1                 .L0 
80200784 80200784        0     1                 .L0 
80200784 80200784        0     1                 .L0 
80200786 80200786        0     1                 .L0 
80200786 80200786        0     1                 .L0 
80200786 80200786      21e     2         /tmp/common-f8ca2a.o:(.text)
80200786 80200786        0     1                 .L0 
80200786 80200786        0     1                 .L0 
80200786 80200786        0     1                 $x
80200786 80200786        0     1                 .L0 
80200786 80200786       1c     1                 memcpy
8020078a 8020078a        0     1                 .L0 
8020078a 8020078a        0     1                 .L0 
8020078c 8020078c        0     1                 .L0 
8020078c 8020078c        0     1                 .L0 
8020078c 8020078c        0     1                 .L0 
80200790 80200790        0     1                 .L0 
80200792 80200792        0     1                 .L0 
80200796 80200796        0     1                 .L0 
80200796 80200796        0     1                 .L0 
8020079c 8020079c        0     1                 .L0 
8020079c 8020079c        0     1                 .L0 
802007a0 802007a0        0     1                 .L0 
802007a0 802007a0        0     1                 .L0 
802007a0 802007a0        0     1                 .L0 
802007a2 802007a2        0     1                 .L0 
802007a2 802007a2        0     1                 .L0 
802007a2 802007a2        0     1                 .L0 
802007a2 802007a2        0     1                 .L0 
802007a2 802007a2        0     1                 .L0 
802007a2 802007a2      1a4     1                 printf
802007be 802007be        0     1                 .L0 
802007c0 802007c0        0     1                 .L0 
802007e8 802007e8        0     1                 .L0 
802007f8 802007f8        0     1                 .L0 
802007f8 802007f8        0     1                 .L0 
802007fc 802007fc        0     1                 .L0 
802007fc 802007fc        0     1                 .L0 
802007fe 802007fe        0     1                 .L0 
802007fe 802007fe        0     1                 .L0 
80200802 80200802        0     1                 .L0 
8020080a 8020080a        0     1                 .L0 
8020080a 8020080a        0     1                 .L0 
8020080c 8020080c        0     1                 .L0 
8020080c 8020080c        0     1                 .L0 
8020080e 8020080e        0     1                 .L0 
80200810 80200810        0     1                 .L0 
80200810 80200810        0     1                 .L0 
80200814 80200814        0     1                 .L0 
80200816 80200816        0     1                 .L0 
80200826 80200826        0     1                 .L0 
80200826 80200826        0     1                 .L0 
80200832 80200832        0     1                 .L0 
80200832 80200832        0     1                 .L0 
80200836 80200836        0     1                 .L0 
80200836 80200836        0     1                 .L0 
80200838 80200838        0     1                 .L0 
8020083e 8020083e        0     1                 .L0 
8020083e 8020083e        0     1                 .L0 
8020083e 8020083e        0     1                 .L0 
80200846 80200846        0     1                 .L0 
80200846 80200846        0     1                 .L0 
80200850 80200850        0     1                 .L0 
80200850 80200850        0     1                 .L0 
80200854 80200854        0     1                 .L0 
80200854 80200854        0     1                 .L0 
80200856 80200856        0     1                 .L0 
8020085a 8020085a        0     1                 .L0 
8020085c 8020085c        0     1                 .L0 
8020085c 8020085c        0     1                 .L0 
80200862 80200862        0     1                 .L0 
80200862 80200862        0     1                 .L0 
80200864 80200864        0     1                 .L0 
80200868 80200868        0     1                 .L0 
8020086a 8020086a        0     1                 .L0 
8020086a 8020086a        0     1                 .L0 
80200870 80200870        0     1                 .L0 
80200870 80200870        0     1                 .L0 
80200872 80200872        0     1                 .L0 
80200876 80200876        0     1                 .L0 
80200878 80200878        0     1                 .L0 
80200878 80200878        0     1                 .L0 
8020087e 8020087e        0     1                 .L0 
8020087e 8020087e        0     1                 .L0 
80200880 80200880        0     1                 .L0 
80200884 80200884        0     1                 .L0 
80200886 80200886        0     1                 .L0 
80200886 80200886        0     1                 .L0 
8020088c 8020088c        0     1                 .L0 
8020088c 8020088c        0     1                 .L0 
8020088e 8020088e        0     1                 .L0 
80200892 80200892        0     1                 .L0 
80200894 80200894        0     1                 .L0 
80200894 80200894        0     1                 .L0 
8020089a 8020089a        0     1                 .L0 
8020089a 8020089a        0     1                 .L0 
8020089c 8020089c        0     1                 .L0 
802008a0 802008a0        0     1                 .L0 
802008a2 802008a2        0     1                 .L0 
802008a2 802008a2        0     1                 .L0 
802008a8 802008a8        0     1                 .L0 
802008a8 802008a8        0     1                 .L0 
802008aa 802008aa        0     1                 .L0 
802008ae 802008ae        0     1                 .L0 
802008b0 802008b0        0     1                 .L0 
802008b0 802008b0        0     1                 .L0 
802008b2 802008b2        0     1                 .L0 
802008b2 802008b2        0     1                 .L0 
802008b4 802008b4        0     1                 .L0 
802008b8 802008b8        0     1                 .L0 
802008b8 802008b8        0     1                 .L0 
802008ba 802008ba        0     1                 .L0 
802008ba 802008ba        0     1                 .L0 
802008bc 802008bc        0     1                 .L0 
802008be 802008be        0     1                 .L0 
802008be 802008be        0     1                 .L0 
802008be 802008be        0     1                 .L0 
802008c8 802008c8        0     1                 .L0 
802008c8 802008c8        0     1                 .L0 
802008cc 802008cc        0     1                 .L0 
802008d2 802008d2        0     1                 .L0 
802008d2 802008d2        0     1                 .L0 
802008d2 802008d2        0     1                 .L0 
802008d8 802008d8        0     1                 .L0 
802008d8 802008d8        0     1                 .L0 
802008dc 802008dc        0     1                 .L0 
802008de 802008de        0     1                 .L0 
802008e2 802008e2        0     1                 .L0 
802008e2 802008e2        0     1                 .L0 
802008e2 802008e2        0     1                 .L0 
802008e8 802008e8        0     1                 .L0 
802008e8 802008e8        0     1                 .L0 
802008ec 802008ec        0     1                 .L0 
802008ec 802008ec        0     1                 .L0 
802008ee 802008ee        0     1                 .L0 
802008f2 802008f2        0     1                 .L0 
802008f2 802008f2        0     1                 .L0 
802008f2 802008f2        0     1                 .L0 
802008f6 802008f6        0     1                 .L0 
802008fa 802008fa        0     1                 .L0 
802008fe 802008fe        0     1                 .L0 
802008fe 802008fe        0     1                 .L0 
802008fe 802008fe        0     1                 .L0 
80200900 80200900        0     1                 .L0 
80200900 80200900        0     1                 .L0 
80200904 80200904        0     1                 .L0 
80200908 80200908        0     1                 .L0 
8020090e 8020090e        0     1                 .L0 
8020090e 8020090e        0     1                 .L0 
80200916 80200916        0     1                 .L0 
8020091c 8020091c        0     1                 .L0 
8020091c 8020091c        0     1                 .L0 
80200922 80200922        0     1                 .L0 
80200922 80200922        0     1                 .L0 
80200922 80200922        0     1                 .L0 
80200928 80200928        0     1                 .L0 
80200928 80200928        0     1                 .L0 
80200928 80200928        0     1                 .L0 
8020092c 8020092c        0     1                 .L0 
80200942 80200942        0     1                 .L0 
80200946 80200946        0     1                 .L0 
80200946 80200946        0     1                 .L0 
80200946 80200946        0     1                 .L0 
80200946 80200946        0     1                 .L0 
80200946 80200946        0     1                 .L0 
80200946 80200946       16     1                 memset
8020094a 8020094a        0     1                 .L0 
8020094a 8020094a        0     1                 .L0 
8020094c 8020094c        0     1                 .L0 
8020094c 8020094c        0     1                 .L0 
8020094c 8020094c        0     1                 .L0 
80200950 80200950        0     1                 .L0 
80200950 80200950        0     1                 .L0 
80200956 80200956        0     1                 .L0 
80200956 80200956        0     1                 .L0 
8020095a 8020095a        0     1                 .L0 
8020095a 8020095a        0     1                 .L0 
8020095a 8020095a        0     1                 .L0 
8020095c 8020095c        0     1                 .L0 
8020095c 8020095c        0     1                 .L0 
8020095c 8020095c        0     1                 .L0 
8020095c 8020095c        0     1                 .L0 
8020095c 8020095c        0     1                 .L0 
8020095c 8020095c       24     1                 strcpy
80200962 80200962        0     1                 .L0 
80200966 80200966        0     1                 .L0 
80200966 80200966        0     1                 .L0 
80200968 80200968        0     1                 .L0 
80200968 80200968        0     1                 .L0 
80200968 80200968        0     1                 .L0 
8020096c 8020096c        0     1                 .L0 
80200970 80200970        0     1                 .L0 
80200974 80200974        0     1                 .L0 
80200974 80200974        0     1                 .L0 
80200976 80200976        0     1                 .L0 
80200976 80200976        0     1                 .L0 
80200978 80200978        0     1                 .L0 
8020097a 8020097a        0     1                 .L0 
8020097a 8020097a        0     1                 .L0 
8020097a 8020097a        0     1                 .L0 
8020097e 8020097e        0     1                 .L0 
80200980 80200980        0     1                 .L0 
80200980 80200980        0     1                 .L0 
80200980 80200980        0     1                 .L0 
80200980 80200980        0     1                 .L0 
80200980 80200980        0     1                 .L0 
80200980 80200980       24     1                 strcmp
80200984 80200984        0     1                 .L0 
80200986 80200986        0     1                 .L0 
80200988 80200988        0     1                 .L0 
80200988 80200988        0     1                 .L0 
80200988 80200988        0     1                 .L0 
8020098c 8020098c        0     1                 .L0 
80200990 80200990        0     1                 .L0 
80200990 80200990        0     1                 .L0 
80200994 80200994        0     1                 .L0 
80200996 80200996        0     1                 .L0 
80200998 80200998        0     1                 .L0 
8020099a 8020099a        0     1                 .L0 
8020099a 8020099a        0     1                 .L0 
8020099e 8020099e        0     1                 .L0 
802009a2 802009a2        0     1                 .L0 
802009a4 802009a4        0     1                 .L0 
802009a4 802009a4        0     1                 .L0 
802009a4 802009a4      131     4 .rodata
802009a4 802009a4      131     1         <internal>:(.rodata.str1.1)
80200ad8 80200ad8    10284     4 .data
80200ad8 80200ad8        4     4         /tmp/kernel-ef2a79.o:(.data)
80200ad8 80200ad8        4     1                 alloc_pages.next_paddr
80200ad8 80200ad8        0     1                 $d
80200adc 80200adc    10280     1         shell.bin.o:(.data)
80200adc 80200adc        0     1                 _binary_shell_bin_start
80210d5c 80210d5c        0     1                 _binary_shell_bin_end
80210d5c 80210d5c    10088     4 .bss
80210d5c 80210d5c        0     1         __bss = .
80210d5c 80210d5c    10088     4         /tmp/kernel-ef2a79.o:(.bss)
80210d5c 80210d5c        0     1                 $d
80210d5c 80210d5c    10080     1                 procs
80220ddc 80220ddc        8     1                 .L_MergedGlobals
80220ddc 80220ddc        4     1                 idle_proc
80220de0 80220de0        4     1                 current_proc
80220de4 80220de4        0     1         __bss_end = .
80220de4 80220de4        0     1 . = ALIGN(4)
80220de4 80220de4    20000     1 . += 128 * 1024
80240de4 80240de4        0     1 __stack_top = .
80240de4 80240de4      21c     1 . = ALIGN(4096)
80241000 80241000        0     1 __free_ram = .
80241000 80241000  4000000     1 . += 64 * 1024 * 1024 
84241000 84241000        0     1 __free_ram_end = .
       0        0      719     1 .debug_loclists
       0        0      54b     1         /tmp/kernel-ef2a79.o:(.debug_loclists)
       0        0        0     1                 $d
       c        c        0     1                 .L0 
     54b      54b      1ce     1         /tmp/common-f8ca2a.o:(.debug_loclists)
     54b      54b        0     1                 $d
     557      557        0     1                 .L0 
       0        0      3f2     1 .debug_abbrev
       0        0      2c5     1         /tmp/kernel-ef2a79.o:(.debug_abbrev)
       0        0        0     1                 $d
     2c5      2c5      12d     1         /tmp/common-f8ca2a.o:(.debug_abbrev)
     2c5      2c5        0     1                 $d
       0        0      bd0     1 .debug_info
       0        0      992     1         /tmp/kernel-ef2a79.o:(.debug_info)
       0        0        0     1                 $d
     992      992      23e     1         /tmp/common-f8ca2a.o:(.debug_info)
     992      992        0     1                 $d
       0        0       a3     1 .debug_rnglists
       0        0       88     1         /tmp/kernel-ef2a79.o:(.debug_rnglists)
       0        0        0     1                 $d
       c        c        0     1                 .L0 
      88       88       1b     1         /tmp/common-f8ca2a.o:(.debug_rnglists)
      88       88        0     1                 $d
      94       94        0     1                 .L0 
       0        0      25c     1 .debug_str_offsets
       0        0      1c4     1         /tmp/kernel-ef2a79.o:(.debug_str_offsets)
       0        0        0     1                 $d
       8        8        0     1                 .L0 
     1c4      1c4       98     1         /tmp/common-f8ca2a.o:(.debug_str_offsets)
     1c4      1c4        0     1                 $d
     1cc      1cc        0     1                 .L0 
       0        0      340     1 .debug_str
       0        0      340     1         <internal>:(.debug_str)
       0        0      158     1 .debug_addr
       0        0       f8     1         /tmp/kernel-ef2a79.o:(.debug_addr)
       0        0        0     1                 $d
       8        8        0     1                 .L0 
      f8       f8       60     1         /tmp/common-f8ca2a.o:(.debug_addr)
      f8       f8        0     1                 $d
     100      100        0     1                 .L0 
       0        0       29     1 .comment
       0        0       29     1         <internal>:(.comment)
       0        0       47     1 .riscv.attributes
       0        0       47     1         <internal>:(.riscv.attributes)
       0        0      22c     4 .debug_frame
       0        0      194     4         /tmp/kernel-ef2a79.o:(.debug_frame)
       0        0        0     1                 .L0 
       0        0        0     1                 $d
     194      194       98     4         /tmp/common-f8ca2a.o:(.debug_frame)
     194      194        0     1                 .L0 
     194      194        0     1                 $d
       0        0      c45     1 .debug_line
       0        0      890     1         /tmp/kernel-ef2a79.o:(.debug_line)
       0        0        0     1                 .Lline_table_start0
       0        0        0     1                 $d
     890      890      3b5     1         /tmp/common-f8ca2a.o:(.debug_line)
     890      890        0     1                 .Lline_table_start0
     890      890        0     1                 $d
       0        0       3a     1 .debug_line_str
       0        0       3a     1         <internal>:(.debug_line_str)
       0        0      430     4 .symtab
       0        0      430     4         <internal>:(.symtab)
       0        0       dc     1 .shstrtab
       0        0       dc     1         <internal>:(.shstrtab)
       0        0      1ec     1 .strtab
       0        0      1ec     1         <internal>:(.strtab)
