     VMA      LMA     Size Align Out     In      Symbol
       0        0 80200000     1 . = 0x80200000
80200000        0        0     1 __kernel_base = .
80200000 80200000     14ce     4 .text
80200000 80200000        e     2         /tmp/kernel-01d9cd.o:(.text.boot)
80200000 80200000        0     1                 .L0 
80200000 80200000        0     1                 .L0 
80200000 80200000        0     1                 $x
80200000 80200000        0     1                 .L0 
80200000 80200000        e     1                 boot
8020000e 8020000e        0     1                 .L0 
8020000e 8020000e        0     1                 .L0 
80200010 80200010     1286     4         /tmp/kernel-01d9cd.o:(.text)
80200010 80200010        0     1                 .L0 
80200010 80200010        0     1                 .L0 
80200010 80200010        0     1                 $x
80200010 80200010        0     1                 .L0 
80200010 80200010       50     1                 alloc_pages
80200016 80200016        0     1                 .L0 
80200016 80200016        0     1                 .L0 
8020001e 8020001e        0     1                 .L0 
8020001e 8020001e        0     1                 .L0 
80200022 80200022        0     1                 .L0 
80200026 80200026        0     1                 .L0 
80200026 80200026        0     1                 .L0 
8020002e 8020002e        0     1                 .L0 
80200032 80200032        0     1                 .L0 
80200036 80200036        0     1                 .L0 
8020004c 8020004c        0     1                 .L0 
8020004c 8020004c        0     1                 .L0 
8020004e 8020004e        0     1                 .L0 
8020004e 8020004e        0     1                 .L0 
80200056 80200056        0     1                 .L0 
80200056 80200056        0     1                 .L0 
80200058 80200058        0     1                 .L0 
8020005c 8020005c        0     1                 .L0 
8020005c 8020005c        0     1                 .L0 
80200060 80200060        0     1                 .L0 
80200060 80200060        0     1                 .L0 
80200060 80200060        0     1                 .L0 
80200060 80200060        0     1                 .L0 
80200060 80200060        0     1                 .L0 
80200060 80200060        a     1                 virtio_reg_read32
80200066 80200066        0     1                 .L0 
80200066 80200066        0     1                 .L0 
80200068 80200068        0     1                 .L0 
8020006a 8020006a        0     1                 .L0 
8020006a 8020006a        0     1                 .L0 
8020006a 8020006a        0     1                 .L0 
8020006a 8020006a        c     1                 virtio_reg_read64
8020006e 8020006e        0     1                 .L0 
80200070 80200070        0     1                 .L0 
80200070 80200070        0     1                 .L0 
80200074 80200074        0     1                 .L0 
80200076 80200076        0     1                 .L0 
80200076 80200076        0     1                 .L0 
80200076 80200076        0     1                 .L0 
80200076 80200076        a     1                 virtio_reg_write32
8020007c 8020007c        0     1                 .L0 
8020007c 8020007c        0     1                 .L0 
8020007e 8020007e        0     1                 .L0 
80200080 80200080        0     1                 .L0 
80200080 80200080        0     1                 .L0 
80200080 80200080        0     1                 .L0 
80200080 80200080        e     1                 virtio_reg_fetch_and_or32
80200086 80200086        0     1                 .L0 
80200086 80200086        0     1                 .L0 
80200088 80200088        0     1                 .L0 
8020008a 8020008a        0     1                 .L0 
8020008a 8020008a        0     1                 .L0 
8020008c 8020008c        0     1                 .L0 
8020008e 8020008e        0     1                 .L0 
8020008e 8020008e        0     1                 .L0 
8020008e 8020008e        0     1                 .L0 
8020008e 8020008e       76     1                 virtq_init
80200096 80200096        0     1                 .L0 
80200098 80200098        0     1                 .L0 
80200098 80200098        0     1                 .L0 
802000a0 802000a0        0     1                 .L0 
802000a0 802000a0        0     1                 .L0 
802000a2 802000a2        0     1                 .L0 
802000a4 802000a4        0     1                 .L0 
802000ac 802000ac        0     1                 .L0 
802000b0 802000b0        0     1                 .L0 
802000b4 802000b4        0     1                 .L0 
802000ca 802000ca        0     1                 .L0 
802000ca 802000ca        0     1                 .L0 
802000cc 802000cc        0     1                 .L0 
802000cc 802000cc        0     1                 .L0 
802000d6 802000d6        0     1                 .L0 
802000d6 802000d6        0     1                 .L0 
802000d8 802000d8        0     1                 .L0 
802000de 802000de        0     1                 .L0 
802000e0 802000e0        0     1                 .L0 
802000e4 802000e4        0     1                 .L0 
802000ee 802000ee        0     1                 .L0 
802000ee 802000ee        0     1                 .L0 
802000f0 802000f0        0     1                 .L0 
802000f0 802000f0        0     1                 .L0 
802000f2 802000f2        0     1                 .L0 
802000f2 802000f2        0     1                 .L0 
802000f6 802000f6        0     1                 .L0 
802000f6 802000f6        0     1                 .L0 
802000f8 802000f8        0     1                 .L0 
802000fa 802000fa        0     1                 .L0 
802000fe 802000fe        0     1                 .L0 
80200100 80200100        0     1                 .L0 
80200100 80200100        0     1                 .L0 
80200104 80200104        0     1                 .L0 
80200104 80200104        0     1                 .L0 
80200104 80200104        0     1                 .L0 
80200104 80200104        0     1                 .L0 
80200104 80200104        0     1                 .L0 
80200104 80200104       36     1                 virtq_kick
8020010e 8020010e        0     1                 .L0 
80200110 80200110        0     1                 .L0 
80200114 80200114        0     1                 .L0 
80200116 80200116        0     1                 .L0 
80200118 80200118        0     1                 .L0 
8020011a 8020011a        0     1                 .L0 
8020011e 8020011e        0     1                 .L0 
80200122 80200122        0     1                 .L0 
80200126 80200126        0     1                 .L0 
80200128 80200128        0     1                 .L0 
80200128 80200128        0     1                 .L0 
8020012c 8020012c        0     1                 .L0 
8020012c 8020012c        0     1                 .L0 
8020012e 8020012e        0     1                 .L0 
80200138 80200138        0     1                 .L0 
8020013a 8020013a        0     1                 .L0 
8020013a 8020013a        0     1                 .L0 
8020013a 8020013a        0     1                 .L0 
8020013a 8020013a       1a     1                 virtq_is_busy
80200140 80200140        0     1                 .L0 
80200142 80200142        0     1                 .L0 
80200142 80200142        0     1                 .L0 
80200144 80200144        0     1                 .L0 
80200148 80200148        0     1                 .L0 
8020014c 8020014c        0     1                 .L0 
80200152 80200152        0     1                 .L0 
80200154 80200154        0     1                 .L0 
80200154 80200154        0     1                 .L0 
80200154 80200154        0     1                 .L0 
80200154 80200154      186     1                 read_write_disk
80200160 80200160        0     1                 .L0 
80200162 80200162        0     1                 .L0 
80200162 80200162        0     1                 .L0 
8020016e 8020016e        0     1                 .L0 
80200178 80200178        0     1                 .L0 
80200184 80200184        0     1                 .L0 
80200186 80200186        0     1                 .L0 
80200186 80200186        0     1                 .L0 
8020018e 8020018e        0     1                 .L0 
802001ac 802001ac        0     1                 .L0 
802001b0 802001b0        0     1                 .L0 
802001b0 802001b0        0     1                 .L0 
802001c0 802001c0        0     1                 .L0 
802001d0 802001d0        0     1                 .L0 
802001d2 802001d2        0     1                 .L0 
802001d4 802001d4        0     1                 .L0 
802001de 802001de        0     1                 .L0 
802001de 802001de        0     1                 .L0 
802001e2 802001e2        0     1                 .L0 
802001e2 802001e2        0     1                 .L0 
802001e2 802001e2        0     1                 .L0 
802001e6 802001e6        0     1                 .L0 
802001ea 802001ea        0     1                 .L0 
802001ee 802001ee        0     1                 .L0 
802001f4 802001f4        0     1                 .L0 
802001f6 802001f6        0     1                 .L0 
802001f6 802001f6        0     1                 .L0 
802001fa 802001fa        0     1                 .L0 
802001fa 802001fa        0     1                 .L0 
802001fa 802001fa        0     1                 .L0 
802001fa 802001fa        0     1                 .L0 
802001fa 802001fa        0     1                 .L0 
802001fc 802001fc        0     1                 .L0 
802001fc 802001fc        0     1                 .L0 
80200204 80200204        0     1                 .L0 
80200204 80200204        0     1                 .L0 
80200216 80200216        0     1                 .L0 
8020021c 8020021c        0     1                 .L0 
80200220 80200220        0     1                 .L0 
80200226 80200226        0     1                 .L0 
8020022a 8020022a        0     1                 .L0 
8020022c 8020022c        0     1                 .L0 
80200230 80200230        0     1                 .L0 
80200236 80200236        0     1                 .L0 
8020023a 8020023a        0     1                 .L0 
8020023e 8020023e        0     1                 .L0 
8020023e 8020023e        0     1                 .L0 
80200242 80200242        0     1                 .L0 
80200242 80200242        0     1                 .L0 
80200246 80200246        0     1                 .L0 
8020024a 8020024a        0     1                 .L0 
80200250 80200250        0     1                 .L0 
80200252 80200252        0     1                 .L0 
80200252 80200252        0     1                 .L0 
80200256 80200256        0     1                 .L0 
80200258 80200258        0     1                 .L0 
8020025a 8020025a        0     1                 .L0 
8020025a 8020025a        0     1                 .L0 
8020025c 8020025c        0     1                 .L0 
80200260 80200260        0     1                 .L0 
80200264 80200264        0     1                 .L0 
80200268 80200268        0     1                 .L0 
8020026e 8020026e        0     1                 .L0 
8020026e 8020026e        0     1                 .L0 
80200270 80200270        0     1                 .L0 
80200280 80200280        0     1                 .L0 
80200280 80200280        0     1                 .L0 
80200280 80200280        0     1                 .L0 
80200284 80200284        0     1                 .L0 
80200288 80200288        0     1                 .L0 
80200290 80200290        0     1                 .L0 
80200294 80200294        0     1                 .L0 
80200296 80200296        0     1                 .L0 
80200298 80200298        0     1                 .L0 
802002a0 802002a0        0     1                 .L0 
802002a4 802002a4        0     1                 .L0 
802002aa 802002aa        0     1                 .L0 
802002aa 802002aa        0     1                 .L0 
802002ac 802002ac        0     1                 .L0 
802002ac 802002ac        0     1                 .L0 
802002b0 802002b0        0     1                 .L0 
802002b0 802002b0        0     1                 .L0 
802002b0 802002b0        0     1                 .L0 
802002b0 802002b0        0     1                 .L0 
802002b0 802002b0        0     1                 .L0 
802002b2 802002b2        0     1                 .L0 
802002b6 802002b6        0     1                 .L0 
802002bc 802002bc        0     1                 .L0 
802002bc 802002bc        0     1                 .L0 
802002c0 802002c0        0     1                 .L0 
802002c0 802002c0        0     1                 .L0 
802002c0 802002c0        0     1                 .L0 
802002c4 802002c4        0     1                 .L0 
802002ca 802002ca        0     1                 .L0 
802002ce 802002ce        0     1                 .L0 
802002d4 802002d4        0     1                 .L0 
802002d6 802002d6        0     1                 .L0 
802002da 802002da        0     1                 .L0 
802002da 802002da        0     1                 .L0 
802002da 802002da        0     1                 .L0 
802002da 802002da        0     1                 .L0 
802002da 802002da        0     1                 .L0 
802002da 802002da      178     1                 virtio_blk_init
802002ea 802002ea        0     1                 .L0 
802002ee 802002ee        0     1                 .L0 
802002ee 802002ee        0     1                 .L0 
802002f8 802002f8        0     1                 .L0 
802002fc 802002fc        0     1                 .L0 
802002fc 802002fc        0     1                 .L0 
80200300 80200300        0     1                 .L0 
80200304 80200304        0     1                 .L0 
80200304 80200304        0     1                 .L0 
80200308 80200308        0     1                 .L0 
8020030c 8020030c        0     1                 .L0 
8020030c 8020030c        0     1                 .L0 
80200310 80200310        0     1                 .L0 
80200310 80200310        0     1                 .L0 
80200312 80200312        0     1                 .L0 
80200316 80200316        0     1                 .L0 
80200316 80200316        0     1                 .L0 
80200318 80200318        0     1                 .L0 
80200318 80200318        0     1                 .L0 
8020031a 8020031a        0     1                 .L0 
8020031e 8020031e        0     1                 .L0 
8020031e 8020031e        0     1                 .L0 
80200320 80200320        0     1                 .L0 
80200320 80200320        0     1                 .L0 
80200322 80200322        0     1                 .L0 
80200322 80200322        0     1                 .L0 
80200326 80200326        0     1                 .L0 
80200326 80200326        0     1                 .L0 
8020032a 8020032a        0     1                 .L0 
8020032a 8020032a        0     1                 .L0 
8020032c 8020032c        0     1                 .L0 
8020032c 8020032c        0     1                 .L0 
80200330 80200330        0     1                 .L0 
80200330 80200330        0     1                 .L0 
80200332 80200332        0     1                 .L0 
80200334 80200334        0     1                 .L0 
8020033c 8020033c        0     1                 .L0 
80200340 80200340        0     1                 .L0 
80200344 80200344        0     1                 .L0 
8020035a 8020035a        0     1                 .L0 
8020035a 8020035a        0     1                 .L0 
8020035c 8020035c        0     1                 .L0 
8020035c 8020035c        0     1                 .L0 
8020035c 8020035c        0     1                 .L0 
80200374 80200374        0     1                 .L0 
80200374 80200374        0     1                 .L0 
80200376 80200376        0     1                 .L0 
80200376 80200376        0     1                 .L0 
8020038e 8020038e        0     1                 .L0 
8020038e 8020038e        0     1                 .L0 
80200390 80200390        0     1                 .L0 
80200390 80200390        0     1                 .L0 
802003a8 802003a8        0     1                 .L0 
802003a8 802003a8        0     1                 .L0 
802003aa 802003aa        0     1                 .L0 
802003aa 802003aa        0     1                 .L0 
802003aa 802003aa        0     1                 .L0 
802003b4 802003b4        0     1                 .L0 
802003b4 802003b4        0     1                 .L0 
802003b6 802003b6        0     1                 .L0 
802003b6 802003b6        0     1                 .L0 
802003b8 802003b8        0     1                 .L0 
802003c0 802003c0        0     1                 .L0 
802003c2 802003c2        0     1                 .L0 
802003c6 802003c6        0     1                 .L0 
802003ca 802003ca        0     1                 .L0 
802003ca 802003ca        0     1                 .L0 
802003d0 802003d0        0     1                 .L0 
802003d0 802003d0        0     1                 .L0 
802003d4 802003d4        0     1                 .L0 
802003d4 802003d4        0     1                 .L0 
802003d6 802003d6        0     1                 .L0 
802003d6 802003d6        0     1                 .L0 
802003da 802003da        0     1                 .L0 
802003da 802003da        0     1                 .L0 
802003dc 802003dc        0     1                 .L0 
802003dc 802003dc        0     1                 .L0 
802003e0 802003e0        0     1                 .L0 
802003e0 802003e0        0     1                 .L0 
802003e2 802003e2        0     1                 .L0 
802003e2 802003e2        0     1                 .L0 
802003ea 802003ea        0     1                 .L0 
802003ee 802003ee        0     1                 .L0 
802003fa 802003fa        0     1                 .L0 
802003fe 802003fe        0     1                 .L0 
8020040a 8020040a        0     1                 .L0 
8020040a 8020040a        0     1                 .L0 
8020040e 8020040e        0     1                 .L0 
8020040e 8020040e        0     1                 .L0 
80200414 80200414        0     1                 .L0 
80200418 80200418        0     1                 .L0 
80200418 80200418        0     1                 .L0 
8020042e 8020042e        0     1                 .L0 
8020042e 8020042e        0     1                 .L0 
80200430 80200430        0     1                 .L0 
80200430 80200430        0     1                 .L0 
8020043a 8020043a        0     1                 .L0 
8020043a 8020043a        0     1                 .L0 
8020043c 8020043c        0     1                 .L0 
80200440 80200440        0     1                 .L0 
80200444 80200444        0     1                 .L0 
8020044e 8020044e        0     1                 .L0 
80200452 80200452        0     1                 .L0 
80200452 80200452        0     1                 .L0 
80200452 80200452        0     1                 .L0 
80200452 80200452        0     1                 .L0 
80200452 80200452        0     1                 .L0 
80200452 80200452       de     1                 map_page
80200460 80200460        0     1                 .L0 
80200462 80200462        0     1                 .L0 
80200462 80200462        0     1                 .L0 
80200466 80200466        0     1                 .L0 
8020046a 8020046a        0     1                 .L0 
8020047a 8020047a        0     1                 .L0 
8020047c 8020047c        0     1                 .L0 
80200480 80200480        0     1                 .L0 
80200480 80200480        0     1                 .L0 
80200482 80200482        0     1                 .L0 
80200482 80200482        0     1                 .L0 
80200482 80200482        0     1                 .L0 
80200486 80200486        0     1                 .L0 
80200488 80200488        0     1                 .L0 
8020048a 8020048a        0     1                 .L0 
8020048e 8020048e        0     1                 .L0 
8020049c 8020049c        0     1                 .L0 
802004a0 802004a0        0     1                 .L0 
802004a4 802004a4        0     1                 .L0 
802004a4 802004a4        0     1                 .L0 
802004a6 802004a6        0     1                 .L0 
802004a6 802004a6        0     1                 .L0 
802004a6 802004a6        0     1                 .L0 
802004b2 802004b2        0     1                 .L0 
802004b2 802004b2        0     1                 .L0 
802004b8 802004b8        0     1                 .L0 
802004b8 802004b8        0     1                 .L0 
802004c0 802004c0        0     1                 .L0 
802004c0 802004c0        0     1                 .L0 
802004c2 802004c2        0     1                 .L0 
802004c4 802004c4        0     1                 .L0 
802004cc 802004cc        0     1                 .L0 
802004d0 802004d0        0     1                 .L0 
802004d4 802004d4        0     1                 .L0 
802004e6 802004e6        0     1                 .L0 
802004ea 802004ea        0     1                 .L0 
802004ea 802004ea        0     1                 .L0 
802004ec 802004ec        0     1                 .L0 
802004ec 802004ec        0     1                 .L0 
802004ec 802004ec        0     1                 .L0 
802004ee 802004ee        0     1                 .L0 
802004ee 802004ee        0     1                 .L0 
802004f6 802004f6        0     1                 .L0 
802004fa 802004fa        0     1                 .L0 
802004fa 802004fa        0     1                 .L0 
802004fe 802004fe        0     1                 .L0 
802004fe 802004fe        0     1                 .L0 
80200504 80200504        0     1                 .L0 
80200506 80200506        0     1                 .L0 
80200508 80200508        0     1                 .L0 
80200508 80200508        0     1                 .L0 
80200508 80200508        0     1                 .L0 
8020050a 8020050a        0     1                 .L0 
8020050c 8020050c        0     1                 .L0 
8020050e 8020050e        0     1                 .L0 
8020050e 8020050e        0     1                 .L0 
80200512 80200512        0     1                 .L0 
80200514 80200514        0     1                 .L0 
80200514 80200514        0     1                 .L0 
80200516 80200516        0     1                 .L0 
8020051a 8020051a        0     1                 .L0 
8020051e 8020051e        0     1                 .L0 
8020051e 8020051e        0     1                 .L0 
80200520 80200520        0     1                 .L0 
8020052c 8020052c        0     1                 .L0 
80200530 80200530        0     1                 .L0 
80200530 80200530        0     1                 .L0 
80200530 80200530        0     1                 .L0 
80200530 80200530        0     1                 .L0 
80200530 80200530        0     1                 .L0 
80200530 80200530       26     1                 oct2int
80200532 80200532        0     1                 .L0 
80200532 80200532        0     1                 .L0 
80200536 80200536        0     1                 .L0 
80200538 80200538        0     1                 .L0 
80200538 80200538        0     1                 .L0 
80200538 80200538        0     1                 .L0 
8020053c 8020053c        0     1                 .L0 
80200544 80200544        0     1                 .L0 
80200546 80200546        0     1                 .L0 
80200546 80200546        0     1                 .L0 
80200548 80200548        0     1                 .L0 
8020054a 8020054a        0     1                 .L0 
8020054e 8020054e        0     1                 .L0 
8020054e 8020054e        0     1                 .L0 
80200550 80200550        0     1                 .L0 
80200552 80200552        0     1                 .L0 
80200552 80200552        0     1                 .L0 
80200552 80200552        0     1                 .L0 
80200556 80200556        0     1                 .L0 
80200556 80200556        0     1                 .L0 
80200556 80200556        0     1                 .L0 
80200556 80200556        0     1                 .L0 
80200556 80200556        0     1                 .L0 
80200556 80200556      20c     1                 fs_init
80200572 80200572        0     1                 .L0 
80200572 80200572        0     1                 .L0 
80200572 80200572        0     1                 .L0 
80200582 80200582        0     1                 .L0 
8020058e 8020058e        0     1                 .L0 
80200598 80200598        0     1                 .L0 
802005a2 802005a2        0     1                 .L0 
802005ae 802005ae        0     1                 .L0 
802005ae 802005ae        0     1                 .L0 
802005ce 802005ce        0     1                 .L0 
802005ce 802005ce        0     1                 .L0 
802005d0 802005d0        0     1                 .L0 
802005d0 802005d0        0     1                 .L0 
802005d0 802005d0        0     1                 .L0 
802005da 802005da        0     1                 .L0 
802005de 802005de        0     1                 .L0 
802005de 802005de        0     1                 .L0 
802005e2 802005e2        0     1                 .L0 
802005e6 802005e6        0     1                 .L0 
802005ee 802005ee        0     1                 .L0 
802005ee 802005ee        0     1                 .L0 
802005f2 802005f2        0     1                 .L0 
802005f6 802005f6        0     1                 .L0 
802005fc 802005fc        0     1                 .L0 
802005fc 802005fc        0     1                 .L0 
80200600 80200600        0     1                 .L0 
8020060a 8020060a        0     1                 .L0 
8020060a 8020060a        0     1                 .L0 
8020060e 8020060e        0     1                 .L0 
80200612 80200612        0     1                 .L0 
80200612 80200612        0     1                 .L0 
80200616 80200616        0     1                 .L0 
80200616 80200616        0     1                 .L0 
80200618 80200618        0     1                 .L0 
80200618 80200618        0     1                 .L0 
8020061a 8020061a        0     1                 .L0 
8020061a 8020061a        0     1                 .L0 
8020061e 8020061e        0     1                 .L0 
8020061e 8020061e        0     1                 .L0 
8020061e 8020061e        0     1                 .L0 
80200622 80200622        0     1                 .L0 
80200622 80200622        0     1                 .L0 
80200626 80200626        0     1                 .L0 
8020062a 8020062a        0     1                 .L0 
8020062e 8020062e        0     1                 .L0 
80200636 80200636        0     1                 .L0 
80200636 80200636        0     1                 .L0 
8020063a 8020063a        0     1                 .L0 
8020063a 8020063a        0     1                 .L0 
8020063e 8020063e        0     1                 .L0 
80200646 80200646        0     1                 .L0 
8020064a 8020064a        0     1                 .L0 
8020064e 8020064e        0     1                 .L0 
80200652 80200652        0     1                 .L0 
80200652 80200652        0     1                 .L0 
80200656 80200656        0     1                 .L0 
8020065a 8020065a        0     1                 .L0 
8020065c 8020065c        0     1                 .L0 
8020065c 8020065c        0     1                 .L0 
8020065e 8020065e        0     1                 .L0 
80200662 80200662        0     1                 .L0 
80200666 80200666        0     1                 .L0 
80200666 80200666        0     1                 .L0 
8020066a 8020066a        0     1                 .L0 
8020066e 8020066e        0     1                 .L0 
80200670 80200670        0     1                 .L0 
80200670 80200670        0     1                 .L0 
80200672 80200672        0     1                 .L0 
80200676 80200676        0     1                 .L0 
8020067a 8020067a        0     1                 .L0 
8020067a 8020067a        0     1                 .L0 
8020067e 8020067e        0     1                 .L0 
80200682 80200682        0     1                 .L0 
80200684 80200684        0     1                 .L0 
80200684 80200684        0     1                 .L0 
80200686 80200686        0     1                 .L0 
8020068a 8020068a        0     1                 .L0 
8020068e 8020068e        0     1                 .L0 
8020068e 8020068e        0     1                 .L0 
80200692 80200692        0     1                 .L0 
80200696 80200696        0     1                 .L0 
80200698 80200698        0     1                 .L0 
80200698 80200698        0     1                 .L0 
8020069a 8020069a        0     1                 .L0 
8020069e 8020069e        0     1                 .L0 
802006a2 802006a2        0     1                 .L0 
802006a2 802006a2        0     1                 .L0 
802006a6 802006a6        0     1                 .L0 
802006aa 802006aa        0     1                 .L0 
802006ac 802006ac        0     1                 .L0 
802006ac 802006ac        0     1                 .L0 
802006ae 802006ae        0     1                 .L0 
802006b2 802006b2        0     1                 .L0 
802006b6 802006b6        0     1                 .L0 
802006b6 802006b6        0     1                 .L0 
802006ba 802006ba        0     1                 .L0 
802006be 802006be        0     1                 .L0 
802006c0 802006c0        0     1                 .L0 
802006c0 802006c0        0     1                 .L0 
802006c2 802006c2        0     1                 .L0 
802006c6 802006c6        0     1                 .L0 
802006ca 802006ca        0     1                 .L0 
802006ca 802006ca        0     1                 .L0 
802006ce 802006ce        0     1                 .L0 
802006d2 802006d2        0     1                 .L0 
802006d4 802006d4        0     1                 .L0 
802006d4 802006d4        0     1                 .L0 
802006d6 802006d6        0     1                 .L0 
802006da 802006da        0     1                 .L0 
802006de 802006de        0     1                 .L0 
802006de 802006de        0     1                 .L0 
802006e2 802006e2        0     1                 .L0 
802006e6 802006e6        0     1                 .L0 
802006e8 802006e8        0     1                 .L0 
802006e8 802006e8        0     1                 .L0 
802006ea 802006ea        0     1                 .L0 
802006ee 802006ee        0     1                 .L0 
802006f2 802006f2        0     1                 .L0 
802006f2 802006f2        0     1                 .L0 
802006f6 802006f6        0     1                 .L0 
802006fa 802006fa        0     1                 .L0 
802006fc 802006fc        0     1                 .L0 
802006fc 802006fc        0     1                 .L0 
802006fe 802006fe        0     1                 .L0 
80200702 80200702        0     1                 .L0 
80200706 80200706        0     1                 .L0 
80200706 80200706        0     1                 .L0 
8020070a 8020070a        0     1                 .L0 
8020070e 8020070e        0     1                 .L0 
80200710 80200710        0     1                 .L0 
80200710 80200710        0     1                 .L0 
80200712 80200712        0     1                 .L0 
80200716 80200716        0     1                 .L0 
8020071a 8020071a        0     1                 .L0 
8020071a 8020071a        0     1                 .L0 
8020071e 8020071e        0     1                 .L0 
80200720 80200720        0     1                 .L0 
80200720 80200720        0     1                 .L0 
80200722 80200722        0     1                 .L0 
80200726 80200726        0     1                 .L0 
80200726 80200726        0     1                 .L0 
80200728 80200728        0     1                 .L0 
80200728 80200728        0     1                 .L0 
80200728 80200728        0     1                 .L0 
8020073a 8020073a        0     1                 .L0 
80200742 80200742        0     1                 .L0 
80200746 80200746        0     1                 .L0 
80200746 80200746        0     1                 .L0 
80200746 80200746        0     1                 .L0 
80200760 80200760        0     1                 .L0 
80200760 80200760        0     1                 .L0 
80200762 80200762        0     1                 .L0 
80200762 80200762        0     1                 .L0 
80200762 80200762        0     1                 .L0 
80200762 80200762        0     1                 .L0 
80200762 80200762        0     1                 .L0 
80200762 80200762        0     1                 .L0 
80200762 80200762      2f4     1                 fs_flush
8020077e 8020077e        0     1                 .L0 
8020077e 8020077e        0     1                 .L0 
80200792 80200792        0     1                 .L0 
80200792 80200792        0     1                 .L0 
80200798 80200798        0     1                 .L0 
802007b2 802007b2        0     1                 .L0 
802007b2 802007b2        0     1                 .L0 
802007b2 802007b2        0     1                 .L0 
802007b8 802007b8        0     1                 .L0 
802007b8 802007b8        0     1                 .L0 
802007ba 802007ba        0     1                 .L0 
802007be 802007be        0     1                 .L0 
802007be 802007be        0     1                 .L0 
802007be 802007be        0     1                 .L0 
802007c6 802007c6        0     1                 .L0 
802007c6 802007c6        0     1                 .L0 
802007ca 802007ca        0     1                 .L0 
802007ca 802007ca        0     1                 .L0 
802007cc 802007cc        0     1                 .L0 
802007d0 802007d0        0     1                 .L0 
802007d0 802007d0        0     1                 .L0 
802007dc 802007dc        0     1                 .L0 
802007dc 802007dc        0     1                 .L0 
802007e0 802007e0        0     1                 .L0 
802007e6 802007e6        0     1                 .L0 
802007e6 802007e6        0     1                 .L0 
802007ea 802007ea        0     1                 .L0 
802007f6 802007f6        0     1                 .L0 
802007f6 802007f6        0     1                 .L0 
802007fa 802007fa        0     1                 .L0 
80200806 80200806        0     1                 .L0 
80200806 80200806        0     1                 .L0 
8020080a 8020080a        0     1                 .L0 
80200810 80200810        0     1                 .L0 
80200810 80200810        0     1                 .L0 
80200814 80200814        0     1                 .L0 
80200814 80200814        0     1                 .L0 
8020085c 8020085c        0     1                 .L0 
80200860 80200860        0     1                 .L0 
80200864 80200864        0     1                 .L0 
80200868 80200868        0     1                 .L0 
8020086c 8020086c        0     1                 .L0 
80200870 80200870        0     1                 .L0 
80200874 80200874        0     1                 .L0 
80200874 80200874        0     1                 .L0 
802008ba 802008ba        0     1                 .L0 
802008be 802008be        0     1                 .L0 
802008be 802008be        0     1                 .L0 
802008c2 802008c2        0     1                 .L0 
802008c6 802008c6        0     1                 .L0 
802008c6 802008c6        0     1                 .L0 
8020090a 8020090a        0     1                 .L0 
8020091a 8020091a        0     1                 .L0 
8020091a 8020091a        0     1                 .L0 
8020092a 8020092a        0     1                 .L0 
8020092a 8020092a        0     1                 .L0 
8020092e 8020092e        0     1                 .L0 
8020092e 8020092e        0     1                 .L0 
8020093e 8020093e        0     1                 .L0 
8020094e 8020094e        0     1                 .L0 
8020094e 8020094e        0     1                 .L0 
80200952 80200952        0     1                 .L0 
80200952 80200952        0     1                 .L0 
8020095a 8020095a        0     1                 .L0 
8020095a 8020095a        0     1                 .L0 
8020095e 8020095e        0     1                 .L0 
80200966 80200966        0     1                 .L0 
8020096a 8020096a        0     1                 .L0 
8020096e 8020096e        0     1                 .L0 
8020097c 8020097c        0     1                 .L0 
8020097c 8020097c        0     1                 .L0 
8020097c 8020097c        0     1                 .L0 
80200980 80200980        0     1                 .L0 
80200982 80200982        0     1                 .L0 
80200984 80200984        0     1                 .L0 
80200988 80200988        0     1                 .L0 
80200988 80200988        0     1                 .L0 
802009a2 802009a2        0     1                 .L0 
802009a6 802009a6        0     1                 .L0 
802009aa 802009aa        0     1                 .L0 
802009aa 802009aa        0     1                 .L0 
802009b0 802009b0        0     1                 .L0 
802009c8 802009c8        0     1                 .L0 
802009cc 802009cc        0     1                 .L0 
802009d0 802009d0        0     1                 .L0 
802009d4 802009d4        0     1                 .L0 
802009d8 802009d8        0     1                 .L0 
802009d8 802009d8        0     1                 .L0 
802009dc 802009dc        0     1                 .L0 
802009e0 802009e0        0     1                 .L0 
802009e0 802009e0        0     1                 .L0 
802009ec 802009ec        0     1                 .L0 
802009ee 802009ee        0     1                 .L0 
802009f0 802009f0        0     1                 .L0 
802009f0 802009f0        0     1                 .L0 
802009f0 802009f0        0     1                 .L0 
802009f8 802009f8        0     1                 .L0 
80200a04 80200a04        0     1                 .L0 
80200a10 80200a10        0     1                 .L0 
80200a1c 80200a1c        0     1                 .L0 
80200a2a 80200a2a        0     1                 .L0 
80200a2a 80200a2a        0     1                 .L0 
80200a36 80200a36        0     1                 .L0 
80200a4a 80200a4a        0     1                 .L0 
80200a50 80200a50        0     1                 .L0 
80200a52 80200a52        0     1                 .L0 
80200a56 80200a56        0     1                 .L0 
80200a56 80200a56        0     1                 .L0 
80200a56 80200a56        0     1                 .L0 
80200a56 80200a56        0     1                 .L0 
80200a56 80200a56        0     1                 .L0 
80200a56 80200a56        6     1                 sbi_call
80200a5a 80200a5a        0     1                 .L0 
80200a5a 80200a5a        0     1                 .L0 
80200a5c 80200a5c        0     1                 .L0 
80200a5c 80200a5c        0     1                 .L0 
80200a5c 80200a5c        0     1                 .L0 
80200a5c 80200a5c       14     1                 putchar
80200a6e 80200a6e        0     1                 .L0 
80200a6e 80200a6e        0     1                 .L0 
80200a70 80200a70        0     1                 .L0 
80200a70 80200a70        0     1                 .L0 
80200a70 80200a70        0     1                 .L0 
80200a70 80200a70       16     1                 getchar
80200a84 80200a84        0     1                 .L0 
80200a84 80200a84        0     1                 .L0 
80200a86 80200a86        0     1                 .L0 
80200a88 80200a88        0     1                 .L0 
80200a88 80200a88        0     1                 .L0 
80200a88 80200a88        0     1                 .L0 
80200a88 80200a88       96     1                 kernel_entry
80200b1e 80200b1e        0     1                 .L0 
80200b1e 80200b1e        0     1                 .L0 
80200b1e 80200b1e        0     1                 .L0 
80200b1e 80200b1e        0     1                 .L0 
80200b1e 80200b1e        0     1                 .L0 
80200b1e 80200b1e       18     1                 user_entry
80200b2a 80200b2a        0     1                 .L0 
80200b36 80200b36        0     1                 .L0 
80200b36 80200b36        0     1                 .L0 
80200b36 80200b36        0     1                 .L0 
80200b36 80200b36       46     1                 switch_context
80200b7c 80200b7c        0     1                 .L0 
80200b7c 80200b7c        0     1                 .L0 
80200b7c 80200b7c        0     1                 .L0 
80200b7c 80200b7c      26e     1                 create_process
80200b98 80200b98        0     1                 .L0 
80200b9a 80200b9a        0     1                 .L0 
80200b9a 80200b9a        0     1                 .L0 
80200ba8 80200ba8        0     1                 .L0 
80200ba8 80200ba8        0     1                 .L0 
80200baa 80200baa        0     1                 .L0 
80200baa 80200baa        0     1                 .L0 
80200bb2 80200bb2        0     1                 .L0 
80200bb4 80200bb4        0     1                 .L0 
80200bb4 80200bb4        0     1                 .L0 
80200bbc 80200bbc        0     1                 .L0 
80200bbe 80200bbe        0     1                 .L0 
80200bbe 80200bbe        0     1                 .L0 
80200bc6 80200bc6        0     1                 .L0 
80200bc8 80200bc8        0     1                 .L0 
80200bc8 80200bc8        0     1                 .L0 
80200bd0 80200bd0        0     1                 .L0 
80200bd2 80200bd2        0     1                 .L0 
80200bd2 80200bd2        0     1                 .L0 
80200bda 80200bda        0     1                 .L0 
80200bdc 80200bdc        0     1                 .L0 
80200bdc 80200bdc        0     1                 .L0 
80200be4 80200be4        0     1                 .L0 
80200be6 80200be6        0     1                 .L0 
80200be6 80200be6        0     1                 .L0 
80200bee 80200bee        0     1                 .L0 
80200bf0 80200bf0        0     1                 .L0 
80200bf0 80200bf0        0     1                 .L0 
80200c06 80200c06        0     1                 .L0 
80200c06 80200c06        0     1                 .L0 
80200c08 80200c08        0     1                 .L0 
80200c08 80200c08        0     1                 .L0 
80200c08 80200c08        0     1                 .L0 
80200c0c 80200c0c        0     1                 .L0 
80200c0c 80200c0c        0     1                 .L0 
80200c12 80200c12        0     1                 .L0 
80200c14 80200c14        0     1                 .L0 
80200c14 80200c14        0     1                 .L0 
80200c14 80200c14        0     1                 .L0 
80200c1c 80200c1c        0     1                 .L0 
80200c1e 80200c1e        0     1                 .L0 
80200c1e 80200c1e        0     1                 .L0 
80200c1e 80200c1e        0     1                 .L0 
80200c26 80200c26        0     1                 .L0 
80200c28 80200c28        0     1                 .L0 
80200c28 80200c28        0     1                 .L0 
80200c28 80200c28        0     1                 .L0 
80200c30 80200c30        0     1                 .L0 
80200c32 80200c32        0     1                 .L0 
80200c32 80200c32        0     1                 .L0 
80200c32 80200c32        0     1                 .L0 
80200c3a 80200c3a        0     1                 .L0 
80200c3c 80200c3c        0     1                 .L0 
80200c3c 80200c3c        0     1                 .L0 
80200c3c 80200c3c        0     1                 .L0 
80200c44 80200c44        0     1                 .L0 
80200c46 80200c46        0     1                 .L0 
80200c46 80200c46        0     1                 .L0 
80200c46 80200c46        0     1                 .L0 
80200c4e 80200c4e        0     1                 .L0 
80200c4e 80200c4e        0     1                 .L0 
80200c4e 80200c4e        0     1                 .L0 
80200c56 80200c56        0     1                 .L0 
80200c56 80200c56        0     1                 .L0 
80200c58 80200c58        0     1                 .L0 
80200c58 80200c58        0     1                 .L0 
80200c62 80200c62        0     1                 .L0 
80200c62 80200c62        0     1                 .L0 
80200c68 80200c68        0     1                 .L0 
80200c74 80200c74        0     1                 .L0 
80200c74 80200c74        0     1                 .L0 
80200c76 80200c76        0     1                 .L0 
80200c76 80200c76        0     1                 .L0 
80200c7a 80200c7a        0     1                 .L0 
80200c7a 80200c7a        0     1                 .L0 
80200c7e 80200c7e        0     1                 .L0 
80200c7e 80200c7e        0     1                 .L0 
80200c82 80200c82        0     1                 .L0 
80200c82 80200c82        0     1                 .L0 
80200c86 80200c86        0     1                 .L0 
80200c86 80200c86        0     1                 .L0 
80200c8a 80200c8a        0     1                 .L0 
80200c8a 80200c8a        0     1                 .L0 
80200c8e 80200c8e        0     1                 .L0 
80200c8e 80200c8e        0     1                 .L0 
80200c92 80200c92        0     1                 .L0 
80200c92 80200c92        0     1                 .L0 
80200c96 80200c96        0     1                 .L0 
80200c96 80200c96        0     1                 .L0 
80200c9a 80200c9a        0     1                 .L0 
80200c9a 80200c9a        0     1                 .L0 
80200c9e 80200c9e        0     1                 .L0 
80200ca2 80200ca2        0     1                 .L0 
80200ca2 80200ca2        0     1                 .L0 
80200ca6 80200ca6        0     1                 .L0 
80200ca6 80200ca6        0     1                 .L0 
80200caa 80200caa        0     1                 .L0 
80200caa 80200caa        0     1                 .L0 
80200cae 80200cae        0     1                 .L0 
80200cae 80200cae        0     1                 .L0 
80200cc2 80200cc2        0     1                 .L0 
80200cc2 80200cc2        0     1                 .L0 
80200cc4 80200cc4        0     1                 .L0 
80200cc4 80200cc4        0     1                 .L0 
80200cc6 80200cc6        0     1                 .L0 
80200cd0 80200cd0        0     1                 .L0 
80200cd0 80200cd0        0     1                 .L0 
80200cd8 80200cd8        0     1                 .L0 
80200cd8 80200cd8        0     1                 .L0 
80200cdc 80200cdc        0     1                 .L0 
80200cdc 80200cdc        0     1                 .L0 
80200cdc 80200cdc        0     1                 .L0 
80200ce8 80200ce8        0     1                 .L0 
80200ce8 80200ce8        0     1                 .L0 
80200cea 80200cea        0     1                 .L0 
80200cee 80200cee        0     1                 .L0 
80200cee 80200cee        0     1                 .L0 
80200cee 80200cee        0     1                 .L0 
80200cf2 80200cf2        0     1                 .L0 
80200cf8 80200cf8        0     1                 .L0 
80200cf8 80200cf8        0     1                 .L0 
80200d00 80200d00        0     1                 .L0 
80200d00 80200d00        0     1                 .L0 
80200d02 80200d02        0     1                 .L0 
80200d08 80200d08        0     1                 .L0 
80200d0c 80200d0c        0     1                 .L0 
80200d20 80200d20        0     1                 .L0 
80200d20 80200d20        0     1                 .L0 
80200d22 80200d22        0     1                 .L0 
80200d22 80200d22        0     1                 .L0 
80200d2a 80200d2a        0     1                 .L0 
80200d2a 80200d2a        0     1                 .L0 
80200d2c 80200d2c        0     1                 .L0 
80200d30 80200d30        0     1                 .L0 
80200d32 80200d32        0     1                 .L0 
80200d36 80200d36        0     1                 .L0 
80200d36 80200d36        0     1                 .L0 
80200d36 80200d36        0     1                 .L0 
80200d3e 80200d3e        0     1                 .L0 
80200d3e 80200d3e        0     1                 .L0 
80200d42 80200d42        0     1                 .L0 
80200d44 80200d44        0     1                 .L0 
80200d44 80200d44        0     1                 .L0 
80200d48 80200d48        0     1                 .L0 
80200d48 80200d48        0     1                 .L0 
80200d5a 80200d5a        0     1                 .L0 
80200d5a 80200d5a        0     1                 .L0 
80200d5c 80200d5c        0     1                 .L0 
80200d5c 80200d5c        0     1                 .L0 
80200d5e 80200d5e        0     1                 .L0 
80200d62 80200d62        0     1                 .L0 
80200d62 80200d62        0     1                 .L0 
80200d66 80200d66        0     1                 .L0 
80200d70 80200d70        0     1                 .L0 
80200d70 80200d70        0     1                 .L0 
80200d72 80200d72        0     1                 .L0 
80200d72 80200d72        0     1                 .L0 
80200d7a 80200d7a        0     1                 .L0 
80200d7e 80200d7e        0     1                 .L0 
80200d7e 80200d7e        0     1                 .L0 
80200d7e 80200d7e        0     1                 .L0 
80200d82 80200d82        0     1                 .L0 
80200d82 80200d82        0     1                 .L0 
80200d8a 80200d8a        0     1                 .L0 
80200d8e 80200d8e        0     1                 .L0 
80200d96 80200d96        0     1                 .L0 
80200d96 80200d96        0     1                 .L0 
80200d98 80200d98        0     1                 .L0 
80200d98 80200d98        0     1                 .L0 
80200d9c 80200d9c        0     1                 .L0 
80200d9c 80200d9c        0     1                 .L0 
80200da0 80200da0        0     1                 .L0 
80200da4 80200da4        0     1                 .L0 
80200da8 80200da8        0     1                 .L0 
80200dac 80200dac        0     1                 .L0 
80200db0 80200db0        0     1                 .L0 
80200db4 80200db4        0     1                 .L0 
80200db6 80200db6        0     1                 .L0 
80200dc2 80200dc2        0     1                 .L0 
80200dc4 80200dc4        0     1                 .L0 
80200dc6 80200dc6        0     1                 .L0 
80200dca 80200dca        0     1                 .L0 
80200dd0 80200dd0        0     1                 .L0 
80200dd4 80200dd4        0     1                 .L0 
80200dd4 80200dd4        0     1                 .L0 
80200dd4 80200dd4        0     1                 .L0 
80200de8 80200de8        0     1                 .L0 
80200de8 80200de8        0     1                 .L0 
80200dea 80200dea        0     1                 .L0 
80200dea 80200dea        0     1                 .L0 
80200dea 80200dea        0     1                 .L0 
80200dea 80200dea        0     1                 .L0 
80200dea 80200dea        0     1                 .L0 
80200dea 80200dea        0     1                 .L0 
80200dea 80200dea      194     1                 yield
80200df8 80200df8        0     1                 .L0 
80200df8 80200df8        0     1                 .L0 
80200e06 80200e06        0     1                 .L0 
80200e1a 80200e1a        0     1                 .L0 
80200e1a 80200e1a        0     1                 .L0 
80200e1c 80200e1c        0     1                 .L0 
80200e1c 80200e1c        0     1                 .L0 
80200e20 80200e20        0     1                 .L0 
80200e20 80200e20        0     1                 .L0 
80200e22 80200e22        0     1                 .L0 
80200e22 80200e22        0     1                 .L0 
80200e26 80200e26        0     1                 .L0 
80200e28 80200e28        0     1                 .L0 
80200e2c 80200e2c        0     1                 .L0 
80200e2c 80200e2c        0     1                 .L0 
80200e2c 80200e2c        0     1                 .L0 
80200e30 80200e30        0     1                 .L0 
80200e34 80200e34        0     1                 .L0 
80200e3c 80200e3c        0     1                 .L0 
80200e48 80200e48        0     1                 .L0 
80200e48 80200e48        0     1                 .L0 
80200e4a 80200e4a        0     1                 .L0 
80200e4e 80200e4e        0     1                 .L0 
80200e50 80200e50        0     1                 .L0 
80200e54 80200e54        0     1                 .L0 
80200e54 80200e54        0     1                 .L0 
80200e54 80200e54        0     1                 .L0 
80200e58 80200e58        0     1                 .L0 
80200e64 80200e64        0     1                 .L0 
80200e70 80200e70        0     1                 .L0 
80200e74 80200e74        0     1                 .L0 
80200e78 80200e78        0     1                 .L0 
80200e7a 80200e7a        0     1                 .L0 
80200e7e 80200e7e        0     1                 .L0 
80200e7e 80200e7e        0     1                 .L0 
80200e7e 80200e7e        0     1                 .L0 
80200e82 80200e82        0     1                 .L0 
80200e86 80200e86        0     1                 .L0 
80200e8e 80200e8e        0     1                 .L0 
80200e9a 80200e9a        0     1                 .L0 
80200e9a 80200e9a        0     1                 .L0 
80200e9c 80200e9c        0     1                 .L0 
80200ea0 80200ea0        0     1                 .L0 
80200ea2 80200ea2        0     1                 .L0 
80200ea6 80200ea6        0     1                 .L0 
80200ea6 80200ea6        0     1                 .L0 
80200ea6 80200ea6        0     1                 .L0 
80200eaa 80200eaa        0     1                 .L0 
80200eb6 80200eb6        0     1                 .L0 
80200ec2 80200ec2        0     1                 .L0 
80200ec6 80200ec6        0     1                 .L0 
80200eca 80200eca        0     1                 .L0 
80200ecc 80200ecc        0     1                 .L0 
80200ed0 80200ed0        0     1                 .L0 
80200ed0 80200ed0        0     1                 .L0 
80200ed0 80200ed0        0     1                 .L0 
80200ed4 80200ed4        0     1                 .L0 
80200ed8 80200ed8        0     1                 .L0 
80200ee0 80200ee0        0     1                 .L0 
80200eec 80200eec        0     1                 .L0 
80200eec 80200eec        0     1                 .L0 
80200eee 80200eee        0     1                 .L0 
80200ef2 80200ef2        0     1                 .L0 
80200ef4 80200ef4        0     1                 .L0 
80200ef8 80200ef8        0     1                 .L0 
80200ef8 80200ef8        0     1                 .L0 
80200ef8 80200ef8        0     1                 .L0 
80200efc 80200efc        0     1                 .L0 
80200f08 80200f08        0     1                 .L0 
80200f14 80200f14        0     1                 .L0 
80200f18 80200f18        0     1                 .L0 
80200f1c 80200f1c        0     1                 .L0 
80200f1e 80200f1e        0     1                 .L0 
80200f22 80200f22        0     1                 .L0 
80200f22 80200f22        0     1                 .L0 
80200f22 80200f22        0     1                 .L0 
80200f24 80200f24        0     1                 .L0 
80200f30 80200f30        0     1                 .L0 
80200f3c 80200f3c        0     1                 .L0 
80200f3e 80200f3e        0     1                 .L0 
80200f42 80200f42        0     1                 .L0 
80200f44 80200f44        0     1                 .L0 
80200f48 80200f48        0     1                 .L0 
80200f48 80200f48        0     1                 .L0 
80200f48 80200f48        0     1                 .L0 
80200f4a 80200f4a        0     1                 .L0 
80200f4a 80200f4a        0     1                 .L0 
80200f4a 80200f4a        0     1                 .L0 
80200f4e 80200f4e        0     1                 .L0 
80200f4e 80200f4e        0     1                 .L0 
80200f50 80200f50        0     1                 .L0 
80200f58 80200f58        0     1                 .L0 
80200f5a 80200f5a        0     1                 .L0 
80200f5e 80200f5e        0     1                 .L0 
80200f60 80200f60        0     1                 .L0 
80200f60 80200f60        0     1                 .L0 
80200f62 80200f62        0     1                 .L0 
80200f66 80200f66        0     1                 .L0 
80200f6a 80200f6a        0     1                 .L0 
80200f7a 80200f7a        0     1                 .L0 
80200f7a 80200f7a        0     1                 .L0 
80200f7c 80200f7c        0     1                 .L0 
80200f7c 80200f7c        0     1                 .L0 
80200f7e 80200f7e        0     1                 .L0 
80200f7e 80200f7e        0     1                 .L0 
80200f7e 80200f7e        0     1                 .L0 
80200f7e 80200f7e        0     1                 .L0 
80200f7e 80200f7e        0     1                 .L0 
80200f7e 80200f7e       44     1                 fs_lookup
80200f86 80200f86        0     1                 .L0 
80200f88 80200f88        0     1                 .L0 
80200f88 80200f88        0     1                 .L0 
80200f90 80200f90        0     1                 .L0 
80200f98 80200f98        0     1                 .L0 
80200f98 80200f98        0     1                 .L0 
80200f9a 80200f9a        0     1                 .L0 
80200f9a 80200f9a        0     1                 .L0 
80200f9e 80200f9e        0     1                 .L0 
80200faa 80200faa        0     1                 .L0 
80200fae 80200fae        0     1                 .L0 
80200fae 80200fae        0     1                 .L0 
80200fb4 80200fb4        0     1                 .L0 
80200fb6 80200fb6        0     1                 .L0 
80200fb6 80200fb6        0     1                 .L0 
80200fb6 80200fb6        0     1                 .L0 
80200fb8 80200fb8        0     1                 .L0 
80200fbc 80200fbc        0     1                 .L0 
80200fbe 80200fbe        0     1                 .L0 
80200fc2 80200fc2        0     1                 .L0 
80200fc2 80200fc2        0     1                 .L0 
80200fc2 80200fc2        0     1                 .L0 
80200fc2 80200fc2        0     1                 .L0 
80200fc2 80200fc2        0     1                 .L0 
80200fc2 80200fc2      1e8     1                 handle_syscall
80200fdc 80200fdc        0     1                 .L0 
80200fde 80200fde        0     1                 .L0 
80200fde 80200fde        0     1                 .L0 
80200ffc 80200ffc        0     1                 .L0 
80201006 80201006        0     1                 .L0 
80201008 80201008        0     1                 .L0 
8020100c 8020100c        0     1                 .L0 
8020100e 8020100e        0     1                 .L0 
80201012 80201012        0     1                 .L0 
80201012 80201012        0     1                 .L0 
80201026 80201026        0     1                 .L0 
80201026 80201026        0     1                 .L0 
8020102a 8020102a        0     1                 .L0 
8020102a 8020102a        0     1                 .L0 
8020102a 8020102a        0     1                 .L0 
8020102c 8020102c        0     1                 .L0 
8020102c 8020102c        0     1                 .L0 
80201040 80201040        0     1                 .L0 
80201040 80201040        0     1                 .L0 
80201044 80201044        0     1                 .L0 
80201044 80201044        0     1                 .L0 
80201044 80201044        0     1                 .L0 
80201062 80201062        0     1                 .L0 
80201062 80201062        0     1                 .L0 
80201062 80201062        0     1                 .L0 
80201072 80201072        0     1                 .L0 
80201082 80201082        0     1                 .L0 
80201086 80201086        0     1                 .L0 
80201096 80201096        0     1                 .L0 
802010a0 802010a0        0     1                 .L0 
802010a0 802010a0        0     1                 .L0 
802010a8 802010a8        0     1                 .L0 
802010b0 802010b0        0     1                 .L0 
802010b0 802010b0        0     1                 .L0 
802010b2 802010b2        0     1                 .L0 
802010b2 802010b2        0     1                 .L0 
802010b6 802010b6        0     1                 .L0 
802010c2 802010c2        0     1                 .L0 
802010c2 802010c2        0     1                 .L0 
802010c4 802010c4        0     1                 .L0 
802010c4 802010c4        0     1                 .L0 
802010d0 802010d0        0     1                 .L0 
802010d0 802010d0        0     1                 .L0 
802010d2 802010d2        0     1                 .L0 
802010d2 802010d2        0     1                 .L0 
802010d4 802010d4        0     1                 .L0 
802010d4 802010d4        0     1                 .L0 
802010d4 802010d4        0     1                 .L0 
802010d8 802010d8        0     1                 .L0 
802010d8 802010d8        0     1                 .L0 
802010ea 802010ea        0     1                 .L0 
802010ea 802010ea        0     1                 .L0 
802010ec 802010ec        0     1                 .L0 
802010ec 802010ec        0     1                 .L0 
802010ec 802010ec        0     1                 .L0 
80201102 80201102        0     1                 .L0 
80201102 80201102        0     1                 .L0 
80201104 80201104        0     1                 .L0 
80201104 80201104        0     1                 .L0 
80201108 80201108        0     1                 .L0 
80201108 80201108        0     1                 .L0 
80201120 80201120        0     1                 .L0 
80201122 80201122        0     1                 .L0 
8020112a 8020112a        0     1                 .L0 
8020112e 8020112e        0     1                 .L0 
80201132 80201132        0     1                 .L0 
80201132 80201132        0     1                 .L0 
8020113a 8020113a        0     1                 .L0 
8020113c 8020113c        0     1                 .L0 
8020113c 8020113c        0     1                 .L0 
80201152 80201152        0     1                 .L0 
80201156 80201156        0     1                 .L0 
8020115a 8020115a        0     1                 .L0 
80201160 80201160        0     1                 .L0 
80201160 80201160        0     1                 .L0 
80201164 80201164        0     1                 .L0 
80201168 80201168        0     1                 .L0 
80201168 80201168        0     1                 .L0 
8020116a 8020116a        0     1                 .L0 
8020116a 8020116a        0     1                 .L0 
8020116a 8020116a        0     1                 .L0 
8020116e 8020116e        0     1                 .L0 
80201172 80201172        0     1                 .L0 
80201172 80201172        0     1                 .L0 
80201172 80201172        0     1                 .L0 
8020118e 8020118e        0     1                 .L0 
8020118e 8020118e        0     1                 .L0 
8020118e 8020118e        0     1                 .L0 
80201192 80201192        0     1                 .L0 
802011a6 802011a6        0     1                 .L0 
802011aa 802011aa        0     1                 .L0 
802011aa 802011aa        0     1                 .L0 
802011aa 802011aa        0     1                 .L0 
802011aa 802011aa        0     1                 .L0 
802011aa 802011aa        0     1                 .L0 
802011aa 802011aa       42     1                 handle_trap
802011b0 802011b0        0     1                 .L0 
802011b0 802011b0        0     1                 .L0 
802011b0 802011b0        0     1                 .L0 
802011b4 802011b4        0     1                 .L0 
802011b4 802011b4        0     1                 .L0 
802011b8 802011b8        0     1                 .L0 
802011b8 802011b8        0     1                 .L0 
802011ba 802011ba        0     1                 .L0 
802011ba 802011ba        0     1                 .L0 
802011be 802011be        0     1                 .L0 
802011be 802011be        0     1                 .L0 
802011c2 802011c2        0     1                 .L0 
802011c2 802011c2        0     1                 .L0 
802011c4 802011c4        0     1                 .L0 
802011c4 802011c4        0     1                 .L0 
802011c6 802011c6        0     1                 .L0 
802011c6 802011c6        0     1                 .L0 
802011ca 802011ca        0     1                 .L0 
802011ce 802011ce        0     1                 .L0 
802011ce 802011ce        0     1                 .L0 
802011d2 802011d2        0     1                 .L0 
802011d2 802011d2        0     1                 .L0 
802011d2 802011d2        0     1                 .L0 
802011d6 802011d6        0     1                 .L0 
802011ea 802011ea        0     1                 .L0 
802011ea 802011ea        0     1                 .L0 
802011ec 802011ec        0     1                 .L0 
802011ec 802011ec        0     1                 .L0 
802011ec 802011ec        0     1                 .L0 
802011ec 802011ec        0     1                 .L0 
802011ec 802011ec        0     1                 .L0 
802011ec 802011ec       aa     1                 kernel_main
802011f4 802011f4        0     1                 .L0 
8020120a 8020120a        0     1                 .L0 
8020120a 8020120a        0     1                 .L0 
80201214 80201214        0     1                 .L0 
80201214 80201214        0     1                 .L0 
8020121c 8020121c        0     1                 .L0 
80201220 80201220        0     1                 .L0 
80201220 80201220        0     1                 .L0 
80201224 80201224        0     1                 .L0 
80201224 80201224        0     1                 .L0 
80201228 80201228        0     1                 .L0 
80201228 80201228        0     1                 .L0 
80201232 80201232        0     1                 .L0 
80201232 80201232        0     1                 .L0 
8020123e 8020123e        0     1                 .L0 
8020123e 8020123e        0     1                 .L0 
8020124a 8020124a        0     1                 .L0 
8020124a 8020124a        0     1                 .L0 
80201254 80201254        0     1                 .L0 
80201254 80201254        0     1                 .L0 
8020125a 8020125a        0     1                 .L0 
8020125a 8020125a        0     1                 .L0 
80201262 80201262        0     1                 .L0 
80201266 80201266        0     1                 .L0 
80201268 80201268        0     1                 .L0 
8020126a 8020126a        0     1                 .L0 
8020127c 8020127c        0     1                 .L0 
8020127c 8020127c        0     1                 .L0 
8020127e 8020127e        0     1                 .L0 
8020127e 8020127e        0     1                 .L0 
80201294 80201294        0     1                 .L0 
80201294 80201294        0     1                 .L0 
80201296 80201296        0     1                 .L0 
80201296 80201296        0     1                 .L0 
80201296 80201296      238     2         /tmp/common-02ae66.o:(.text)
80201296 80201296        0     1                 .L0 
80201296 80201296        0     1                 .L0 
80201296 80201296        0     1                 $x
80201296 80201296        0     1                 .L0 
80201296 80201296       16     1                 memset
8020129a 8020129a        0     1                 .L0 
8020129a 8020129a        0     1                 .L0 
8020129c 8020129c        0     1                 .L0 
8020129c 8020129c        0     1                 .L0 
8020129c 8020129c        0     1                 .L0 
802012a0 802012a0        0     1                 .L0 
802012a0 802012a0        0     1                 .L0 
802012a6 802012a6        0     1                 .L0 
802012a6 802012a6        0     1                 .L0 
802012aa 802012aa        0     1                 .L0 
802012aa 802012aa        0     1                 .L0 
802012aa 802012aa        0     1                 .L0 
802012ac 802012ac        0     1                 .L0 
802012ac 802012ac        0     1                 .L0 
802012ac 802012ac        0     1                 .L0 
802012ac 802012ac        0     1                 .L0 
802012ac 802012ac        0     1                 .L0 
802012ac 802012ac       1c     1                 memcpy
802012b0 802012b0        0     1                 .L0 
802012b0 802012b0        0     1                 .L0 
802012b2 802012b2        0     1                 .L0 
802012b2 802012b2        0     1                 .L0 
802012b2 802012b2        0     1                 .L0 
802012b6 802012b6        0     1                 .L0 
802012b8 802012b8        0     1                 .L0 
802012bc 802012bc        0     1                 .L0 
802012bc 802012bc        0     1                 .L0 
802012c2 802012c2        0     1                 .L0 
802012c2 802012c2        0     1                 .L0 
802012c6 802012c6        0     1                 .L0 
802012c6 802012c6        0     1                 .L0 
802012c6 802012c6        0     1                 .L0 
802012c8 802012c8        0     1                 .L0 
802012c8 802012c8        0     1                 .L0 
802012c8 802012c8        0     1                 .L0 
802012c8 802012c8        0     1                 .L0 
802012c8 802012c8        0     1                 .L0 
802012c8 802012c8       24     1                 strcpy
802012ce 802012ce        0     1                 .L0 
802012d2 802012d2        0     1                 .L0 
802012d2 802012d2        0     1                 .L0 
802012d4 802012d4        0     1                 .L0 
802012d4 802012d4        0     1                 .L0 
802012d4 802012d4        0     1                 .L0 
802012d8 802012d8        0     1                 .L0 
802012dc 802012dc        0     1                 .L0 
802012e0 802012e0        0     1                 .L0 
802012e0 802012e0        0     1                 .L0 
802012e2 802012e2        0     1                 .L0 
802012e2 802012e2        0     1                 .L0 
802012e4 802012e4        0     1                 .L0 
802012e6 802012e6        0     1                 .L0 
802012e6 802012e6        0     1                 .L0 
802012e6 802012e6        0     1                 .L0 
802012ea 802012ea        0     1                 .L0 
802012ec 802012ec        0     1                 .L0 
802012ec 802012ec        0     1                 .L0 
802012ec 802012ec        0     1                 .L0 
802012ec 802012ec        0     1                 .L0 
802012ec 802012ec        0     1                 .L0 
802012ec 802012ec       24     1                 strcmp
802012f0 802012f0        0     1                 .L0 
802012f2 802012f2        0     1                 .L0 
802012f4 802012f4        0     1                 .L0 
802012f4 802012f4        0     1                 .L0 
802012f4 802012f4        0     1                 .L0 
802012f8 802012f8        0     1                 .L0 
802012fc 802012fc        0     1                 .L0 
802012fc 802012fc        0     1                 .L0 
80201300 80201300        0     1                 .L0 
80201302 80201302        0     1                 .L0 
80201304 80201304        0     1                 .L0 
80201306 80201306        0     1                 .L0 
80201306 80201306        0     1                 .L0 
8020130a 8020130a        0     1                 .L0 
8020130e 8020130e        0     1                 .L0 
80201310 80201310        0     1                 .L0 
80201310 80201310        0     1                 .L0 
80201310 80201310        0     1                 .L0 
80201310 80201310        0     1                 .L0 
80201310 80201310        0     1                 .L0 
80201310 80201310      1be     1                 printf
8020132c 8020132c        0     1                 .L0 
8020132e 8020132e        0     1                 .L0 
80201356 80201356        0     1                 .L0 
80201366 80201366        0     1                 .L0 
80201366 80201366        0     1                 .L0 
8020136a 8020136a        0     1                 .L0 
8020136a 8020136a        0     1                 .L0 
8020136c 8020136c        0     1                 .L0 
8020136c 8020136c        0     1                 .L0 
80201370 80201370        0     1                 .L0 
80201378 80201378        0     1                 .L0 
80201378 80201378        0     1                 .L0 
8020137c 8020137c        0     1                 .L0 
8020137c 8020137c        0     1                 .L0 
8020137e 8020137e        0     1                 .L0 
80201380 80201380        0     1                 .L0 
80201380 80201380        0     1                 .L0 
80201384 80201384        0     1                 .L0 
80201386 80201386        0     1                 .L0 
80201396 80201396        0     1                 .L0 
80201396 80201396        0     1                 .L0 
802013a2 802013a2        0     1                 .L0 
802013a2 802013a2        0     1                 .L0 
802013a6 802013a6        0     1                 .L0 
802013a6 802013a6        0     1                 .L0 
802013a8 802013a8        0     1                 .L0 
802013ae 802013ae        0     1                 .L0 
802013ae 802013ae        0     1                 .L0 
802013ae 802013ae        0     1                 .L0 
802013b6 802013b6        0     1                 .L0 
802013b6 802013b6        0     1                 .L0 
802013c0 802013c0        0     1                 .L0 
802013c0 802013c0        0     1                 .L0 
802013c4 802013c4        0     1                 .L0 
802013c4 802013c4        0     1                 .L0 
802013c6 802013c6        0     1                 .L0 
802013ca 802013ca        0     1                 .L0 
802013ce 802013ce        0     1                 .L0 
802013ce 802013ce        0     1                 .L0 
802013d4 802013d4        0     1                 .L0 
802013d4 802013d4        0     1                 .L0 
802013d6 802013d6        0     1                 .L0 
802013da 802013da        0     1                 .L0 
802013de 802013de        0     1                 .L0 
802013de 802013de        0     1                 .L0 
802013e4 802013e4        0     1                 .L0 
802013e4 802013e4        0     1                 .L0 
802013e6 802013e6        0     1                 .L0 
802013ea 802013ea        0     1                 .L0 
802013ee 802013ee        0     1                 .L0 
802013ee 802013ee        0     1                 .L0 
802013f4 802013f4        0     1                 .L0 
802013f4 802013f4        0     1                 .L0 
802013f6 802013f6        0     1                 .L0 
802013fa 802013fa        0     1                 .L0 
802013fe 802013fe        0     1                 .L0 
802013fe 802013fe        0     1                 .L0 
80201404 80201404        0     1                 .L0 
80201404 80201404        0     1                 .L0 
80201406 80201406        0     1                 .L0 
8020140a 8020140a        0     1                 .L0 
8020140e 8020140e        0     1                 .L0 
8020140e 8020140e        0     1                 .L0 
80201414 80201414        0     1                 .L0 
80201414 80201414        0     1                 .L0 
80201416 80201416        0     1                 .L0 
8020141a 8020141a        0     1                 .L0 
8020141e 8020141e        0     1                 .L0 
8020141e 8020141e        0     1                 .L0 
80201424 80201424        0     1                 .L0 
80201424 80201424        0     1                 .L0 
80201426 80201426        0     1                 .L0 
8020142a 8020142a        0     1                 .L0 
8020142e 8020142e        0     1                 .L0 
8020142e 8020142e        0     1                 .L0 
80201430 80201430        0     1                 .L0 
80201430 80201430        0     1                 .L0 
80201432 80201432        0     1                 .L0 
80201436 80201436        0     1                 .L0 
80201436 80201436        0     1                 .L0 
8020143a 8020143a        0     1                 .L0 
8020143a 8020143a        0     1                 .L0 
8020143c 8020143c        0     1                 .L0 
8020143e 8020143e        0     1                 .L0 
8020143e 8020143e        0     1                 .L0 
8020143e 8020143e        0     1                 .L0 
80201448 80201448        0     1                 .L0 
80201448 80201448        0     1                 .L0 
8020144c 8020144c        0     1                 .L0 
80201452 80201452        0     1                 .L0 
80201452 80201452        0     1                 .L0 
80201452 80201452        0     1                 .L0 
8020145a 8020145a        0     1                 .L0 
8020145a 8020145a        0     1                 .L0 
8020145e 8020145e        0     1                 .L0 
80201460 80201460        0     1                 .L0 
80201464 80201464        0     1                 .L0 
80201464 80201464        0     1                 .L0 
80201464 80201464        0     1                 .L0 
8020146c 8020146c        0     1                 .L0 
8020146c 8020146c        0     1                 .L0 
80201470 80201470        0     1                 .L0 
80201470 80201470        0     1                 .L0 
80201472 80201472        0     1                 .L0 
80201476 80201476        0     1                 .L0 
80201476 80201476        0     1                 .L0 
80201476 80201476        0     1                 .L0 
8020147a 8020147a        0     1                 .L0 
8020147e 8020147e        0     1                 .L0 
80201482 80201482        0     1                 .L0 
80201482 80201482        0     1                 .L0 
80201482 80201482        0     1                 .L0 
80201484 80201484        0     1                 .L0 
80201484 80201484        0     1                 .L0 
80201488 80201488        0     1                 .L0 
8020148c 8020148c        0     1                 .L0 
80201494 80201494        0     1                 .L0 
80201494 80201494        0     1                 .L0 
8020149c 8020149c        0     1                 .L0 
802014a2 802014a2        0     1                 .L0 
802014a2 802014a2        0     1                 .L0 
802014a8 802014a8        0     1                 .L0 
802014a8 802014a8        0     1                 .L0 
802014a8 802014a8        0     1                 .L0 
802014b0 802014b0        0     1                 .L0 
802014b0 802014b0        0     1                 .L0 
802014b0 802014b0        0     1                 .L0 
802014b4 802014b4        0     1                 .L0 
802014ca 802014ca        0     1                 .L0 
802014ce 802014ce        0     1                 .L0 
802014ce 802014ce        0     1                 .L0 
802014d0 802014d0      2e5     4 .rodata
802014d0 802014d0      2e5     1         <internal>:(.rodata.str1.1)
802017b8 802017b8    10424     4 .data
802017b8 802017b8        4     4         /tmp/kernel-01d9cd.o:(.data)
802017b8 802017b8        4     1                 alloc_pages.next_paddr
802017b8 802017b8        0     1                 $d
802017bc 802017bc    10420     1         shell.bin.o:(.data)
802017bc 802017bc        0     1                 _binary_shell_bin_start
80211bdc 80211bdc        0     1                 _binary_shell_bin_end
80211be0 80211be0    11378     8 .bss
80211be0 80211be0        0     1         __bss = .
80211be0 80211be0    11378     8         /tmp/kernel-01d9cd.o:(.bss)
80211be0 80211be0        0     1                 $d
80211be0 80211be0      a00     1                 disk
802125e0 802125e0      8d8     1                 files
80212eb8 80212eb8    10080     1                 procs
80222f38 80222f38       20     1                 .L_MergedGlobals
80222f38 80222f38        4     1                 blk_req
80222f3c 80222f3c        4     1                 blk_request_vq
80222f40 80222f40        4     1                 blk_req_paddr
80222f44 80222f44        4     1                 idle_proc
80222f48 80222f48        4     1                 current_proc
80222f50 80222f50        8     1                 blk_capacity
80222f58 80222f58        0     1         __bss_end = .
80222f58 80222f58        0     1 . = ALIGN(4)
80222f58 80222f58    20000     1 . += 128 * 1024
80242f58 80242f58        0     1 __stack_top = .
80242f58 80242f58       a8     1 . = ALIGN(4096)
80243000 80243000        0     1 __free_ram = .
80243000 80243000  4000000     1 . += 64 * 1024 * 1024 
84243000 84243000        0     1 __free_ram_end = .
       0        0      d7d     1 .debug_loclists
       0        0      bc7     1         /tmp/kernel-01d9cd.o:(.debug_loclists)
       0        0        0     1                 $d
       c        c        0     1                 .L0 
     bc7      bc7      1b6     1         /tmp/common-02ae66.o:(.debug_loclists)
     bc7      bc7        0     1                 $d
     bd3      bd3        0     1                 .L0 
       0        0      463     1 .debug_abbrev
       0        0      336     1         /tmp/kernel-01d9cd.o:(.debug_abbrev)
       0        0        0     1                 $d
     336      336      12d     1         /tmp/common-02ae66.o:(.debug_abbrev)
     336      336        0     1                 $d
       0        0     18f9     1 .debug_info
       0        0     16bb     1         /tmp/kernel-01d9cd.o:(.debug_info)
       0        0        0     1                 $d
    16bb     16bb      23e     1         /tmp/common-02ae66.o:(.debug_info)
    16bb     16bb        0     1                 $d
       0        0      15b     1 .debug_rnglists
       0        0      140     1         /tmp/kernel-01d9cd.o:(.debug_rnglists)
       0        0        0     1                 $d
       c        c        0     1                 .L0 
     140      140       1b     1         /tmp/common-02ae66.o:(.debug_rnglists)
     140      140        0     1                 $d
     14c      14c        0     1                 .L0 
       0        0      394     1 .debug_str_offsets
       0        0      2fc     1         /tmp/kernel-01d9cd.o:(.debug_str_offsets)
       0        0        0     1                 $d
       8        8        0     1                 .L0 
     2fc      2fc       98     1         /tmp/common-02ae66.o:(.debug_str_offsets)
     2fc      2fc        0     1                 $d
     304      304        0     1                 .L0 
       0        0      5f7     1 .debug_str
       0        0      5f7     1         <internal>:(.debug_str)
       0        0      32c     1 .debug_addr
       0        0      2cc     1         /tmp/kernel-01d9cd.o:(.debug_addr)
       0        0        0     1                 $d
       8        8        0     1                 .L0 
     2cc      2cc       60     1         /tmp/common-02ae66.o:(.debug_addr)
     2cc      2cc        0     1                 $d
     2d4      2d4        0     1                 .L0 
       0        0       29     1 .comment
       0        0       29     1         <internal>:(.comment)
       0        0       47     1 .riscv.attributes
       0        0       47     1         <internal>:(.riscv.attributes)
       0        0      3f8     4 .debug_frame
       0        0      360     4         /tmp/kernel-01d9cd.o:(.debug_frame)
       0        0        0     1                 .L0 
       0        0        0     1                 $d
     360      360       98     4         /tmp/common-02ae66.o:(.debug_frame)
     360      360        0     1                 .L0 
     360      360        0     1                 $d
       0        0     1875     1 .debug_line
       0        0     14bd     1         /tmp/kernel-01d9cd.o:(.debug_line)
       0        0        0     1                 .Lline_table_start0
       0        0        0     1                 $d
    14bd     14bd      3b8     1         /tmp/common-02ae66.o:(.debug_line)
    14bd     14bd        0     1                 .Lline_table_start0
    14bd     14bd        0     1                 $d
       0        0       3a     1 .debug_line_str
       0        0       3a     1         <internal>:(.debug_line_str)
       0        0      550     4 .symtab
       0        0      550     4         <internal>:(.symtab)
       0        0       dc     1 .shstrtab
       0        0       dc     1         <internal>:(.shstrtab)
       0        0      2db     1 .strtab
       0        0      2db     1         <internal>:(.strtab)
