     VMA      LMA     Size Align Out     In      Symbol
       0        0 80200000     1 . = 0x80200000
80200000 80200000      914     4 .text
80200000 80200000        e     2         /tmp/kernel-af0e9a.o:(.text.boot)
80200000 80200000        0     1                 .L0 
80200000 80200000        0     1                 .L0 
80200000 80200000        0     1                 $x
80200000 80200000        0     1                 .L0 
80200000 80200000        e     1                 boot
8020000e 8020000e        0     1                 .L0 
8020000e 8020000e        0     1                 .L0 
80200010 80200010      6fe     4         /tmp/kernel-af0e9a.o:(.text)
80200010 80200010        0     1                 .L0 
80200010 80200010        0     1                 .L0 
80200010 80200010        0     1                 $x
80200010 80200010        0     1                 .L0 
80200010 80200010        6     1                 sbi_call
80200014 80200014        0     1                 .L0 
80200016 80200016        0     1                 .L0 
80200016 80200016        0     1                 .L0 
80200016 80200016        0     1                 .L0 
80200016 80200016       50     1                 alloc_pages
8020001c 8020001c        0     1                 .L0 
8020001c 8020001c        0     1                 .L0 
80200024 80200024        0     1                 .L0 
80200024 80200024        0     1                 .L0 
80200028 80200028        0     1                 .L0 
8020002c 8020002c        0     1                 .L0 
8020002c 8020002c        0     1                 .L0 
80200034 80200034        0     1                 .L0 
80200038 80200038        0     1                 .L0 
8020003c 8020003c        0     1                 .L0 
80200052 80200052        0     1                 .L0 
80200052 80200052        0     1                 .L0 
80200054 80200054        0     1                 .L0 
80200054 80200054        0     1                 .L0 
8020005c 8020005c        0     1                 .L0 
8020005c 8020005c        0     1                 .L0 
8020005e 8020005e        0     1                 .L0 
80200062 80200062        0     1                 .L0 
80200062 80200062        0     1                 .L0 
80200066 80200066        0     1                 .L0 
80200066 80200066        0     1                 .L0 
80200066 80200066        0     1                 .L0 
80200066 80200066        0     1                 .L0 
80200066 80200066        0     1                 .L0 
80200066 80200066       14     1                 putchar
80200078 80200078        0     1                 .L0 
80200078 80200078        0     1                 .L0 
8020007a 8020007a        0     1                 .L0 
8020007a 8020007a        0     1                 .L0 
8020007a 8020007a        0     1                 .L0 
8020007a 8020007a       46     1                 swtich_context
802000c0 802000c0        0     1                 .L0 
802000c0 802000c0        0     1                 .L0 
802000c0 802000c0        0     1                 .L0 
802000c0 802000c0       fa     1                 create_process
802000ce 802000ce        0     1                 .L0 
802000d0 802000d0        0     1                 .L0 
802000d0 802000d0        0     1                 .L0 
802000d8 802000d8        0     1                 .L0 
802000da 802000da        0     1                 .L0 
802000da 802000da        0     1                 .L0 
802000e2 802000e2        0     1                 .L0 
802000e4 802000e4        0     1                 .L0 
802000e4 802000e4        0     1                 .L0 
802000ec 802000ec        0     1                 .L0 
802000ee 802000ee        0     1                 .L0 
802000ee 802000ee        0     1                 .L0 
802000f6 802000f6        0     1                 .L0 
802000f8 802000f8        0     1                 .L0 
802000f8 802000f8        0     1                 .L0 
80200100 80200100        0     1                 .L0 
80200102 80200102        0     1                 .L0 
80200102 80200102        0     1                 .L0 
8020010a 8020010a        0     1                 .L0 
8020010c 8020010c        0     1                 .L0 
8020010c 8020010c        0     1                 .L0 
80200114 80200114        0     1                 .L0 
80200118 80200118        0     1                 .L0 
8020011a 8020011a        0     1                 .L0 
8020011a 8020011a        0     1                 .L0 
8020011a 8020011a        0     1                 .L0 
8020011e 8020011e        0     1                 .L0 
80200130 80200130        0     1                 .L0 
80200130 80200130        0     1                 .L0 
80200132 80200132        0     1                 .L0 
80200134 80200134        0     1                 .L0 
80200134 80200134        0     1                 .L0 
80200136 80200136        0     1                 .L0 
80200136 80200136        0     1                 .L0 
80200136 80200136        0     1                 .L0 
8020013e 8020013e        0     1                 .L0 
8020013e 8020013e        0     1                 .L0 
80200144 80200144        0     1                 .L0 
80200146 80200146        0     1                 .L0 
80200146 80200146        0     1                 .L0 
80200146 80200146        0     1                 .L0 
8020014e 8020014e        0     1                 .L0 
80200150 80200150        0     1                 .L0 
80200150 80200150        0     1                 .L0 
80200150 80200150        0     1                 .L0 
80200158 80200158        0     1                 .L0 
8020015a 8020015a        0     1                 .L0 
8020015a 8020015a        0     1                 .L0 
8020015a 8020015a        0     1                 .L0 
80200162 80200162        0     1                 .L0 
80200164 80200164        0     1                 .L0 
80200164 80200164        0     1                 .L0 
80200164 80200164        0     1                 .L0 
8020016c 8020016c        0     1                 .L0 
8020016e 8020016e        0     1                 .L0 
8020016e 8020016e        0     1                 .L0 
8020016e 8020016e        0     1                 .L0 
80200176 80200176        0     1                 .L0 
80200176 80200176        0     1                 .L0 
8020017c 8020017c        0     1                 .L0 
8020017e 8020017e        0     1                 .L0 
8020017e 8020017e        0     1                 .L0 
80200182 80200182        0     1                 .L0 
80200182 80200182        0     1                 .L0 
80200186 80200186        0     1                 .L0 
80200186 80200186        0     1                 .L0 
8020018a 8020018a        0     1                 .L0 
8020018a 8020018a        0     1                 .L0 
8020018e 8020018e        0     1                 .L0 
8020018e 8020018e        0     1                 .L0 
80200192 80200192        0     1                 .L0 
80200192 80200192        0     1                 .L0 
80200196 80200196        0     1                 .L0 
80200196 80200196        0     1                 .L0 
8020019a 8020019a        0     1                 .L0 
8020019a 8020019a        0     1                 .L0 
8020019e 8020019e        0     1                 .L0 
8020019e 8020019e        0     1                 .L0 
802001a0 802001a0        0     1                 .L0 
802001a4 802001a4        0     1                 .L0 
802001a4 802001a4        0     1                 .L0 
802001a8 802001a8        0     1                 .L0 
802001a8 802001a8        0     1                 .L0 
802001ac 802001ac        0     1                 .L0 
802001ac 802001ac        0     1                 .L0 
802001b0 802001b0        0     1                 .L0 
802001b0 802001b0        0     1                 .L0 
802001b2 802001b2        0     1                 .L0 
802001b4 802001b4        0     1                 .L0 
802001b6 802001b6        0     1                 .L0 
802001b8 802001b8        0     1                 .L0 
802001ba 802001ba        0     1                 .L0 
802001ba 802001ba        0     1                 .L0 
802001ba 802001ba        0     1                 .L0 
802001ba 802001ba        0     1                 .L0 
802001ba 802001ba        0     1                 .L0 
802001ba 802001ba      112     1                 yield
802001c2 802001c2        0     1                 .L0 
802001c2 802001c2        0     1                 .L0 
802001ca 802001ca        0     1                 .L0 
802001ca 802001ca        0     1                 .L0 
802001ce 802001ce        0     1                 .L0 
802001dc 802001dc        0     1                 .L0 
802001dc 802001dc        0     1                 .L0 
802001de 802001de        0     1                 .L0 
802001de 802001de        0     1                 .L0 
802001e2 802001e2        0     1                 .L0 
802001e2 802001e2        0     1                 .L0 
802001e4 802001e4        0     1                 .L0 
802001e4 802001e4        0     1                 .L0 
802001e8 802001e8        0     1                 .L0 
802001ea 802001ea        0     1                 .L0 
802001ee 802001ee        0     1                 .L0 
802001ee 802001ee        0     1                 .L0 
802001ee 802001ee        0     1                 .L0 
802001f2 802001f2        0     1                 .L0 
802001f4 802001f4        0     1                 .L0 
802001f8 802001f8        0     1                 .L0 
802001fa 802001fa        0     1                 .L0 
802001fa 802001fa        0     1                 .L0 
802001fc 802001fc        0     1                 .L0 
80200200 80200200        0     1                 .L0 
80200202 80200202        0     1                 .L0 
80200206 80200206        0     1                 .L0 
80200206 80200206        0     1                 .L0 
80200206 80200206        0     1                 .L0 
8020020c 8020020c        0     1                 .L0 
80200210 80200210        0     1                 .L0 
80200214 80200214        0     1                 .L0 
80200216 80200216        0     1                 .L0 
80200216 80200216        0     1                 .L0 
8020021a 8020021a        0     1                 .L0 
8020021e 8020021e        0     1                 .L0 
80200220 80200220        0     1                 .L0 
80200224 80200224        0     1                 .L0 
80200224 80200224        0     1                 .L0 
80200224 80200224        0     1                 .L0 
80200228 80200228        0     1                 .L0 
8020022a 8020022a        0     1                 .L0 
8020022e 8020022e        0     1                 .L0 
80200230 80200230        0     1                 .L0 
80200230 80200230        0     1                 .L0 
80200232 80200232        0     1                 .L0 
80200236 80200236        0     1                 .L0 
80200238 80200238        0     1                 .L0 
8020023c 8020023c        0     1                 .L0 
8020023c 8020023c        0     1                 .L0 
8020023c 8020023c        0     1                 .L0 
80200242 80200242        0     1                 .L0 
80200246 80200246        0     1                 .L0 
8020024a 8020024a        0     1                 .L0 
8020024c 8020024c        0     1                 .L0 
8020024c 8020024c        0     1                 .L0 
80200250 80200250        0     1                 .L0 
80200254 80200254        0     1                 .L0 
80200256 80200256        0     1                 .L0 
8020025a 8020025a        0     1                 .L0 
8020025a 8020025a        0     1                 .L0 
8020025a 8020025a        0     1                 .L0 
8020025e 8020025e        0     1                 .L0 
80200260 80200260        0     1                 .L0 
80200264 80200264        0     1                 .L0 
80200266 80200266        0     1                 .L0 
80200266 80200266        0     1                 .L0 
80200268 80200268        0     1                 .L0 
8020026c 8020026c        0     1                 .L0 
8020026e 8020026e        0     1                 .L0 
80200272 80200272        0     1                 .L0 
80200272 80200272        0     1                 .L0 
80200272 80200272        0     1                 .L0 
80200278 80200278        0     1                 .L0 
8020027c 8020027c        0     1                 .L0 
80200280 80200280        0     1                 .L0 
80200282 80200282        0     1                 .L0 
80200282 80200282        0     1                 .L0 
80200286 80200286        0     1                 .L0 
8020028a 8020028a        0     1                 .L0 
8020028c 8020028c        0     1                 .L0 
80200290 80200290        0     1                 .L0 
80200290 80200290        0     1                 .L0 
80200290 80200290        0     1                 .L0 
80200292 80200292        0     1                 .L0 
80200294 80200294        0     1                 .L0 
80200298 80200298        0     1                 .L0 
8020029a 8020029a        0     1                 .L0 
8020029a 8020029a        0     1                 .L0 
8020029c 8020029c        0     1                 .L0 
802002a0 802002a0        0     1                 .L0 
802002a2 802002a2        0     1                 .L0 
802002a6 802002a6        0     1                 .L0 
802002a6 802002a6        0     1                 .L0 
802002a6 802002a6        0     1                 .L0 
802002a8 802002a8        0     1                 .L0 
802002a8 802002a8        0     1                 .L0 
802002a8 802002a8        0     1                 .L0 
802002ac 802002ac        0     1                 .L0 
802002ae 802002ae        0     1                 .L0 
802002b4 802002b4        0     1                 .L0 
802002b6 802002b6        0     1                 .L0 
802002ba 802002ba        0     1                 .L0 
802002be 802002be        0     1                 .L0 
802002be 802002be        0     1                 .L0 
802002c0 802002c0        0     1                 .L0 
802002c0 802002c0        0     1                 .L0 
802002c4 802002c4        0     1                 .L0 
802002c8 802002c8        0     1                 .L0 
802002c8 802002c8        0     1                 .L0 
802002ca 802002ca        0     1                 .L0 
802002ca 802002ca        0     1                 .L0 
802002cc 802002cc        0     1                 .L0 
802002cc 802002cc        0     1                 .L0 
802002cc 802002cc        0     1                 .L0 
802002cc 802002cc        0     1                 .L0 
802002cc 802002cc        0     1                 .L0 
802002cc 802002cc       10     1                 delay
802002d4 802002d4        0     1                 .L0 
802002d4 802002d4        0     1                 .L0 
802002d4 802002d4        0     1                 .L0 
802002d6 802002d6        0     1                 .L0 
802002d6 802002d6        0     1                 .L0 
802002d8 802002d8        0     1                 .L0 
802002d8 802002d8        0     1                 .L0 
802002da 802002da        0     1                 .L0 
802002da 802002da        0     1                 .L0 
802002dc 802002dc        0     1                 .L0 
802002dc 802002dc        0     1                 .L0 
802002dc 802002dc        0     1                 .L0 
802002dc 802002dc        0     1                 .L0 
802002dc 802002dc        0     1                 .L0 
802002dc 802002dc       28     1                 proc_a_entry
802002e0 802002e0        0     1                 .L0 
802002ea 802002ea        0     1                 .L0 
802002ea 802002ea        0     1                 .L0 
802002ea 802002ea        0     1                 .L0 
80200300 80200300        0     1                 .L0 
80200300 80200300        0     1                 .L0 
80200302 80200302        0     1                 .L0 
80200302 80200302        0     1                 .L0 
80200304 80200304        0     1                 .L0 
80200304 80200304        0     1                 .L0 
80200304 80200304        0     1                 .L0 
80200304 80200304        0     1                 .L0 
80200304 80200304        0     1                 .L0 
80200304 80200304       28     1                 proc_b_entry
80200308 80200308        0     1                 .L0 
80200312 80200312        0     1                 .L0 
80200312 80200312        0     1                 .L0 
80200312 80200312        0     1                 .L0 
80200328 80200328        0     1                 .L0 
80200328 80200328        0     1                 .L0 
8020032a 8020032a        0     1                 .L0 
8020032a 8020032a        0     1                 .L0 
8020032c 8020032c        0     1                 .L0 
8020032c 8020032c        0     1                 .L0 
8020032c 8020032c        0     1                 .L0 
8020032c 8020032c        0     1                 .L0 
8020032c 8020032c        0     1                 .L0 
8020032c 8020032c       9a     1                 kernel_entry
802003c6 802003c6        0     1                 .L0 
802003c6 802003c6        0     1                 .L0 
802003c6 802003c6        0     1                 .L0 
802003c6 802003c6        0     1                 .L0 
802003c6 802003c6        0     1                 .L0 
802003c6 802003c6      320     1                 kernel_main
802003ca 802003ca        0     1                 .L0 
802003e0 802003e0        0     1                 .L0 
802003e0 802003e0        0     1                 .L0 
802003ea 802003ea        0     1                 .L0 
802003ea 802003ea        0     1                 .L0 
802003f2 802003f2        0     1                 .L0 
802003f2 802003f2        0     1                 .L0 
802003fa 802003fa        0     1                 .L0 
802003fa 802003fa        0     1                 .L0 
802003fe 802003fe        0     1                 .L0 
802003fe 802003fe        0     1                 .L0 
80200400 80200400        0     1                 .L0 
80200400 80200400        0     1                 .L0 
80200402 80200402        0     1                 .L0 
80200404 80200404        0     1                 .L0 
80200404 80200404        0     1                 .L0 
80200414 80200414        0     1                 .L0 
80200416 80200416        0     1                 .L0 
80200416 80200416        0     1                 .L0 
8020041e 8020041e        0     1                 .L0 
80200420 80200420        0     1                 .L0 
80200420 80200420        0     1                 .L0 
80200428 80200428        0     1                 .L0 
8020042a 8020042a        0     1                 .L0 
8020042a 8020042a        0     1                 .L0 
80200432 80200432        0     1                 .L0 
80200434 80200434        0     1                 .L0 
80200434 80200434        0     1                 .L0 
8020043c 8020043c        0     1                 .L0 
8020043e 8020043e        0     1                 .L0 
8020043e 8020043e        0     1                 .L0 
80200446 80200446        0     1                 .L0 
80200448 80200448        0     1                 .L0 
80200448 80200448        0     1                 .L0 
80200450 80200450        0     1                 .L0 
80200452 80200452        0     1                 .L0 
80200452 80200452        0     1                 .L0 
80200468 80200468        0     1                 .L0 
80200468 80200468        0     1                 .L0 
8020046a 8020046a        0     1                 .L0 
8020046a 8020046a        0     1                 .L0 
8020046a 8020046a        0     1                 .L0 
8020046e 8020046e        0     1                 .L0 
8020046e 8020046e        0     1                 .L0 
80200472 80200472        0     1                 .L0 
80200472 80200472        0     1                 .L0 
80200478 80200478        0     1                 .L0 
80200478 80200478        0     1                 .L0 
8020047e 8020047e        0     1                 .L0 
8020047e 8020047e        0     1                 .L0 
80200484 80200484        0     1                 .L0 
80200484 80200484        0     1                 .L0 
8020048a 8020048a        0     1                 .L0 
8020048a 8020048a        0     1                 .L0 
8020048e 8020048e        0     1                 .L0 
8020048e 8020048e        0     1                 .L0 
80200490 80200490        0     1                 .L0 
80200498 80200498        0     1                 .L0 
8020049c 8020049c        0     1                 .L0 
8020049c 8020049c        0     1                 .L0 
802004a0 802004a0        0     1                 .L0 
802004a0 802004a0        0     1                 .L0 
802004a4 802004a4        0     1                 .L0 
802004a4 802004a4        0     1                 .L0 
802004a8 802004a8        0     1                 .L0 
802004a8 802004a8        0     1                 .L0 
802004ac 802004ac        0     1                 .L0 
802004ac 802004ac        0     1                 .L0 
802004b0 802004b0        0     1                 .L0 
802004b0 802004b0        0     1                 .L0 
802004b4 802004b4        0     1                 .L0 
802004b4 802004b4        0     1                 .L0 
802004b8 802004b8        0     1                 .L0 
802004b8 802004b8        0     1                 .L0 
802004bc 802004bc        0     1                 .L0 
802004bc 802004bc        0     1                 .L0 
802004c0 802004c0        0     1                 .L0 
802004c0 802004c0        0     1                 .L0 
802004c4 802004c4        0     1                 .L0 
802004c8 802004c8        0     1                 .L0 
802004c8 802004c8        0     1                 .L0 
802004cc 802004cc        0     1                 .L0 
802004cc 802004cc        0     1                 .L0 
802004d0 802004d0        0     1                 .L0 
802004d0 802004d0        0     1                 .L0 
802004d4 802004d4        0     1                 .L0 
802004d4 802004d4        0     1                 .L0 
802004d6 802004d6        0     1                 .L0 
802004d8 802004d8        0     1                 .L0 
802004d8 802004d8        0     1                 .L0 
802004dc 802004dc        0     1                 .L0 
802004dc 802004dc        0     1                 .L0 
802004de 802004de        0     1                 .L0 
802004de 802004de        0     1                 .L0 
802004e6 802004e6        0     1                 .L0 
802004ec 802004ec        0     1                 .L0 
802004ec 802004ec        0     1                 .L0 
802004ee 802004ee        0     1                 .L0 
802004ee 802004ee        0     1                 .L0 
802004fe 802004fe        0     1                 .L0 
80200506 80200506        0     1                 .L0 
80200508 80200508        0     1                 .L0 
80200508 80200508        0     1                 .L0 
80200510 80200510        0     1                 .L0 
80200512 80200512        0     1                 .L0 
80200512 80200512        0     1                 .L0 
8020051a 8020051a        0     1                 .L0 
8020051c 8020051c        0     1                 .L0 
8020051c 8020051c        0     1                 .L0 
80200524 80200524        0     1                 .L0 
80200526 80200526        0     1                 .L0 
80200526 80200526        0     1                 .L0 
8020052e 8020052e        0     1                 .L0 
80200530 80200530        0     1                 .L0 
80200530 80200530        0     1                 .L0 
80200538 80200538        0     1                 .L0 
8020053a 8020053a        0     1                 .L0 
8020053a 8020053a        0     1                 .L0 
80200550 80200550        0     1                 .L0 
80200550 80200550        0     1                 .L0 
80200552 80200552        0     1                 .L0 
80200552 80200552        0     1                 .L0 
80200552 80200552        0     1                 .L0 
8020055a 8020055a        0     1                 .L0 
8020055a 8020055a        0     1                 .L0 
80200560 80200560        0     1                 .L0 
80200562 80200562        0     1                 .L0 
80200562 80200562        0     1                 .L0 
80200562 80200562        0     1                 .L0 
8020056a 8020056a        0     1                 .L0 
8020056c 8020056c        0     1                 .L0 
8020056c 8020056c        0     1                 .L0 
8020056c 8020056c        0     1                 .L0 
80200574 80200574        0     1                 .L0 
80200576 80200576        0     1                 .L0 
80200576 80200576        0     1                 .L0 
80200576 80200576        0     1                 .L0 
8020057e 8020057e        0     1                 .L0 
80200580 80200580        0     1                 .L0 
80200580 80200580        0     1                 .L0 
80200580 80200580        0     1                 .L0 
80200588 80200588        0     1                 .L0 
8020058a 8020058a        0     1                 .L0 
8020058a 8020058a        0     1                 .L0 
8020058a 8020058a        0     1                 .L0 
80200592 80200592        0     1                 .L0 
80200592 80200592        0     1                 .L0 
80200592 80200592        0     1                 .L0 
80200594 80200594        0     1                 .L0 
80200594 80200594        0     1                 .L0 
8020059c 8020059c        0     1                 .L0 
802005a0 802005a0        0     1                 .L0 
802005a0 802005a0        0     1                 .L0 
802005a4 802005a4        0     1                 .L0 
802005a4 802005a4        0     1                 .L0 
802005a8 802005a8        0     1                 .L0 
802005a8 802005a8        0     1                 .L0 
802005ac 802005ac        0     1                 .L0 
802005ac 802005ac        0     1                 .L0 
802005b0 802005b0        0     1                 .L0 
802005b0 802005b0        0     1                 .L0 
802005b4 802005b4        0     1                 .L0 
802005b4 802005b4        0     1                 .L0 
802005b8 802005b8        0     1                 .L0 
802005b8 802005b8        0     1                 .L0 
802005bc 802005bc        0     1                 .L0 
802005bc 802005bc        0     1                 .L0 
802005c0 802005c0        0     1                 .L0 
802005c0 802005c0        0     1                 .L0 
802005c2 802005c2        0     1                 .L0 
802005c6 802005c6        0     1                 .L0 
802005c6 802005c6        0     1                 .L0 
802005ca 802005ca        0     1                 .L0 
802005ca 802005ca        0     1                 .L0 
802005ce 802005ce        0     1                 .L0 
802005ce 802005ce        0     1                 .L0 
802005d0 802005d0        0     1                 .L0 
802005d0 802005d0        0     1                 .L0 
802005d2 802005d2        0     1                 .L0 
802005d2 802005d2        0     1                 .L0 
802005d4 802005d4        0     1                 .L0 
802005d6 802005d6        0     1                 .L0 
802005d6 802005d6        0     1                 .L0 
802005da 802005da        0     1                 .L0 
802005e2 802005e2        0     1                 .L0 
802005e2 802005e2        0     1                 .L0 
802005ec 802005ec        0     1                 .L0 
802005f4 802005f4        0     1                 .L0 
802005f6 802005f6        0     1                 .L0 
802005f6 802005f6        0     1                 .L0 
802005fe 802005fe        0     1                 .L0 
80200600 80200600        0     1                 .L0 
80200600 80200600        0     1                 .L0 
80200608 80200608        0     1                 .L0 
8020060a 8020060a        0     1                 .L0 
8020060a 8020060a        0     1                 .L0 
80200612 80200612        0     1                 .L0 
80200614 80200614        0     1                 .L0 
80200614 80200614        0     1                 .L0 
8020061c 8020061c        0     1                 .L0 
8020061e 8020061e        0     1                 .L0 
8020061e 8020061e        0     1                 .L0 
80200626 80200626        0     1                 .L0 
80200628 80200628        0     1                 .L0 
80200628 80200628        0     1                 .L0 
8020063e 8020063e        0     1                 .L0 
8020063e 8020063e        0     1                 .L0 
80200640 80200640        0     1                 .L0 
80200640 80200640        0     1                 .L0 
80200640 80200640        0     1                 .L0 
80200648 80200648        0     1                 .L0 
80200648 80200648        0     1                 .L0 
8020064e 8020064e        0     1                 .L0 
80200650 80200650        0     1                 .L0 
80200650 80200650        0     1                 .L0 
80200650 80200650        0     1                 .L0 
80200658 80200658        0     1                 .L0 
8020065a 8020065a        0     1                 .L0 
8020065a 8020065a        0     1                 .L0 
8020065a 8020065a        0     1                 .L0 
80200662 80200662        0     1                 .L0 
80200664 80200664        0     1                 .L0 
80200664 80200664        0     1                 .L0 
80200664 80200664        0     1                 .L0 
8020066c 8020066c        0     1                 .L0 
8020066e 8020066e        0     1                 .L0 
8020066e 8020066e        0     1                 .L0 
8020066e 8020066e        0     1                 .L0 
80200676 80200676        0     1                 .L0 
80200678 80200678        0     1                 .L0 
80200678 80200678        0     1                 .L0 
80200678 80200678        0     1                 .L0 
80200680 80200680        0     1                 .L0 
80200680 80200680        0     1                 .L0 
80200682 80200682        0     1                 .L0 
80200690 80200690        0     1                 .L0 
80200692 80200692        0     1                 .L0 
80200692 80200692        0     1                 .L0 
80200696 80200696        0     1                 .L0 
80200696 80200696        0     1                 .L0 
8020069a 8020069a        0     1                 .L0 
8020069a 8020069a        0     1                 .L0 
8020069e 8020069e        0     1                 .L0 
8020069e 8020069e        0     1                 .L0 
802006a2 802006a2        0     1                 .L0 
802006a2 802006a2        0     1                 .L0 
802006a6 802006a6        0     1                 .L0 
802006a6 802006a6        0     1                 .L0 
802006aa 802006aa        0     1                 .L0 
802006aa 802006aa        0     1                 .L0 
802006ae 802006ae        0     1                 .L0 
802006ae 802006ae        0     1                 .L0 
802006b2 802006b2        0     1                 .L0 
802006b2 802006b2        0     1                 .L0 
802006b4 802006b4        0     1                 .L0 
802006b8 802006b8        0     1                 .L0 
802006b8 802006b8        0     1                 .L0 
802006bc 802006bc        0     1                 .L0 
802006bc 802006bc        0     1                 .L0 
802006c0 802006c0        0     1                 .L0 
802006c0 802006c0        0     1                 .L0 
802006c4 802006c4        0     1                 .L0 
802006c4 802006c4        0     1                 .L0 
802006c6 802006c6        0     1                 .L0 
802006c8 802006c8        0     1                 .L0 
802006ca 802006ca        0     1                 .L0 
802006ca 802006ca        0     1                 .L0 
802006cc 802006cc        0     1                 .L0 
802006ce 802006ce        0     1                 .L0 
802006ce 802006ce        0     1                 .L0 
802006e4 802006e4        0     1                 .L0 
802006e4 802006e4        0     1                 .L0 
802006e6 802006e6        0     1                 .L0 
802006e6 802006e6        0     1                 .L0 
802006e6 802006e6        0     1                 .L0 
802006e6 802006e6        0     1                 .L0 
802006e6 802006e6        0     1                 .L0 
802006e6 802006e6       28     1                 handle_trap
802006ea 802006ea        0     1                 .L0 
802006ea 802006ea        0     1                 .L0 
802006ee 802006ee        0     1                 .L0 
802006ee 802006ee        0     1                 .L0 
802006f2 802006f2        0     1                 .L0 
802006f2 802006f2        0     1                 .L0 
802006f6 802006f6        0     1                 .L0 
802006f6 802006f6        0     1                 .L0 
802006fa 802006fa        0     1                 .L0 
8020070c 8020070c        0     1                 .L0 
8020070c 8020070c        0     1                 .L0 
8020070e 8020070e        0     1                 .L0 
8020070e 8020070e        0     1                 .L0 
8020070e 8020070e      206     2         /tmp/common-4d505a.o:(.text)
8020070e 8020070e        0     1                 .L0 
8020070e 8020070e        0     1                 .L0 
8020070e 8020070e        0     1                 $x
8020070e 8020070e        0     1                 .L0 
8020070e 8020070e      1a8     1                 printf
8020072a 8020072a        0     1                 .L0 
80200754 80200754        0     1                 .L0 
80200764 80200764        0     1                 .L0 
80200764 80200764        0     1                 .L0 
80200768 80200768        0     1                 .L0 
80200768 80200768        0     1                 .L0 
8020076a 8020076a        0     1                 .L0 
8020076a 8020076a        0     1                 .L0 
8020076e 8020076e        0     1                 .L0 
80200776 80200776        0     1                 .L0 
80200776 80200776        0     1                 .L0 
80200778 80200778        0     1                 .L0 
80200778 80200778        0     1                 .L0 
8020077a 8020077a        0     1                 .L0 
8020077c 8020077c        0     1                 .L0 
8020077c 8020077c        0     1                 .L0 
80200780 80200780        0     1                 .L0 
80200782 80200782        0     1                 .L0 
80200792 80200792        0     1                 .L0 
80200792 80200792        0     1                 .L0 
8020079e 8020079e        0     1                 .L0 
8020079e 8020079e        0     1                 .L0 
802007a2 802007a2        0     1                 .L0 
802007a2 802007a2        0     1                 .L0 
802007a4 802007a4        0     1                 .L0 
802007aa 802007aa        0     1                 .L0 
802007aa 802007aa        0     1                 .L0 
802007aa 802007aa        0     1                 .L0 
802007b2 802007b2        0     1                 .L0 
802007b2 802007b2        0     1                 .L0 
802007bc 802007bc        0     1                 .L0 
802007bc 802007bc        0     1                 .L0 
802007c0 802007c0        0     1                 .L0 
802007c0 802007c0        0     1                 .L0 
802007c2 802007c2        0     1                 .L0 
802007c6 802007c6        0     1                 .L0 
802007c8 802007c8        0     1                 .L0 
802007c8 802007c8        0     1                 .L0 
802007ce 802007ce        0     1                 .L0 
802007ce 802007ce        0     1                 .L0 
802007d0 802007d0        0     1                 .L0 
802007d4 802007d4        0     1                 .L0 
802007d6 802007d6        0     1                 .L0 
802007d6 802007d6        0     1                 .L0 
802007dc 802007dc        0     1                 .L0 
802007dc 802007dc        0     1                 .L0 
802007de 802007de        0     1                 .L0 
802007e2 802007e2        0     1                 .L0 
802007e4 802007e4        0     1                 .L0 
802007e4 802007e4        0     1                 .L0 
802007ea 802007ea        0     1                 .L0 
802007ea 802007ea        0     1                 .L0 
802007ec 802007ec        0     1                 .L0 
802007f0 802007f0        0     1                 .L0 
802007f2 802007f2        0     1                 .L0 
802007f2 802007f2        0     1                 .L0 
802007f8 802007f8        0     1                 .L0 
802007f8 802007f8        0     1                 .L0 
802007fa 802007fa        0     1                 .L0 
802007fe 802007fe        0     1                 .L0 
80200800 80200800        0     1                 .L0 
80200800 80200800        0     1                 .L0 
80200806 80200806        0     1                 .L0 
80200806 80200806        0     1                 .L0 
80200808 80200808        0     1                 .L0 
8020080c 8020080c        0     1                 .L0 
8020080e 8020080e        0     1                 .L0 
8020080e 8020080e        0     1                 .L0 
80200814 80200814        0     1                 .L0 
80200814 80200814        0     1                 .L0 
80200816 80200816        0     1                 .L0 
8020081a 8020081a        0     1                 .L0 
8020081c 8020081c        0     1                 .L0 
8020081c 8020081c        0     1                 .L0 
8020081e 8020081e        0     1                 .L0 
8020081e 8020081e        0     1                 .L0 
80200820 80200820        0     1                 .L0 
80200824 80200824        0     1                 .L0 
80200824 80200824        0     1                 .L0 
80200826 80200826        0     1                 .L0 
80200826 80200826        0     1                 .L0 
80200828 80200828        0     1                 .L0 
8020082a 8020082a        0     1                 .L0 
8020082a 8020082a        0     1                 .L0 
8020082a 8020082a        0     1                 .L0 
80200834 80200834        0     1                 .L0 
80200834 80200834        0     1                 .L0 
80200838 80200838        0     1                 .L0 
8020083e 8020083e        0     1                 .L0 
8020083e 8020083e        0     1                 .L0 
8020083e 8020083e        0     1                 .L0 
80200844 80200844        0     1                 .L0 
80200844 80200844        0     1                 .L0 
80200848 80200848        0     1                 .L0 
8020084a 8020084a        0     1                 .L0 
8020084e 8020084e        0     1                 .L0 
8020084e 8020084e        0     1                 .L0 
8020084e 8020084e        0     1                 .L0 
80200854 80200854        0     1                 .L0 
80200854 80200854        0     1                 .L0 
80200858 80200858        0     1                 .L0 
80200858 80200858        0     1                 .L0 
8020085a 8020085a        0     1                 .L0 
8020085e 8020085e        0     1                 .L0 
8020085e 8020085e        0     1                 .L0 
8020085e 8020085e        0     1                 .L0 
80200862 80200862        0     1                 .L0 
80200866 80200866        0     1                 .L0 
8020086a 8020086a        0     1                 .L0 
8020086a 8020086a        0     1                 .L0 
8020086a 8020086a        0     1                 .L0 
8020086c 8020086c        0     1                 .L0 
8020086c 8020086c        0     1                 .L0 
80200870 80200870        0     1                 .L0 
80200874 80200874        0     1                 .L0 
8020087c 8020087c        0     1                 .L0 
8020087c 8020087c        0     1                 .L0 
80200884 80200884        0     1                 .L0 
8020088a 8020088a        0     1                 .L0 
8020088a 8020088a        0     1                 .L0 
80200890 80200890        0     1                 .L0 
80200890 80200890        0     1                 .L0 
80200890 80200890        0     1                 .L0 
80200898 80200898        0     1                 .L0 
80200898 80200898        0     1                 .L0 
80200898 80200898        0     1                 .L0 
8020089c 8020089c        0     1                 .L0 
802008b2 802008b2        0     1                 .L0 
802008b6 802008b6        0     1                 .L0 
802008b6 802008b6        0     1                 .L0 
802008b6 802008b6        0     1                 .L0 
802008b6 802008b6        0     1                 .L0 
802008b6 802008b6        0     1                 .L0 
802008b6 802008b6       16     1                 memset
802008ba 802008ba        0     1                 .L0 
802008ba 802008ba        0     1                 .L0 
802008bc 802008bc        0     1                 .L0 
802008bc 802008bc        0     1                 .L0 
802008bc 802008bc        0     1                 .L0 
802008c0 802008c0        0     1                 .L0 
802008c0 802008c0        0     1                 .L0 
802008c6 802008c6        0     1                 .L0 
802008c6 802008c6        0     1                 .L0 
802008ca 802008ca        0     1                 .L0 
802008ca 802008ca        0     1                 .L0 
802008ca 802008ca        0     1                 .L0 
802008cc 802008cc        0     1                 .L0 
802008cc 802008cc        0     1                 .L0 
802008cc 802008cc        0     1                 .L0 
802008cc 802008cc        0     1                 .L0 
802008cc 802008cc        0     1                 .L0 
802008cc 802008cc       24     1                 strcpy
802008d2 802008d2        0     1                 .L0 
802008d6 802008d6        0     1                 .L0 
802008d6 802008d6        0     1                 .L0 
802008d8 802008d8        0     1                 .L0 
802008d8 802008d8        0     1                 .L0 
802008d8 802008d8        0     1                 .L0 
802008dc 802008dc        0     1                 .L0 
802008e0 802008e0        0     1                 .L0 
802008e4 802008e4        0     1                 .L0 
802008e4 802008e4        0     1                 .L0 
802008e6 802008e6        0     1                 .L0 
802008e6 802008e6        0     1                 .L0 
802008e8 802008e8        0     1                 .L0 
802008ea 802008ea        0     1                 .L0 
802008ea 802008ea        0     1                 .L0 
802008ea 802008ea        0     1                 .L0 
802008ee 802008ee        0     1                 .L0 
802008f0 802008f0        0     1                 .L0 
802008f0 802008f0        0     1                 .L0 
802008f0 802008f0        0     1                 .L0 
802008f0 802008f0        0     1                 .L0 
802008f0 802008f0        0     1                 .L0 
802008f0 802008f0       24     1                 strcmp
802008f4 802008f4        0     1                 .L0 
802008f6 802008f6        0     1                 .L0 
802008f8 802008f8        0     1                 .L0 
802008f8 802008f8        0     1                 .L0 
802008f8 802008f8        0     1                 .L0 
802008fc 802008fc        0     1                 .L0 
80200900 80200900        0     1                 .L0 
80200900 80200900        0     1                 .L0 
80200904 80200904        0     1                 .L0 
80200906 80200906        0     1                 .L0 
80200908 80200908        0     1                 .L0 
8020090a 8020090a        0     1                 .L0 
8020090a 8020090a        0     1                 .L0 
8020090e 8020090e        0     1                 .L0 
80200912 80200912        0     1                 .L0 
80200914 80200914        0     1                 .L0 
80200914 80200914        0     1                 .L0 
80200914 80200914       ec     4 .rodata
80200914 80200914       ec     1         <internal>:(.rodata.str1.1)
80200a00 80200a00        4     4 .data
80200a00 80200a00        4     4         /tmp/kernel-af0e9a.o:(.data)
80200a00 80200a00        4     1                 alloc_pages.next_paddr
80200a00 80200a00        0     1                 $d
80200a04 80200a04    10070     4 .bss
80200a04 80200a04        0     1         __bss = .
80200a04 80200a04    10070     4         /tmp/kernel-af0e9a.o:(.bss)
80200a04 80200a04        0     1                 $d
80200a04 80200a04    10060     1                 procs
80210a64 80210a64       10     1                 .L_MergedGlobals
80210a64 80210a64        4     1                 idle_proc
80210a68 80210a68        4     1                 current_proc
80210a6c 80210a6c        4     1                 proc_a
80210a70 80210a70        4     1                 proc_b
80210a74 80210a74        0     1         __bss_end = .
80210a74 80210a74        0     1 . = ALIGN(4)
80210a74 80210a74    20000     1 . += 128 * 1024
80230a74 80230a74        0     1 __stack_top = .
80230a74 80230a74      58c     1 . = ALIGN(4096)
80231000 80231000        0     1 __free_ram = .
80231000 80231000  4000000     1 . += 64 * 1024 * 1024
84231000 84231000        0     1 __free_ram_end = .
       0        0      80f     1 .debug_loclists
       0        0      670     1         /tmp/kernel-af0e9a.o:(.debug_loclists)
       0        0        0     1                 $d
       c        c        0     1                 .L0 
     670      670      19f     1         /tmp/common-4d505a.o:(.debug_loclists)
     670      670        0     1                 $d
     67c      67c        0     1                 .L0 
       0        0      3b9     1 .debug_abbrev
       0        0      291     1         /tmp/kernel-af0e9a.o:(.debug_abbrev)
       0        0        0     1                 $d
     291      291      128     1         /tmp/common-4d505a.o:(.debug_abbrev)
     291      291        0     1                 $d
       0        0      9e6     1 .debug_info
       0        0      7f7     1         /tmp/kernel-af0e9a.o:(.debug_info)
       0        0        0     1                 $d
     7f7      7f7      1ef     1         /tmp/common-4d505a.o:(.debug_info)
     7f7      7f7        0     1                 $d
       0        0       92     1 .debug_rnglists
       0        0       77     1         /tmp/kernel-af0e9a.o:(.debug_rnglists)
       0        0        0     1                 $d
       c        c        0     1                 .L0 
      77       77       1b     1         /tmp/common-4d505a.o:(.debug_rnglists)
      77       77        0     1                 $d
      83       83        0     1                 .L0 
       0        0      21c     1 .debug_str_offsets
       0        0      188     1         /tmp/kernel-af0e9a.o:(.debug_str_offsets)
       0        0        0     1                 $d
       8        8        0     1                 .L0 
     188      188       94     1         /tmp/common-4d505a.o:(.debug_str_offsets)
     188      188        0     1                 $d
     190      190        0     1                 .L0 
       0        0      2cf     1 .debug_str
       0        0      2cf     1         <internal>:(.debug_str)
       0        0      114     1 .debug_addr
       0        0       b8     1         /tmp/kernel-af0e9a.o:(.debug_addr)
       0        0        0     1                 $d
       8        8        0     1                 .L0 
      b8       b8       5c     1         /tmp/common-4d505a.o:(.debug_addr)
      b8       b8        0     1                 $d
      c0       c0        0     1                 .L0 
       0        0       29     1 .comment
       0        0       29     1         <internal>:(.comment)
       0        0       47     1 .riscv.attributes
       0        0       47     1         <internal>:(.riscv.attributes)
       0        0      1a8     4 .debug_frame
       0        0      120     4         /tmp/kernel-af0e9a.o:(.debug_frame)
       0        0        0     1                 .L0 
       0        0        0     1                 $d
     120      120       88     4         /tmp/common-4d505a.o:(.debug_frame)
     120      120        0     1                 .L0 
     120      120        0     1                 $d
       0        0      cf8     1 .debug_line
       0        0      986     1         /tmp/kernel-af0e9a.o:(.debug_line)
       0        0        0     1                 .Lline_table_start0
       0        0        0     1                 $d
     986      986      372     1         /tmp/common-4d505a.o:(.debug_line)
     986      986        0     1                 .Lline_table_start0
     986      986        0     1                 $d
       0        0       3a     1 .debug_line_str
       0        0       3a     1         <internal>:(.debug_line_str)
       0        0      3e0     4 .symtab
       0        0      3e0     4         <internal>:(.symtab)
       0        0       dc     1 .shstrtab
       0        0       dc     1         <internal>:(.shstrtab)
       0        0      18f     1 .strtab
       0        0      18f     1         <internal>:(.strtab)
