     VMA      LMA     Size Align Out     In      Symbol
       0        0 80200000     1 . = 0x80200000
80200000        0        0     1 __kernel_base = .
80200000 80200000      86e     4 .text
80200000 80200000        e     2         /tmp/kernel-8a6c9f.o:(.text.boot)
80200000 80200000        0     1                 .L0 
80200000 80200000        0     1                 .L0 
80200000 80200000        0     1                 $x
80200000 80200000        0     1                 .L0 
80200000 80200000        e     1                 boot
8020000e 8020000e        0     1                 .L0 
8020000e 8020000e        0     1                 .L0 
80200010 80200010      65c     4         /tmp/kernel-8a6c9f.o:(.text)
80200010 80200010        0     1                 .L0 
80200010 80200010        0     1                 .L0 
80200010 80200010        0     1                 $x
80200010 80200010        0     1                 .L0 
80200010 80200010        6     1                 sbi_call
80200014 80200014        0     1                 .L0 
80200016 80200016        0     1                 .L0 
80200016 80200016        0     1                 .L0 
80200016 80200016        0     1                 .L0 
80200016 80200016       4e     1                 alloc_pages
8020001c 8020001c        0     1                 .L0 
8020001c 8020001c        0     1                 .L0 
80200024 80200024        0     1                 .L0 
80200024 80200024        0     1                 .L0 
80200028 80200028        0     1                 .L0 
8020002c 8020002c        0     1                 .L0 
8020002c 8020002c        0     1                 .L0 
80200034 80200034        0     1                 .L0 
80200038 80200038        0     1                 .L0 
8020003c 8020003c        0     1                 .L0 
80200052 80200052        0     1                 .L0 
80200052 80200052        0     1                 .L0 
80200054 80200054        0     1                 .L0 
80200054 80200054        0     1                 .L0 
8020005a 8020005a        0     1                 .L0 
8020005a 8020005a        0     1                 .L0 
8020005c 8020005c        0     1                 .L0 
80200060 80200060        0     1                 .L0 
80200060 80200060        0     1                 .L0 
80200064 80200064        0     1                 .L0 
80200064 80200064        0     1                 .L0 
80200064 80200064        0     1                 .L0 
80200064 80200064        0     1                 .L0 
80200064 80200064        0     1                 .L0 
80200064 80200064       d8     1                 map_page
80200072 80200072        0     1                 .L0 
80200074 80200074        0     1                 .L0 
80200074 80200074        0     1                 .L0 
80200078 80200078        0     1                 .L0 
8020007c 8020007c        0     1                 .L0 
8020008c 8020008c        0     1                 .L0 
8020008e 8020008e        0     1                 .L0 
80200090 80200090        0     1                 .L0 
80200090 80200090        0     1                 .L0 
80200092 80200092        0     1                 .L0 
80200092 80200092        0     1                 .L0 
80200092 80200092        0     1                 .L0 
80200096 80200096        0     1                 .L0 
80200098 80200098        0     1                 .L0 
8020009a 8020009a        0     1                 .L0 
8020009e 8020009e        0     1                 .L0 
802000ac 802000ac        0     1                 .L0 
802000b0 802000b0        0     1                 .L0 
802000b2 802000b2        0     1                 .L0 
802000b2 802000b2        0     1                 .L0 
802000b4 802000b4        0     1                 .L0 
802000b4 802000b4        0     1                 .L0 
802000b4 802000b4        0     1                 .L0 
802000c0 802000c0        0     1                 .L0 
802000c0 802000c0        0     1                 .L0 
802000c6 802000c6        0     1                 .L0 
802000c6 802000c6        0     1                 .L0 
802000ce 802000ce        0     1                 .L0 
802000ce 802000ce        0     1                 .L0 
802000d0 802000d0        0     1                 .L0 
802000d2 802000d2        0     1                 .L0 
802000da 802000da        0     1                 .L0 
802000de 802000de        0     1                 .L0 
802000e2 802000e2        0     1                 .L0 
802000f6 802000f6        0     1                 .L0 
802000f8 802000f8        0     1                 .L0 
802000f8 802000f8        0     1                 .L0 
802000fa 802000fa        0     1                 .L0 
802000fa 802000fa        0     1                 .L0 
802000fa 802000fa        0     1                 .L0 
802000fc 802000fc        0     1                 .L0 
802000fc 802000fc        0     1                 .L0 
80200104 80200104        0     1                 .L0 
80200106 80200106        0     1                 .L0 
80200106 80200106        0     1                 .L0 
8020010a 8020010a        0     1                 .L0 
8020010a 8020010a        0     1                 .L0 
80200110 80200110        0     1                 .L0 
80200112 80200112        0     1                 .L0 
80200114 80200114        0     1                 .L0 
80200114 80200114        0     1                 .L0 
80200114 80200114        0     1                 .L0 
80200116 80200116        0     1                 .L0 
80200118 80200118        0     1                 .L0 
8020011a 8020011a        0     1                 .L0 
8020011a 8020011a        0     1                 .L0 
8020011e 8020011e        0     1                 .L0 
80200120 80200120        0     1                 .L0 
80200120 80200120        0     1                 .L0 
80200122 80200122        0     1                 .L0 
80200126 80200126        0     1                 .L0 
8020012a 8020012a        0     1                 .L0 
8020012a 8020012a        0     1                 .L0 
8020012c 8020012c        0     1                 .L0 
80200138 80200138        0     1                 .L0 
8020013c 8020013c        0     1                 .L0 
8020013c 8020013c        0     1                 .L0 
8020013c 8020013c        0     1                 .L0 
8020013c 8020013c        0     1                 .L0 
8020013c 8020013c        0     1                 .L0 
8020013c 8020013c       14     1                 putchar
8020014e 8020014e        0     1                 .L0 
8020014e 8020014e        0     1                 .L0 
80200150 80200150        0     1                 .L0 
80200150 80200150        0     1                 .L0 
80200150 80200150        0     1                 .L0 
80200150 80200150       46     1                 swtich_context
80200196 80200196        0     1                 .L0 
80200196 80200196        0     1                 .L0 
80200196 80200196        0     1                 .L0 
80200196 80200196      180     1                 create_process
802001a8 802001a8        0     1                 .L0 
802001a8 802001a8        0     1                 .L0 
802001b4 802001b4        0     1                 .L0 
802001b4 802001b4        0     1                 .L0 
802001b6 802001b6        0     1                 .L0 
802001b6 802001b6        0     1                 .L0 
802001be 802001be        0     1                 .L0 
802001c0 802001c0        0     1                 .L0 
802001c0 802001c0        0     1                 .L0 
802001c8 802001c8        0     1                 .L0 
802001ca 802001ca        0     1                 .L0 
802001ca 802001ca        0     1                 .L0 
802001d2 802001d2        0     1                 .L0 
802001d4 802001d4        0     1                 .L0 
802001d4 802001d4        0     1                 .L0 
802001dc 802001dc        0     1                 .L0 
802001de 802001de        0     1                 .L0 
802001de 802001de        0     1                 .L0 
802001e6 802001e6        0     1                 .L0 
802001e8 802001e8        0     1                 .L0 
802001e8 802001e8        0     1                 .L0 
802001f0 802001f0        0     1                 .L0 
802001f2 802001f2        0     1                 .L0 
802001f2 802001f2        0     1                 .L0 
802001fa 802001fa        0     1                 .L0 
802001fc 802001fc        0     1                 .L0 
802001fc 802001fc        0     1                 .L0 
80200200 80200200        0     1                 .L0 
80200212 80200212        0     1                 .L0 
80200212 80200212        0     1                 .L0 
80200214 80200214        0     1                 .L0 
80200214 80200214        0     1                 .L0 
80200214 80200214        0     1                 .L0 
80200218 80200218        0     1                 .L0 
80200218 80200218        0     1                 .L0 
8020021e 8020021e        0     1                 .L0 
80200220 80200220        0     1                 .L0 
80200220 80200220        0     1                 .L0 
80200220 80200220        0     1                 .L0 
80200228 80200228        0     1                 .L0 
8020022a 8020022a        0     1                 .L0 
8020022a 8020022a        0     1                 .L0 
8020022a 8020022a        0     1                 .L0 
80200232 80200232        0     1                 .L0 
80200234 80200234        0     1                 .L0 
80200234 80200234        0     1                 .L0 
80200234 80200234        0     1                 .L0 
8020023c 8020023c        0     1                 .L0 
8020023e 8020023e        0     1                 .L0 
8020023e 8020023e        0     1                 .L0 
8020023e 8020023e        0     1                 .L0 
80200246 80200246        0     1                 .L0 
80200248 80200248        0     1                 .L0 
80200248 80200248        0     1                 .L0 
80200248 80200248        0     1                 .L0 
80200250 80200250        0     1                 .L0 
80200252 80200252        0     1                 .L0 
80200252 80200252        0     1                 .L0 
80200252 80200252        0     1                 .L0 
8020025a 8020025a        0     1                 .L0 
8020025a 8020025a        0     1                 .L0 
8020025a 8020025a        0     1                 .L0 
80200262 80200262        0     1                 .L0 
80200262 80200262        0     1                 .L0 
80200266 80200266        0     1                 .L0 
8020026c 8020026c        0     1                 .L0 
80200278 80200278        0     1                 .L0 
80200278 80200278        0     1                 .L0 
8020027a 8020027a        0     1                 .L0 
8020027a 8020027a        0     1                 .L0 
8020027e 8020027e        0     1                 .L0 
8020027e 8020027e        0     1                 .L0 
80200282 80200282        0     1                 .L0 
80200282 80200282        0     1                 .L0 
80200286 80200286        0     1                 .L0 
80200286 80200286        0     1                 .L0 
8020028a 8020028a        0     1                 .L0 
8020028a 8020028a        0     1                 .L0 
8020028e 8020028e        0     1                 .L0 
8020028e 8020028e        0     1                 .L0 
80200292 80200292        0     1                 .L0 
80200292 80200292        0     1                 .L0 
80200296 80200296        0     1                 .L0 
80200296 80200296        0     1                 .L0 
8020029a 8020029a        0     1                 .L0 
8020029a 8020029a        0     1                 .L0 
8020029e 8020029e        0     1                 .L0 
8020029e 8020029e        0     1                 .L0 
802002a0 802002a0        0     1                 .L0 
802002a4 802002a4        0     1                 .L0 
802002a4 802002a4        0     1                 .L0 
802002a8 802002a8        0     1                 .L0 
802002a8 802002a8        0     1                 .L0 
802002ac 802002ac        0     1                 .L0 
802002ac 802002ac        0     1                 .L0 
802002b0 802002b0        0     1                 .L0 
802002b0 802002b0        0     1                 .L0 
802002b4 802002b4        0     1                 .L0 
802002c6 802002c6        0     1                 .L0 
802002c6 802002c6        0     1                 .L0 
802002c8 802002c8        0     1                 .L0 
802002c8 802002c8        0     1                 .L0 
802002c8 802002c8        0     1                 .L0 
802002ce 802002ce        0     1                 .L0 
802002d2 802002d2        0     1                 .L0 
802002d2 802002d2        0     1                 .L0 
802002da 802002da        0     1                 .L0 
802002da 802002da        0     1                 .L0 
802002de 802002de        0     1                 .L0 
802002de 802002de        0     1                 .L0 
802002de 802002de        0     1                 .L0 
802002e8 802002e8        0     1                 .L0 
802002e8 802002e8        0     1                 .L0 
802002ea 802002ea        0     1                 .L0 
802002ee 802002ee        0     1                 .L0 
802002ee 802002ee        0     1                 .L0 
802002ee 802002ee        0     1                 .L0 
802002f0 802002f0        0     1                 .L0 
802002f4 802002f4        0     1                 .L0 
802002f8 802002f8        0     1                 .L0 
802002fc 802002fc        0     1                 .L0 
80200300 80200300        0     1                 .L0 
80200302 80200302        0     1                 .L0 
80200308 80200308        0     1                 .L0 
8020030a 8020030a        0     1                 .L0 
8020030e 8020030e        0     1                 .L0 
80200312 80200312        0     1                 .L0 
80200316 80200316        0     1                 .L0 
80200316 80200316        0     1                 .L0 
80200316 80200316        0     1                 .L0 
80200316 80200316        0     1                 .L0 
80200316 80200316        0     1                 .L0 
80200316 80200316      196     1                 yield
8020031e 8020031e        0     1                 .L0 
8020031e 8020031e        0     1                 .L0 
80200322 80200322        0     1                 .L0 
80200322 80200322        0     1                 .L0 
80200330 80200330        0     1                 .L0 
80200342 80200342        0     1                 .L0 
80200342 80200342        0     1                 .L0 
80200344 80200344        0     1                 .L0 
80200344 80200344        0     1                 .L0 
80200348 80200348        0     1                 .L0 
80200348 80200348        0     1                 .L0 
8020034a 8020034a        0     1                 .L0 
8020034a 8020034a        0     1                 .L0 
8020034e 8020034e        0     1                 .L0 
80200350 80200350        0     1                 .L0 
80200354 80200354        0     1                 .L0 
80200354 80200354        0     1                 .L0 
80200354 80200354        0     1                 .L0 
80200358 80200358        0     1                 .L0 
8020035c 8020035c        0     1                 .L0 
80200364 80200364        0     1                 .L0 
80200370 80200370        0     1                 .L0 
80200370 80200370        0     1                 .L0 
80200372 80200372        0     1                 .L0 
80200376 80200376        0     1                 .L0 
80200378 80200378        0     1                 .L0 
8020037c 8020037c        0     1                 .L0 
8020037c 8020037c        0     1                 .L0 
8020037c 8020037c        0     1                 .L0 
80200380 80200380        0     1                 .L0 
80200384 80200384        0     1                 .L0 
8020038c 8020038c        0     1                 .L0 
80200398 80200398        0     1                 .L0 
80200398 80200398        0     1                 .L0 
8020039c 8020039c        0     1                 .L0 
802003a0 802003a0        0     1                 .L0 
802003a2 802003a2        0     1                 .L0 
802003a6 802003a6        0     1                 .L0 
802003a6 802003a6        0     1                 .L0 
802003a6 802003a6        0     1                 .L0 
802003aa 802003aa        0     1                 .L0 
802003ae 802003ae        0     1                 .L0 
802003b6 802003b6        0     1                 .L0 
802003c2 802003c2        0     1                 .L0 
802003c2 802003c2        0     1                 .L0 
802003c4 802003c4        0     1                 .L0 
802003c8 802003c8        0     1                 .L0 
802003ca 802003ca        0     1                 .L0 
802003ce 802003ce        0     1                 .L0 
802003ce 802003ce        0     1                 .L0 
802003ce 802003ce        0     1                 .L0 
802003d2 802003d2        0     1                 .L0 
802003d6 802003d6        0     1                 .L0 
802003de 802003de        0     1                 .L0 
802003ea 802003ea        0     1                 .L0 
802003ea 802003ea        0     1                 .L0 
802003ee 802003ee        0     1                 .L0 
802003f2 802003f2        0     1                 .L0 
802003f4 802003f4        0     1                 .L0 
802003f8 802003f8        0     1                 .L0 
802003f8 802003f8        0     1                 .L0 
802003f8 802003f8        0     1                 .L0 
802003fc 802003fc        0     1                 .L0 
80200400 80200400        0     1                 .L0 
80200408 80200408        0     1                 .L0 
80200414 80200414        0     1                 .L0 
80200414 80200414        0     1                 .L0 
80200416 80200416        0     1                 .L0 
8020041a 8020041a        0     1                 .L0 
8020041c 8020041c        0     1                 .L0 
80200420 80200420        0     1                 .L0 
80200420 80200420        0     1                 .L0 
80200420 80200420        0     1                 .L0 
80200424 80200424        0     1                 .L0 
80200428 80200428        0     1                 .L0 
80200430 80200430        0     1                 .L0 
8020043c 8020043c        0     1                 .L0 
8020043c 8020043c        0     1                 .L0 
80200440 80200440        0     1                 .L0 
80200444 80200444        0     1                 .L0 
80200446 80200446        0     1                 .L0 
8020044a 8020044a        0     1                 .L0 
8020044a 8020044a        0     1                 .L0 
8020044a 8020044a        0     1                 .L0 
8020044c 8020044c        0     1                 .L0 
80200458 80200458        0     1                 .L0 
80200464 80200464        0     1                 .L0 
80200466 80200466        0     1                 .L0 
8020046a 8020046a        0     1                 .L0 
8020046c 8020046c        0     1                 .L0 
80200470 80200470        0     1                 .L0 
80200470 80200470        0     1                 .L0 
80200470 80200470        0     1                 .L0 
80200472 80200472        0     1                 .L0 
80200472 80200472        0     1                 .L0 
80200472 80200472        0     1                 .L0 
80200476 80200476        0     1                 .L0 
8020047e 8020047e        0     1                 .L0 
80200480 80200480        0     1                 .L0 
80200482 80200482        0     1                 .L0 
80200488 80200488        0     1                 .L0 
8020048a 8020048a        0     1                 .L0 
8020049a 8020049a        0     1                 .L0 
8020049e 8020049e        0     1                 .L0 
8020049e 8020049e        0     1                 .L0 
802004a0 802004a0        0     1                 .L0 
802004a0 802004a0        0     1                 .L0 
802004a4 802004a4        0     1                 .L0 
802004a8 802004a8        0     1                 .L0 
802004a8 802004a8        0     1                 .L0 
802004aa 802004aa        0     1                 .L0 
802004aa 802004aa        0     1                 .L0 
802004ac 802004ac        0     1                 .L0 
802004ac 802004ac        0     1                 .L0 
802004ac 802004ac        0     1                 .L0 
802004ac 802004ac        0     1                 .L0 
802004ac 802004ac        0     1                 .L0 
802004ac 802004ac       10     1                 delay
802004b4 802004b4        0     1                 .L0 
802004b4 802004b4        0     1                 .L0 
802004b4 802004b4        0     1                 .L0 
802004b6 802004b6        0     1                 .L0 
802004b6 802004b6        0     1                 .L0 
802004b8 802004b8        0     1                 .L0 
802004b8 802004b8        0     1                 .L0 
802004ba 802004ba        0     1                 .L0 
802004ba 802004ba        0     1                 .L0 
802004bc 802004bc        0     1                 .L0 
802004bc 802004bc        0     1                 .L0 
802004bc 802004bc        0     1                 .L0 
802004bc 802004bc        0     1                 .L0 
802004bc 802004bc        0     1                 .L0 
802004bc 802004bc       3a     1                 proc_a_entry
802004c2 802004c2        0     1                 .L0 
802004cc 802004cc        0     1                 .L0 
802004cc 802004cc        0     1                 .L0 
802004d4 802004d4        0     1                 .L0 
802004d4 802004d4        0     1                 .L0 
802004d4 802004d4        0     1                 .L0 
802004ea 802004ea        0     1                 .L0 
802004ea 802004ea        0     1                 .L0 
802004ec 802004ec        0     1                 .L0 
802004ec 802004ec        0     1                 .L0 
802004ec 802004ec        0     1                 .L0 
802004ee 802004ee        0     1                 .L0 
802004ee 802004ee        0     1                 .L0 
802004f0 802004f0        0     1                 .L0 
802004f0 802004f0        0     1                 .L0 
802004f2 802004f2        0     1                 .L0 
802004f2 802004f2        0     1                 .L0 
802004f4 802004f4        0     1                 .L0 
802004f4 802004f4        0     1                 .L0 
802004f6 802004f6        0     1                 .L0 
802004f6 802004f6        0     1                 .L0 
802004f6 802004f6        0     1                 .L0 
802004f6 802004f6        0     1                 .L0 
802004f6 802004f6        0     1                 .L0 
802004f6 802004f6       3a     1                 proc_b_entry
802004fc 802004fc        0     1                 .L0 
80200506 80200506        0     1                 .L0 
80200506 80200506        0     1                 .L0 
8020050e 8020050e        0     1                 .L0 
8020050e 8020050e        0     1                 .L0 
8020050e 8020050e        0     1                 .L0 
80200524 80200524        0     1                 .L0 
80200524 80200524        0     1                 .L0 
80200526 80200526        0     1                 .L0 
80200526 80200526        0     1                 .L0 
80200526 80200526        0     1                 .L0 
80200528 80200528        0     1                 .L0 
80200528 80200528        0     1                 .L0 
8020052a 8020052a        0     1                 .L0 
8020052a 8020052a        0     1                 .L0 
8020052c 8020052c        0     1                 .L0 
8020052c 8020052c        0     1                 .L0 
8020052e 8020052e        0     1                 .L0 
8020052e 8020052e        0     1                 .L0 
80200530 80200530        0     1                 .L0 
80200530 80200530        0     1                 .L0 
80200530 80200530        0     1                 .L0 
80200530 80200530        0     1                 .L0 
80200530 80200530        0     1                 .L0 
80200530 80200530       9a     1                 kernel_entry
802005ca 802005ca        0     1                 .L0 
802005ca 802005ca        0     1                 .L0 
802005ca 802005ca        0     1                 .L0 
802005ca 802005ca        0     1                 .L0 
802005ca 802005ca        0     1                 .L0 
802005ca 802005ca       7a     1                 kernel_main
802005d0 802005d0        0     1                 .L0 
802005e6 802005e6        0     1                 .L0 
802005e6 802005e6        0     1                 .L0 
802005f0 802005f0        0     1                 .L0 
802005f0 802005f0        0     1                 .L0 
802005f8 802005f8        0     1                 .L0 
802005fc 802005fc        0     1                 .L0 
802005fc 802005fc        0     1                 .L0 
802005fe 802005fe        0     1                 .L0 
80200600 80200600        0     1                 .L0 
80200600 80200600        0     1                 .L0 
8020060c 8020060c        0     1                 .L0 
80200610 80200610        0     1                 .L0 
80200612 80200612        0     1                 .L0 
8020061c 8020061c        0     1                 .L0 
8020061c 8020061c        0     1                 .L0 
8020061e 8020061e        0     1                 .L0 
80200628 80200628        0     1                 .L0 
80200628 80200628        0     1                 .L0 
8020062a 8020062a        0     1                 .L0 
8020062c 8020062c        0     1                 .L0 
8020062c 8020062c        0     1                 .L0 
80200642 80200642        0     1                 .L0 
80200642 80200642        0     1                 .L0 
80200644 80200644        0     1                 .L0 
80200644 80200644        0     1                 .L0 
80200644 80200644        0     1                 .L0 
80200644 80200644        0     1                 .L0 
80200644 80200644        0     1                 .L0 
80200644 80200644       28     1                 handle_trap
80200648 80200648        0     1                 .L0 
80200648 80200648        0     1                 .L0 
8020064c 8020064c        0     1                 .L0 
8020064c 8020064c        0     1                 .L0 
80200650 80200650        0     1                 .L0 
80200650 80200650        0     1                 .L0 
80200654 80200654        0     1                 .L0 
80200654 80200654        0     1                 .L0 
80200658 80200658        0     1                 .L0 
8020066a 8020066a        0     1                 .L0 
8020066a 8020066a        0     1                 .L0 
8020066c 8020066c        0     1                 .L0 
8020066c 8020066c        0     1                 .L0 
8020066c 8020066c      202     2         /tmp/common-2c0eb6.o:(.text)
8020066c 8020066c        0     1                 .L0 
8020066c 8020066c        0     1                 .L0 
8020066c 8020066c        0     1                 $x
8020066c 8020066c        0     1                 .L0 
8020066c 8020066c      1a4     1                 printf
80200688 80200688        0     1                 .L0 
802006b2 802006b2        0     1                 .L0 
802006c2 802006c2        0     1                 .L0 
802006c2 802006c2        0     1                 .L0 
802006c6 802006c6        0     1                 .L0 
802006c6 802006c6        0     1                 .L0 
802006c8 802006c8        0     1                 .L0 
802006c8 802006c8        0     1                 .L0 
802006cc 802006cc        0     1                 .L0 
802006d4 802006d4        0     1                 .L0 
802006d4 802006d4        0     1                 .L0 
802006d6 802006d6        0     1                 .L0 
802006d6 802006d6        0     1                 .L0 
802006d8 802006d8        0     1                 .L0 
802006da 802006da        0     1                 .L0 
802006da 802006da        0     1                 .L0 
802006de 802006de        0     1                 .L0 
802006e0 802006e0        0     1                 .L0 
802006f0 802006f0        0     1                 .L0 
802006f0 802006f0        0     1                 .L0 
802006fc 802006fc        0     1                 .L0 
802006fc 802006fc        0     1                 .L0 
80200700 80200700        0     1                 .L0 
80200700 80200700        0     1                 .L0 
80200702 80200702        0     1                 .L0 
80200708 80200708        0     1                 .L0 
80200708 80200708        0     1                 .L0 
80200708 80200708        0     1                 .L0 
80200710 80200710        0     1                 .L0 
80200710 80200710        0     1                 .L0 
8020071a 8020071a        0     1                 .L0 
8020071a 8020071a        0     1                 .L0 
8020071e 8020071e        0     1                 .L0 
8020071e 8020071e        0     1                 .L0 
80200720 80200720        0     1                 .L0 
80200724 80200724        0     1                 .L0 
80200726 80200726        0     1                 .L0 
80200726 80200726        0     1                 .L0 
8020072c 8020072c        0     1                 .L0 
8020072c 8020072c        0     1                 .L0 
8020072e 8020072e        0     1                 .L0 
80200732 80200732        0     1                 .L0 
80200734 80200734        0     1                 .L0 
80200734 80200734        0     1                 .L0 
8020073a 8020073a        0     1                 .L0 
8020073a 8020073a        0     1                 .L0 
8020073c 8020073c        0     1                 .L0 
80200740 80200740        0     1                 .L0 
80200742 80200742        0     1                 .L0 
80200742 80200742        0     1                 .L0 
80200748 80200748        0     1                 .L0 
80200748 80200748        0     1                 .L0 
8020074a 8020074a        0     1                 .L0 
8020074e 8020074e        0     1                 .L0 
80200750 80200750        0     1                 .L0 
80200750 80200750        0     1                 .L0 
80200756 80200756        0     1                 .L0 
80200756 80200756        0     1                 .L0 
80200758 80200758        0     1                 .L0 
8020075c 8020075c        0     1                 .L0 
8020075e 8020075e        0     1                 .L0 
8020075e 8020075e        0     1                 .L0 
80200764 80200764        0     1                 .L0 
80200764 80200764        0     1                 .L0 
80200766 80200766        0     1                 .L0 
8020076a 8020076a        0     1                 .L0 
8020076c 8020076c        0     1                 .L0 
8020076c 8020076c        0     1                 .L0 
80200772 80200772        0     1                 .L0 
80200772 80200772        0     1                 .L0 
80200774 80200774        0     1                 .L0 
80200778 80200778        0     1                 .L0 
8020077a 8020077a        0     1                 .L0 
8020077a 8020077a        0     1                 .L0 
8020077c 8020077c        0     1                 .L0 
8020077c 8020077c        0     1                 .L0 
8020077e 8020077e        0     1                 .L0 
80200782 80200782        0     1                 .L0 
80200782 80200782        0     1                 .L0 
80200784 80200784        0     1                 .L0 
80200784 80200784        0     1                 .L0 
80200786 80200786        0     1                 .L0 
80200788 80200788        0     1                 .L0 
80200788 80200788        0     1                 .L0 
80200788 80200788        0     1                 .L0 
80200792 80200792        0     1                 .L0 
80200792 80200792        0     1                 .L0 
80200796 80200796        0     1                 .L0 
8020079c 8020079c        0     1                 .L0 
8020079c 8020079c        0     1                 .L0 
8020079c 8020079c        0     1                 .L0 
802007a2 802007a2        0     1                 .L0 
802007a2 802007a2        0     1                 .L0 
802007a6 802007a6        0     1                 .L0 
802007a8 802007a8        0     1                 .L0 
802007ac 802007ac        0     1                 .L0 
802007ac 802007ac        0     1                 .L0 
802007ac 802007ac        0     1                 .L0 
802007b2 802007b2        0     1                 .L0 
802007b2 802007b2        0     1                 .L0 
802007b6 802007b6        0     1                 .L0 
802007b6 802007b6        0     1                 .L0 
802007b8 802007b8        0     1                 .L0 
802007bc 802007bc        0     1                 .L0 
802007bc 802007bc        0     1                 .L0 
802007bc 802007bc        0     1                 .L0 
802007c0 802007c0        0     1                 .L0 
802007c4 802007c4        0     1                 .L0 
802007c8 802007c8        0     1                 .L0 
802007c8 802007c8        0     1                 .L0 
802007c8 802007c8        0     1                 .L0 
802007ca 802007ca        0     1                 .L0 
802007ca 802007ca        0     1                 .L0 
802007ce 802007ce        0     1                 .L0 
802007d2 802007d2        0     1                 .L0 
802007d8 802007d8        0     1                 .L0 
802007d8 802007d8        0     1                 .L0 
802007e0 802007e0        0     1                 .L0 
802007e6 802007e6        0     1                 .L0 
802007e6 802007e6        0     1                 .L0 
802007ec 802007ec        0     1                 .L0 
802007ec 802007ec        0     1                 .L0 
802007ec 802007ec        0     1                 .L0 
802007f2 802007f2        0     1                 .L0 
802007f2 802007f2        0     1                 .L0 
802007f2 802007f2        0     1                 .L0 
802007f6 802007f6        0     1                 .L0 
8020080c 8020080c        0     1                 .L0 
80200810 80200810        0     1                 .L0 
80200810 80200810        0     1                 .L0 
80200810 80200810        0     1                 .L0 
80200810 80200810        0     1                 .L0 
80200810 80200810        0     1                 .L0 
80200810 80200810       16     1                 memset
80200814 80200814        0     1                 .L0 
80200814 80200814        0     1                 .L0 
80200816 80200816        0     1                 .L0 
80200816 80200816        0     1                 .L0 
80200816 80200816        0     1                 .L0 
8020081a 8020081a        0     1                 .L0 
8020081a 8020081a        0     1                 .L0 
80200820 80200820        0     1                 .L0 
80200820 80200820        0     1                 .L0 
80200824 80200824        0     1                 .L0 
80200824 80200824        0     1                 .L0 
80200824 80200824        0     1                 .L0 
80200826 80200826        0     1                 .L0 
80200826 80200826        0     1                 .L0 
80200826 80200826        0     1                 .L0 
80200826 80200826        0     1                 .L0 
80200826 80200826        0     1                 .L0 
80200826 80200826       24     1                 strcpy
8020082c 8020082c        0     1                 .L0 
80200830 80200830        0     1                 .L0 
80200830 80200830        0     1                 .L0 
80200832 80200832        0     1                 .L0 
80200832 80200832        0     1                 .L0 
80200832 80200832        0     1                 .L0 
80200836 80200836        0     1                 .L0 
8020083a 8020083a        0     1                 .L0 
8020083e 8020083e        0     1                 .L0 
8020083e 8020083e        0     1                 .L0 
80200840 80200840        0     1                 .L0 
80200840 80200840        0     1                 .L0 
80200842 80200842        0     1                 .L0 
80200844 80200844        0     1                 .L0 
80200844 80200844        0     1                 .L0 
80200844 80200844        0     1                 .L0 
80200848 80200848        0     1                 .L0 
8020084a 8020084a        0     1                 .L0 
8020084a 8020084a        0     1                 .L0 
8020084a 8020084a        0     1                 .L0 
8020084a 8020084a        0     1                 .L0 
8020084a 8020084a        0     1                 .L0 
8020084a 8020084a       24     1                 strcmp
8020084e 8020084e        0     1                 .L0 
80200850 80200850        0     1                 .L0 
80200852 80200852        0     1                 .L0 
80200852 80200852        0     1                 .L0 
80200852 80200852        0     1                 .L0 
80200856 80200856        0     1                 .L0 
8020085a 8020085a        0     1                 .L0 
8020085a 8020085a        0     1                 .L0 
8020085e 8020085e        0     1                 .L0 
80200860 80200860        0     1                 .L0 
80200862 80200862        0     1                 .L0 
80200864 80200864        0     1                 .L0 
80200864 80200864        0     1                 .L0 
80200868 80200868        0     1                 .L0 
8020086c 8020086c        0     1                 .L0 
8020086e 8020086e        0     1                 .L0 
8020086e 8020086e        0     1                 .L0 
80200870 80200870      130     4 .rodata
80200870 80200870      130     1         <internal>:(.rodata.str1.1)
802009a0 802009a0        4     4 .data
802009a0 802009a0        4     4         /tmp/kernel-8a6c9f.o:(.data)
802009a0 802009a0        4     1                 alloc_pages.next_paddr
802009a0 802009a0        0     1                 $d
802009a4 802009a4    10090     4 .bss
802009a4 802009a4        0     1         __bss = .
802009a4 802009a4    10090     4         /tmp/kernel-8a6c9f.o:(.bss)
802009a4 802009a4        0     1                 $d
802009a4 802009a4    10080     1                 procs
80210a24 80210a24       10     1                 .L_MergedGlobals
80210a24 80210a24        4     1                 idle_proc
80210a28 80210a28        4     1                 current_proc
80210a2c 80210a2c        4     1                 proc_a
80210a30 80210a30        4     1                 proc_b
80210a34 80210a34        0     1         __bss_end = .
80210a34 80210a34        0     1 . = ALIGN(4)
80210a34 80210a34    20000     1 . += 128 * 1024
80230a34 80230a34        0     1 __stack_top = .
80230a34 80230a34      5cc     1 . = ALIGN(4096)
80231000 80231000        0     1 __free_ram = .
80231000 80231000  4000000     1 . += 64 * 1024 * 1024
84231000 84231000        0     1 __free_ram_end = .
       0        0      5e7     1 .debug_loclists
       0        0      448     1         /tmp/kernel-8a6c9f.o:(.debug_loclists)
       0        0        0     1                 $d
       c        c        0     1                 .L0 
     448      448      19f     1         /tmp/common-2c0eb6.o:(.debug_loclists)
     448      448        0     1                 $d
     454      454        0     1                 .L0 
       0        0      3be     1 .debug_abbrev
       0        0      296     1         /tmp/kernel-8a6c9f.o:(.debug_abbrev)
       0        0        0     1                 $d
     296      296      128     1         /tmp/common-2c0eb6.o:(.debug_abbrev)
     296      296        0     1                 $d
       0        0      ac0     1 .debug_info
       0        0      8d1     1         /tmp/kernel-8a6c9f.o:(.debug_info)
       0        0        0     1                 $d
     8d1      8d1      1ef     1         /tmp/common-2c0eb6.o:(.debug_info)
     8d1      8d1        0     1                 $d
       0        0       55     1 .debug_rnglists
       0        0       3a     1         /tmp/kernel-8a6c9f.o:(.debug_rnglists)
       0        0        0     1                 $d
       c        c        0     1                 .L0 
      3a       3a       1b     1         /tmp/common-2c0eb6.o:(.debug_rnglists)
      3a       3a        0     1                 $d
      46       46        0     1                 .L0 
       0        0      240     1 .debug_str_offsets
       0        0      1ac     1         /tmp/kernel-8a6c9f.o:(.debug_str_offsets)
       0        0        0     1                 $d
       8        8        0     1                 .L0 
     1ac      1ac       94     1         /tmp/common-2c0eb6.o:(.debug_str_offsets)
     1ac      1ac        0     1                 $d
     1b4      1b4        0     1                 .L0 
       0        0      310     1 .debug_str
       0        0      310     1         <internal>:(.debug_str)
       0        0      150     1 .debug_addr
       0        0       f4     1         /tmp/kernel-8a6c9f.o:(.debug_addr)
       0        0        0     1                 $d
       8        8        0     1                 .L0 
      f4       f4       5c     1         /tmp/common-2c0eb6.o:(.debug_addr)
      f4       f4        0     1                 $d
      fc       fc        0     1                 .L0 
       0        0       29     1 .comment
       0        0       29     1         <internal>:(.comment)
       0        0       47     1 .riscv.attributes
       0        0       47     1         <internal>:(.riscv.attributes)
       0        0      1ec     4 .debug_frame
       0        0      164     4         /tmp/kernel-8a6c9f.o:(.debug_frame)
       0        0        0     1                 .L0 
       0        0        0     1                 $d
     164      164       88     4         /tmp/common-2c0eb6.o:(.debug_frame)
     164      164        0     1                 .L0 
     164      164        0     1                 $d
       0        0      b5f     1 .debug_line
       0        0      7ed     1         /tmp/kernel-8a6c9f.o:(.debug_line)
       0        0        0     1                 .Lline_table_start0
       0        0        0     1                 $d
     7ed      7ed      372     1         /tmp/common-2c0eb6.o:(.debug_line)
     7ed      7ed        0     1                 .Lline_table_start0
     7ed      7ed        0     1                 $d
       0        0       3a     1 .debug_line_str
       0        0       3a     1         <internal>:(.debug_line_str)
       0        0      400     4 .symtab
       0        0      400     4         <internal>:(.symtab)
       0        0       dc     1 .shstrtab
       0        0       dc     1         <internal>:(.shstrtab)
       0        0      1a6     1 .strtab
       0        0      1a6     1         <internal>:(.strtab)
