     VMA      LMA     Size Align Out     In      Symbol
       0        0 80200000     1 . = 0x80200000
80200000        0        0     1 __kernel_base = .
80200000 80200000      98a     4 .text
80200000 80200000        e     2         /tmp/kernel-a65a5b.o:(.text.boot)
80200000 80200000        0     1                 .L0 
80200000 80200000        0     1                 .L0 
80200000 80200000        0     1                 $x
80200000 80200000        0     1                 .L0 
80200000 80200000        e     1                 boot
8020000e 8020000e        0     1                 .L0 
8020000e 8020000e        0     1                 .L0 
80200010 80200010      75c     4         /tmp/kernel-a65a5b.o:(.text)
80200010 80200010        0     1                 .L0 
80200010 80200010        0     1                 .L0 
80200010 80200010        0     1                 $x
80200010 80200010        0     1                 .L0 
80200010 80200010        6     1                 sbi_call
80200014 80200014        0     1                 .L0 
80200016 80200016        0     1                 .L0 
80200016 80200016        0     1                 .L0 
80200016 80200016        0     1                 .L0 
80200016 80200016       4e     1                 alloc_pages
8020001c 8020001c        0     1                 .L0 
8020001c 8020001c        0     1                 .L0 
80200024 80200024        0     1                 .L0 
80200024 80200024        0     1                 .L0 
80200028 80200028        0     1                 .L0 
8020002c 8020002c        0     1                 .L0 
8020002c 8020002c        0     1                 .L0 
80200034 80200034        0     1                 .L0 
80200038 80200038        0     1                 .L0 
8020003c 8020003c        0     1                 .L0 
80200050 80200050        0     1                 .L0 
80200050 80200050        0     1                 .L0 
80200052 80200052        0     1                 .L0 
80200052 80200052        0     1                 .L0 
8020005a 8020005a        0     1                 .L0 
8020005a 8020005a        0     1                 .L0 
8020005c 8020005c        0     1                 .L0 
80200060 80200060        0     1                 .L0 
80200060 80200060        0     1                 .L0 
80200064 80200064        0     1                 .L0 
80200064 80200064        0     1                 .L0 
80200064 80200064        0     1                 .L0 
80200064 80200064        0     1                 .L0 
80200064 80200064        0     1                 .L0 
80200064 80200064       d8     1                 map_page
80200072 80200072        0     1                 .L0 
80200074 80200074        0     1                 .L0 
80200074 80200074        0     1                 .L0 
80200078 80200078        0     1                 .L0 
8020007c 8020007c        0     1                 .L0 
8020008c 8020008c        0     1                 .L0 
8020008e 8020008e        0     1                 .L0 
80200090 80200090        0     1                 .L0 
80200090 80200090        0     1                 .L0 
80200092 80200092        0     1                 .L0 
80200092 80200092        0     1                 .L0 
80200092 80200092        0     1                 .L0 
80200096 80200096        0     1                 .L0 
80200098 80200098        0     1                 .L0 
8020009a 8020009a        0     1                 .L0 
8020009e 8020009e        0     1                 .L0 
802000ac 802000ac        0     1                 .L0 
802000b0 802000b0        0     1                 .L0 
802000b2 802000b2        0     1                 .L0 
802000b2 802000b2        0     1                 .L0 
802000b4 802000b4        0     1                 .L0 
802000b4 802000b4        0     1                 .L0 
802000b4 802000b4        0     1                 .L0 
802000c0 802000c0        0     1                 .L0 
802000c0 802000c0        0     1                 .L0 
802000c6 802000c6        0     1                 .L0 
802000c6 802000c6        0     1                 .L0 
802000ce 802000ce        0     1                 .L0 
802000ce 802000ce        0     1                 .L0 
802000d0 802000d0        0     1                 .L0 
802000d2 802000d2        0     1                 .L0 
802000da 802000da        0     1                 .L0 
802000de 802000de        0     1                 .L0 
802000e2 802000e2        0     1                 .L0 
802000f4 802000f4        0     1                 .L0 
802000f6 802000f6        0     1                 .L0 
802000f6 802000f6        0     1                 .L0 
802000f8 802000f8        0     1                 .L0 
802000f8 802000f8        0     1                 .L0 
802000f8 802000f8        0     1                 .L0 
802000fa 802000fa        0     1                 .L0 
802000fa 802000fa        0     1                 .L0 
80200102 80200102        0     1                 .L0 
80200106 80200106        0     1                 .L0 
80200106 80200106        0     1                 .L0 
8020010a 8020010a        0     1                 .L0 
8020010a 8020010a        0     1                 .L0 
80200110 80200110        0     1                 .L0 
80200112 80200112        0     1                 .L0 
80200114 80200114        0     1                 .L0 
80200114 80200114        0     1                 .L0 
80200114 80200114        0     1                 .L0 
80200116 80200116        0     1                 .L0 
80200118 80200118        0     1                 .L0 
8020011a 8020011a        0     1                 .L0 
8020011a 8020011a        0     1                 .L0 
8020011e 8020011e        0     1                 .L0 
80200120 80200120        0     1                 .L0 
80200120 80200120        0     1                 .L0 
80200122 80200122        0     1                 .L0 
80200126 80200126        0     1                 .L0 
8020012a 8020012a        0     1                 .L0 
8020012a 8020012a        0     1                 .L0 
8020012c 8020012c        0     1                 .L0 
80200138 80200138        0     1                 .L0 
8020013c 8020013c        0     1                 .L0 
8020013c 8020013c        0     1                 .L0 
8020013c 8020013c        0     1                 .L0 
8020013c 8020013c        0     1                 .L0 
8020013c 8020013c        0     1                 .L0 
8020013c 8020013c       14     1                 user_entry
80200144 80200144        0     1                 .L0 
80200150 80200150        0     1                 .L0 
80200150 80200150        0     1                 .L0 
80200150 80200150        0     1                 .L0 
80200150 80200150       46     1                 switch_context
80200196 80200196        0     1                 .L0 
80200196 80200196        0     1                 .L0 
80200196 80200196        0     1                 .L0 
80200196 80200196       14     1                 putchar
802001a8 802001a8        0     1                 .L0 
802001a8 802001a8        0     1                 .L0 
802001aa 802001aa        0     1                 .L0 
802001aa 802001aa        0     1                 .L0 
802001aa 802001aa        0     1                 .L0 
802001aa 802001aa       16     1                 getchar
802001be 802001be        0     1                 .L0 
802001be 802001be        0     1                 .L0 
802001c0 802001c0        0     1                 .L0 
802001c0 802001c0        0     1                 .L0 
802001c0 802001c0        0     1                 .L0 
802001c0 802001c0        0     1                 .L0 
802001c0 802001c0      214     1                 create_process
802001dc 802001dc        0     1                 .L0 
802001de 802001de        0     1                 .L0 
802001de 802001de        0     1                 .L0 
802001ec 802001ec        0     1                 .L0 
802001ec 802001ec        0     1                 .L0 
802001ee 802001ee        0     1                 .L0 
802001ee 802001ee        0     1                 .L0 
802001f6 802001f6        0     1                 .L0 
802001f8 802001f8        0     1                 .L0 
802001f8 802001f8        0     1                 .L0 
80200200 80200200        0     1                 .L0 
80200202 80200202        0     1                 .L0 
80200202 80200202        0     1                 .L0 
8020020a 8020020a        0     1                 .L0 
8020020c 8020020c        0     1                 .L0 
8020020c 8020020c        0     1                 .L0 
80200214 80200214        0     1                 .L0 
80200216 80200216        0     1                 .L0 
80200216 80200216        0     1                 .L0 
8020021e 8020021e        0     1                 .L0 
80200220 80200220        0     1                 .L0 
80200220 80200220        0     1                 .L0 
80200228 80200228        0     1                 .L0 
8020022a 8020022a        0     1                 .L0 
8020022a 8020022a        0     1                 .L0 
80200232 80200232        0     1                 .L0 
80200234 80200234        0     1                 .L0 
80200234 80200234        0     1                 .L0 
8020024a 8020024a        0     1                 .L0 
8020024a 8020024a        0     1                 .L0 
8020024c 8020024c        0     1                 .L0 
8020024c 8020024c        0     1                 .L0 
8020024c 8020024c        0     1                 .L0 
80200250 80200250        0     1                 .L0 
80200250 80200250        0     1                 .L0 
80200256 80200256        0     1                 .L0 
80200258 80200258        0     1                 .L0 
80200258 80200258        0     1                 .L0 
80200258 80200258        0     1                 .L0 
80200260 80200260        0     1                 .L0 
80200262 80200262        0     1                 .L0 
80200262 80200262        0     1                 .L0 
80200262 80200262        0     1                 .L0 
8020026a 8020026a        0     1                 .L0 
8020026c 8020026c        0     1                 .L0 
8020026c 8020026c        0     1                 .L0 
8020026c 8020026c        0     1                 .L0 
80200274 80200274        0     1                 .L0 
80200276 80200276        0     1                 .L0 
80200276 80200276        0     1                 .L0 
80200276 80200276        0     1                 .L0 
8020027e 8020027e        0     1                 .L0 
80200280 80200280        0     1                 .L0 
80200280 80200280        0     1                 .L0 
80200280 80200280        0     1                 .L0 
80200288 80200288        0     1                 .L0 
8020028a 8020028a        0     1                 .L0 
8020028a 8020028a        0     1                 .L0 
8020028a 8020028a        0     1                 .L0 
80200292 80200292        0     1                 .L0 
80200292 80200292        0     1                 .L0 
80200292 80200292        0     1                 .L0 
8020029a 8020029a        0     1                 .L0 
8020029a 8020029a        0     1                 .L0 
8020029c 8020029c        0     1                 .L0 
8020029c 8020029c        0     1                 .L0 
802002a6 802002a6        0     1                 .L0 
802002a6 802002a6        0     1                 .L0 
802002ac 802002ac        0     1                 .L0 
802002b8 802002b8        0     1                 .L0 
802002b8 802002b8        0     1                 .L0 
802002ba 802002ba        0     1                 .L0 
802002ba 802002ba        0     1                 .L0 
802002be 802002be        0     1                 .L0 
802002be 802002be        0     1                 .L0 
802002c2 802002c2        0     1                 .L0 
802002c2 802002c2        0     1                 .L0 
802002c6 802002c6        0     1                 .L0 
802002c6 802002c6        0     1                 .L0 
802002ca 802002ca        0     1                 .L0 
802002ca 802002ca        0     1                 .L0 
802002ce 802002ce        0     1                 .L0 
802002ce 802002ce        0     1                 .L0 
802002d2 802002d2        0     1                 .L0 
802002d2 802002d2        0     1                 .L0 
802002d6 802002d6        0     1                 .L0 
802002d6 802002d6        0     1                 .L0 
802002da 802002da        0     1                 .L0 
802002da 802002da        0     1                 .L0 
802002de 802002de        0     1                 .L0 
802002de 802002de        0     1                 .L0 
802002e2 802002e2        0     1                 .L0 
802002e6 802002e6        0     1                 .L0 
802002e6 802002e6        0     1                 .L0 
802002ea 802002ea        0     1                 .L0 
802002ea 802002ea        0     1                 .L0 
802002ee 802002ee        0     1                 .L0 
802002ee 802002ee        0     1                 .L0 
802002f2 802002f2        0     1                 .L0 
802002f2 802002f2        0     1                 .L0 
80200306 80200306        0     1                 .L0 
80200306 80200306        0     1                 .L0 
80200308 80200308        0     1                 .L0 
80200308 80200308        0     1                 .L0 
8020030a 8020030a        0     1                 .L0 
80200314 80200314        0     1                 .L0 
80200314 80200314        0     1                 .L0 
8020031c 8020031c        0     1                 .L0 
8020031c 8020031c        0     1                 .L0 
80200320 80200320        0     1                 .L0 
80200320 80200320        0     1                 .L0 
80200320 80200320        0     1                 .L0 
8020032a 8020032a        0     1                 .L0 
8020032a 8020032a        0     1                 .L0 
8020032c 8020032c        0     1                 .L0 
80200330 80200330        0     1                 .L0 
80200330 80200330        0     1                 .L0 
80200330 80200330        0     1                 .L0 
80200334 80200334        0     1                 .L0 
80200346 80200346        0     1                 .L0 
80200346 80200346        0     1                 .L0 
80200348 80200348        0     1                 .L0 
80200348 80200348        0     1                 .L0 
8020034a 8020034a        0     1                 .L0 
8020034e 8020034e        0     1                 .L0 
8020034e 8020034e        0     1                 .L0 
80200352 80200352        0     1                 .L0 
8020035a 8020035a        0     1                 .L0 
8020035a 8020035a        0     1                 .L0 
8020035c 8020035c        0     1                 .L0 
8020035c 8020035c        0     1                 .L0 
80200364 80200364        0     1                 .L0 
80200368 80200368        0     1                 .L0 
80200368 80200368        0     1                 .L0 
80200368 80200368        0     1                 .L0 
8020036c 8020036c        0     1                 .L0 
8020036c 8020036c        0     1                 .L0 
80200374 80200374        0     1                 .L0 
80200378 80200378        0     1                 .L0 
80200380 80200380        0     1                 .L0 
80200380 80200380        0     1                 .L0 
80200382 80200382        0     1                 .L0 
80200382 80200382        0     1                 .L0 
80200386 80200386        0     1                 .L0 
80200386 80200386        0     1                 .L0 
8020038a 8020038a        0     1                 .L0 
8020038e 8020038e        0     1                 .L0 
80200392 80200392        0     1                 .L0 
80200396 80200396        0     1                 .L0 
8020039a 8020039a        0     1                 .L0 
8020039e 8020039e        0     1                 .L0 
802003a0 802003a0        0     1                 .L0 
802003aa 802003aa        0     1                 .L0 
802003ae 802003ae        0     1                 .L0 
802003b0 802003b0        0     1                 .L0 
802003b4 802003b4        0     1                 .L0 
802003ba 802003ba        0     1                 .L0 
802003be 802003be        0     1                 .L0 
802003be 802003be        0     1                 .L0 
802003be 802003be        0     1                 .L0 
802003d2 802003d2        0     1                 .L0 
802003d2 802003d2        0     1                 .L0 
802003d4 802003d4        0     1                 .L0 
802003d4 802003d4        0     1                 .L0 
802003d4 802003d4        0     1                 .L0 
802003d4 802003d4        0     1                 .L0 
802003d4 802003d4        0     1                 .L0 
802003d4 802003d4        0     1                 .L0 
802003d4 802003d4      194     1                 yield
802003dc 802003dc        0     1                 .L0 
802003dc 802003dc        0     1                 .L0 
802003e0 802003e0        0     1                 .L0 
802003e0 802003e0        0     1                 .L0 
802003ee 802003ee        0     1                 .L0 
80200400 80200400        0     1                 .L0 
80200400 80200400        0     1                 .L0 
80200402 80200402        0     1                 .L0 
80200402 80200402        0     1                 .L0 
80200406 80200406        0     1                 .L0 
80200406 80200406        0     1                 .L0 
80200408 80200408        0     1                 .L0 
80200408 80200408        0     1                 .L0 
8020040c 8020040c        0     1                 .L0 
8020040e 8020040e        0     1                 .L0 
80200412 80200412        0     1                 .L0 
80200412 80200412        0     1                 .L0 
80200412 80200412        0     1                 .L0 
80200416 80200416        0     1                 .L0 
8020041a 8020041a        0     1                 .L0 
80200422 80200422        0     1                 .L0 
8020042e 8020042e        0     1                 .L0 
8020042e 8020042e        0     1                 .L0 
80200430 80200430        0     1                 .L0 
80200434 80200434        0     1                 .L0 
80200436 80200436        0     1                 .L0 
8020043a 8020043a        0     1                 .L0 
8020043a 8020043a        0     1                 .L0 
8020043a 8020043a        0     1                 .L0 
8020043e 8020043e        0     1                 .L0 
80200442 80200442        0     1                 .L0 
8020044a 8020044a        0     1                 .L0 
80200456 80200456        0     1                 .L0 
80200456 80200456        0     1                 .L0 
8020045a 8020045a        0     1                 .L0 
8020045e 8020045e        0     1                 .L0 
80200460 80200460        0     1                 .L0 
80200464 80200464        0     1                 .L0 
80200464 80200464        0     1                 .L0 
80200464 80200464        0     1                 .L0 
80200468 80200468        0     1                 .L0 
8020046c 8020046c        0     1                 .L0 
80200474 80200474        0     1                 .L0 
80200480 80200480        0     1                 .L0 
80200480 80200480        0     1                 .L0 
80200482 80200482        0     1                 .L0 
80200486 80200486        0     1                 .L0 
80200488 80200488        0     1                 .L0 
8020048c 8020048c        0     1                 .L0 
8020048c 8020048c        0     1                 .L0 
8020048c 8020048c        0     1                 .L0 
80200490 80200490        0     1                 .L0 
80200494 80200494        0     1                 .L0 
8020049c 8020049c        0     1                 .L0 
802004a8 802004a8        0     1                 .L0 
802004a8 802004a8        0     1                 .L0 
802004ac 802004ac        0     1                 .L0 
802004b0 802004b0        0     1                 .L0 
802004b2 802004b2        0     1                 .L0 
802004b6 802004b6        0     1                 .L0 
802004b6 802004b6        0     1                 .L0 
802004b6 802004b6        0     1                 .L0 
802004ba 802004ba        0     1                 .L0 
802004be 802004be        0     1                 .L0 
802004c6 802004c6        0     1                 .L0 
802004d2 802004d2        0     1                 .L0 
802004d2 802004d2        0     1                 .L0 
802004d4 802004d4        0     1                 .L0 
802004d8 802004d8        0     1                 .L0 
802004da 802004da        0     1                 .L0 
802004de 802004de        0     1                 .L0 
802004de 802004de        0     1                 .L0 
802004de 802004de        0     1                 .L0 
802004e2 802004e2        0     1                 .L0 
802004e6 802004e6        0     1                 .L0 
802004ee 802004ee        0     1                 .L0 
802004fa 802004fa        0     1                 .L0 
802004fa 802004fa        0     1                 .L0 
802004fe 802004fe        0     1                 .L0 
80200502 80200502        0     1                 .L0 
80200504 80200504        0     1                 .L0 
80200508 80200508        0     1                 .L0 
80200508 80200508        0     1                 .L0 
80200508 80200508        0     1                 .L0 
8020050a 8020050a        0     1                 .L0 
80200516 80200516        0     1                 .L0 
80200522 80200522        0     1                 .L0 
80200524 80200524        0     1                 .L0 
80200528 80200528        0     1                 .L0 
8020052a 8020052a        0     1                 .L0 
8020052e 8020052e        0     1                 .L0 
8020052e 8020052e        0     1                 .L0 
8020052e 8020052e        0     1                 .L0 
80200530 80200530        0     1                 .L0 
80200530 80200530        0     1                 .L0 
80200530 80200530        0     1                 .L0 
80200534 80200534        0     1                 .L0 
80200534 80200534        0     1                 .L0 
80200536 80200536        0     1                 .L0 
80200542 80200542        0     1                 .L0 
80200544 80200544        0     1                 .L0 
80200548 80200548        0     1                 .L0 
8020054a 8020054a        0     1                 .L0 
8020054a 8020054a        0     1                 .L0 
8020054c 8020054c        0     1                 .L0 
80200550 80200550        0     1                 .L0 
80200554 80200554        0     1                 .L0 
80200564 80200564        0     1                 .L0 
80200564 80200564        0     1                 .L0 
80200566 80200566        0     1                 .L0 
80200566 80200566        0     1                 .L0 
80200568 80200568        0     1                 .L0 
80200568 80200568        0     1                 .L0 
80200568 80200568        0     1                 .L0 
80200568 80200568        0     1                 .L0 
80200568 80200568        0     1                 .L0 
80200568 80200568       9a     1                 kernel_entry
80200602 80200602        0     1                 .L0 
80200602 80200602        0     1                 .L0 
80200602 80200602        0     1                 .L0 
80200602 80200602        0     1                 .L0 
80200602 80200602        0     1                 .L0 
80200602 80200602       b6     1                 handle_syscall
80200608 80200608        0     1                 .L0 
80200608 80200608        0     1                 .L0 
80200626 80200626        0     1                 .L0 
8020062a 8020062a        0     1                 .L0 
8020062c 8020062c        0     1                 .L0 
80200630 80200630        0     1                 .L0 
80200630 80200630        0     1                 .L0 
80200632 80200632        0     1                 .L0 
80200632 80200632        0     1                 .L0 
80200646 80200646        0     1                 .L0 
80200646 80200646        0     1                 .L0 
8020064a 8020064a        0     1                 .L0 
8020064a 8020064a        0     1                 .L0 
8020064a 8020064a        0     1                 .L0 
8020064c 8020064c        0     1                 .L0 
8020064c 8020064c        0     1                 .L0 
80200660 80200660        0     1                 .L0 
80200660 80200660        0     1                 .L0 
80200664 80200664        0     1                 .L0 
80200664 80200664        0     1                 .L0 
80200664 80200664        0     1                 .L0 
80200680 80200680        0     1                 .L0 
80200680 80200680        0     1                 .L0 
80200682 80200682        0     1                 .L0 
80200682 80200682        0     1                 .L0 
80200682 80200682        0     1                 .L0 
80200686 80200686        0     1                 .L0 
80200686 80200686        0     1                 .L0 
80200698 80200698        0     1                 .L0 
80200698 80200698        0     1                 .L0 
80200698 80200698        0     1                 .L0 
8020069c 8020069c        0     1                 .L0 
802006a0 802006a0        0     1                 .L0 
802006a0 802006a0        0     1                 .L0 
802006a0 802006a0        0     1                 .L0 
802006a4 802006a4        0     1                 .L0 
802006b6 802006b6        0     1                 .L0 
802006b6 802006b6        0     1                 .L0 
802006b8 802006b8        0     1                 .L0 
802006b8 802006b8        0     1                 .L0 
802006b8 802006b8        0     1                 .L0 
802006b8 802006b8        0     1                 .L0 
802006b8 802006b8        0     1                 .L0 
802006b8 802006b8       40     1                 handle_trap
802006be 802006be        0     1                 .L0 
802006be 802006be        0     1                 .L0 
802006be 802006be        0     1                 .L0 
802006c2 802006c2        0     1                 .L0 
802006c2 802006c2        0     1                 .L0 
802006c6 802006c6        0     1                 .L0 
802006c6 802006c6        0     1                 .L0 
802006c8 802006c8        0     1                 .L0 
802006c8 802006c8        0     1                 .L0 
802006cc 802006cc        0     1                 .L0 
802006cc 802006cc        0     1                 .L0 
802006d0 802006d0        0     1                 .L0 
802006d0 802006d0        0     1                 .L0 
802006d2 802006d2        0     1                 .L0 
802006d2 802006d2        0     1                 .L0 
802006d6 802006d6        0     1                 .L0 
802006da 802006da        0     1                 .L0 
802006da 802006da        0     1                 .L0 
802006de 802006de        0     1                 .L0 
802006de 802006de        0     1                 .L0 
802006de 802006de        0     1                 .L0 
802006e2 802006e2        0     1                 .L0 
802006f6 802006f6        0     1                 .L0 
802006f6 802006f6        0     1                 .L0 
802006f8 802006f8        0     1                 .L0 
802006f8 802006f8        0     1                 .L0 
802006f8 802006f8        0     1                 .L0 
802006f8 802006f8        0     1                 .L0 
802006f8 802006f8        0     1                 .L0 
802006f8 802006f8       74     1                 kernel_main
802006fc 802006fc        0     1                 .L0 
80200712 80200712        0     1                 .L0 
80200712 80200712        0     1                 .L0 
8020071c 8020071c        0     1                 .L0 
8020071c 8020071c        0     1                 .L0 
80200724 80200724        0     1                 .L0 
80200728 80200728        0     1                 .L0 
80200728 80200728        0     1                 .L0 
8020072a 8020072a        0     1                 .L0 
8020072e 8020072e        0     1                 .L0 
8020072e 8020072e        0     1                 .L0 
8020073a 8020073a        0     1                 .L0 
8020073e 8020073e        0     1                 .L0 
80200740 80200740        0     1                 .L0 
80200752 80200752        0     1                 .L0 
80200752 80200752        0     1                 .L0 
80200754 80200754        0     1                 .L0 
80200754 80200754        0     1                 .L0 
8020076a 8020076a        0     1                 .L0 
8020076a 8020076a        0     1                 .L0 
8020076c 8020076c        0     1                 .L0 
8020076c 8020076c        0     1                 .L0 
8020076c 8020076c      21e     2         /tmp/common-789ef4.o:(.text)
8020076c 8020076c        0     1                 .L0 
8020076c 8020076c        0     1                 .L0 
8020076c 8020076c        0     1                 $x
8020076c 8020076c        0     1                 .L0 
8020076c 8020076c       1c     1                 memcpy
80200770 80200770        0     1                 .L0 
80200770 80200770        0     1                 .L0 
80200772 80200772        0     1                 .L0 
80200772 80200772        0     1                 .L0 
80200772 80200772        0     1                 .L0 
80200776 80200776        0     1                 .L0 
80200778 80200778        0     1                 .L0 
8020077c 8020077c        0     1                 .L0 
8020077c 8020077c        0     1                 .L0 
80200782 80200782        0     1                 .L0 
80200782 80200782        0     1                 .L0 
80200786 80200786        0     1                 .L0 
80200786 80200786        0     1                 .L0 
80200786 80200786        0     1                 .L0 
80200788 80200788        0     1                 .L0 
80200788 80200788        0     1                 .L0 
80200788 80200788        0     1                 .L0 
80200788 80200788        0     1                 .L0 
80200788 80200788        0     1                 .L0 
80200788 80200788      1a4     1                 printf
802007a4 802007a4        0     1                 .L0 
802007a6 802007a6        0     1                 .L0 
802007ce 802007ce        0     1                 .L0 
802007de 802007de        0     1                 .L0 
802007de 802007de        0     1                 .L0 
802007e2 802007e2        0     1                 .L0 
802007e2 802007e2        0     1                 .L0 
802007e4 802007e4        0     1                 .L0 
802007e4 802007e4        0     1                 .L0 
802007e8 802007e8        0     1                 .L0 
802007f0 802007f0        0     1                 .L0 
802007f0 802007f0        0     1                 .L0 
802007f2 802007f2        0     1                 .L0 
802007f2 802007f2        0     1                 .L0 
802007f4 802007f4        0     1                 .L0 
802007f6 802007f6        0     1                 .L0 
802007f6 802007f6        0     1                 .L0 
802007fa 802007fa        0     1                 .L0 
802007fc 802007fc        0     1                 .L0 
8020080c 8020080c        0     1                 .L0 
8020080c 8020080c        0     1                 .L0 
80200818 80200818        0     1                 .L0 
80200818 80200818        0     1                 .L0 
8020081c 8020081c        0     1                 .L0 
8020081c 8020081c        0     1                 .L0 
8020081e 8020081e        0     1                 .L0 
80200824 80200824        0     1                 .L0 
80200824 80200824        0     1                 .L0 
80200824 80200824        0     1                 .L0 
8020082c 8020082c        0     1                 .L0 
8020082c 8020082c        0     1                 .L0 
80200836 80200836        0     1                 .L0 
80200836 80200836        0     1                 .L0 
8020083a 8020083a        0     1                 .L0 
8020083a 8020083a        0     1                 .L0 
8020083c 8020083c        0     1                 .L0 
80200840 80200840        0     1                 .L0 
80200842 80200842        0     1                 .L0 
80200842 80200842        0     1                 .L0 
80200848 80200848        0     1                 .L0 
80200848 80200848        0     1                 .L0 
8020084a 8020084a        0     1                 .L0 
8020084e 8020084e        0     1                 .L0 
80200850 80200850        0     1                 .L0 
80200850 80200850        0     1                 .L0 
80200856 80200856        0     1                 .L0 
80200856 80200856        0     1                 .L0 
80200858 80200858        0     1                 .L0 
8020085c 8020085c        0     1                 .L0 
8020085e 8020085e        0     1                 .L0 
8020085e 8020085e        0     1                 .L0 
80200864 80200864        0     1                 .L0 
80200864 80200864        0     1                 .L0 
80200866 80200866        0     1                 .L0 
8020086a 8020086a        0     1                 .L0 
8020086c 8020086c        0     1                 .L0 
8020086c 8020086c        0     1                 .L0 
80200872 80200872        0     1                 .L0 
80200872 80200872        0     1                 .L0 
80200874 80200874        0     1                 .L0 
80200878 80200878        0     1                 .L0 
8020087a 8020087a        0     1                 .L0 
8020087a 8020087a        0     1                 .L0 
80200880 80200880        0     1                 .L0 
80200880 80200880        0     1                 .L0 
80200882 80200882        0     1                 .L0 
80200886 80200886        0     1                 .L0 
80200888 80200888        0     1                 .L0 
80200888 80200888        0     1                 .L0 
8020088e 8020088e        0     1                 .L0 
8020088e 8020088e        0     1                 .L0 
80200890 80200890        0     1                 .L0 
80200894 80200894        0     1                 .L0 
80200896 80200896        0     1                 .L0 
80200896 80200896        0     1                 .L0 
80200898 80200898        0     1                 .L0 
80200898 80200898        0     1                 .L0 
8020089a 8020089a        0     1                 .L0 
8020089e 8020089e        0     1                 .L0 
8020089e 8020089e        0     1                 .L0 
802008a0 802008a0        0     1                 .L0 
802008a0 802008a0        0     1                 .L0 
802008a2 802008a2        0     1                 .L0 
802008a4 802008a4        0     1                 .L0 
802008a4 802008a4        0     1                 .L0 
802008a4 802008a4        0     1                 .L0 
802008ae 802008ae        0     1                 .L0 
802008ae 802008ae        0     1                 .L0 
802008b2 802008b2        0     1                 .L0 
802008b8 802008b8        0     1                 .L0 
802008b8 802008b8        0     1                 .L0 
802008b8 802008b8        0     1                 .L0 
802008be 802008be        0     1                 .L0 
802008be 802008be        0     1                 .L0 
802008c2 802008c2        0     1                 .L0 
802008c4 802008c4        0     1                 .L0 
802008c8 802008c8        0     1                 .L0 
802008c8 802008c8        0     1                 .L0 
802008c8 802008c8        0     1                 .L0 
802008ce 802008ce        0     1                 .L0 
802008ce 802008ce        0     1                 .L0 
802008d2 802008d2        0     1                 .L0 
802008d2 802008d2        0     1                 .L0 
802008d4 802008d4        0     1                 .L0 
802008d8 802008d8        0     1                 .L0 
802008d8 802008d8        0     1                 .L0 
802008d8 802008d8        0     1                 .L0 
802008dc 802008dc        0     1                 .L0 
802008e0 802008e0        0     1                 .L0 
802008e4 802008e4        0     1                 .L0 
802008e4 802008e4        0     1                 .L0 
802008e4 802008e4        0     1                 .L0 
802008e6 802008e6        0     1                 .L0 
802008e6 802008e6        0     1                 .L0 
802008ea 802008ea        0     1                 .L0 
802008ee 802008ee        0     1                 .L0 
802008f4 802008f4        0     1                 .L0 
802008f4 802008f4        0     1                 .L0 
802008fc 802008fc        0     1                 .L0 
80200902 80200902        0     1                 .L0 
80200902 80200902        0     1                 .L0 
80200908 80200908        0     1                 .L0 
80200908 80200908        0     1                 .L0 
80200908 80200908        0     1                 .L0 
8020090e 8020090e        0     1                 .L0 
8020090e 8020090e        0     1                 .L0 
8020090e 8020090e        0     1                 .L0 
80200912 80200912        0     1                 .L0 
80200928 80200928        0     1                 .L0 
8020092c 8020092c        0     1                 .L0 
8020092c 8020092c        0     1                 .L0 
8020092c 8020092c        0     1                 .L0 
8020092c 8020092c        0     1                 .L0 
8020092c 8020092c        0     1                 .L0 
8020092c 8020092c       16     1                 memset
80200930 80200930        0     1                 .L0 
80200930 80200930        0     1                 .L0 
80200932 80200932        0     1                 .L0 
80200932 80200932        0     1                 .L0 
80200932 80200932        0     1                 .L0 
80200936 80200936        0     1                 .L0 
80200936 80200936        0     1                 .L0 
8020093c 8020093c        0     1                 .L0 
8020093c 8020093c        0     1                 .L0 
80200940 80200940        0     1                 .L0 
80200940 80200940        0     1                 .L0 
80200940 80200940        0     1                 .L0 
80200942 80200942        0     1                 .L0 
80200942 80200942        0     1                 .L0 
80200942 80200942        0     1                 .L0 
80200942 80200942        0     1                 .L0 
80200942 80200942        0     1                 .L0 
80200942 80200942       24     1                 strcpy
80200948 80200948        0     1                 .L0 
8020094c 8020094c        0     1                 .L0 
8020094c 8020094c        0     1                 .L0 
8020094e 8020094e        0     1                 .L0 
8020094e 8020094e        0     1                 .L0 
8020094e 8020094e        0     1                 .L0 
80200952 80200952        0     1                 .L0 
80200956 80200956        0     1                 .L0 
8020095a 8020095a        0     1                 .L0 
8020095a 8020095a        0     1                 .L0 
8020095c 8020095c        0     1                 .L0 
8020095c 8020095c        0     1                 .L0 
8020095e 8020095e        0     1                 .L0 
80200960 80200960        0     1                 .L0 
80200960 80200960        0     1                 .L0 
80200960 80200960        0     1                 .L0 
80200964 80200964        0     1                 .L0 
80200966 80200966        0     1                 .L0 
80200966 80200966        0     1                 .L0 
80200966 80200966        0     1                 .L0 
80200966 80200966        0     1                 .L0 
80200966 80200966        0     1                 .L0 
80200966 80200966       24     1                 strcmp
8020096a 8020096a        0     1                 .L0 
8020096c 8020096c        0     1                 .L0 
8020096e 8020096e        0     1                 .L0 
8020096e 8020096e        0     1                 .L0 
8020096e 8020096e        0     1                 .L0 
80200972 80200972        0     1                 .L0 
80200976 80200976        0     1                 .L0 
80200976 80200976        0     1                 .L0 
8020097a 8020097a        0     1                 .L0 
8020097c 8020097c        0     1                 .L0 
8020097e 8020097e        0     1                 .L0 
80200980 80200980        0     1                 .L0 
80200980 80200980        0     1                 .L0 
80200984 80200984        0     1                 .L0 
80200988 80200988        0     1                 .L0 
8020098a 8020098a        0     1                 .L0 
8020098a 8020098a        0     1                 .L0 
8020098c 8020098c      131     4 .rodata
8020098c 8020098c      131     1         <internal>:(.rodata.str1.1)
80200ac0 80200ac0    102a4     4 .data
80200ac0 80200ac0        4     4         /tmp/kernel-a65a5b.o:(.data)
80200ac0 80200ac0        4     1                 alloc_pages.next_paddr
80200ac0 80200ac0        0     1                 $d
80200ac4 80200ac4    102a0     1         shell.bin.o:(.data)
80200ac4 80200ac4        0     1                 _binary_shell_bin_start
80210d64 80210d64        0     1                 _binary_shell_bin_end
80210d64 80210d64    10088     4 .bss
80210d64 80210d64        0     1         __bss = .
80210d64 80210d64    10088     4         /tmp/kernel-a65a5b.o:(.bss)
80210d64 80210d64        0     1                 $d
80210d64 80210d64    10080     1                 procs
80220de4 80220de4        8     1                 .L_MergedGlobals
80220de4 80220de4        4     1                 idle_proc
80220de8 80220de8        4     1                 current_proc
80220dec 80220dec        0     1         __bss_end = .
80220dec 80220dec        0     1 . = ALIGN(4)
80220dec 80220dec    20000     1 . += 128 * 1024
80240dec 80240dec        0     1 __stack_top = .
80240dec 80240dec      214     1 . = ALIGN(4096)
80241000 80241000        0     1 __free_ram = .
80241000 80241000  4000000     1 . += 64 * 1024 * 1024 
84241000 84241000        0     1 __free_ram_end = .
       0        0      6fb     1 .debug_loclists
       0        0      52d     1         /tmp/kernel-a65a5b.o:(.debug_loclists)
       0        0        0     1                 $d
       c        c        0     1                 .L0 
     52d      52d      1ce     1         /tmp/common-789ef4.o:(.debug_loclists)
     52d      52d        0     1                 $d
     539      539        0     1                 .L0 
       0        0      3f2     1 .debug_abbrev
       0        0      2c5     1         /tmp/kernel-a65a5b.o:(.debug_abbrev)
       0        0        0     1                 $d
     2c5      2c5      12d     1         /tmp/common-789ef4.o:(.debug_abbrev)
     2c5      2c5        0     1                 $d
       0        0      bba     1 .debug_info
       0        0      97c     1         /tmp/kernel-a65a5b.o:(.debug_info)
       0        0        0     1                 $d
     97c      97c      23e     1         /tmp/common-789ef4.o:(.debug_info)
     97c      97c        0     1                 $d
       0        0       a3     1 .debug_rnglists
       0        0       88     1         /tmp/kernel-a65a5b.o:(.debug_rnglists)
       0        0        0     1                 $d
       c        c        0     1                 .L0 
      88       88       1b     1         /tmp/common-789ef4.o:(.debug_rnglists)
      88       88        0     1                 $d
      94       94        0     1                 .L0 
       0        0      258     1 .debug_str_offsets
       0        0      1c0     1         /tmp/kernel-a65a5b.o:(.debug_str_offsets)
       0        0        0     1                 $d
       8        8        0     1                 .L0 
     1c0      1c0       98     1         /tmp/common-789ef4.o:(.debug_str_offsets)
     1c0      1c0        0     1                 $d
     1c8      1c8        0     1                 .L0 
       0        0      33a     1 .debug_str
       0        0      33a     1         <internal>:(.debug_str)
       0        0      14c     1 .debug_addr
       0        0       ec     1         /tmp/kernel-a65a5b.o:(.debug_addr)
       0        0        0     1                 $d
       8        8        0     1                 .L0 
      ec       ec       60     1         /tmp/common-789ef4.o:(.debug_addr)
      ec       ec        0     1                 $d
      f4       f4        0     1                 .L0 
       0        0       29     1 .comment
       0        0       29     1         <internal>:(.comment)
       0        0       47     1 .riscv.attributes
       0        0       47     1         <internal>:(.riscv.attributes)
       0        0      21c     4 .debug_frame
       0        0      184     4         /tmp/kernel-a65a5b.o:(.debug_frame)
       0        0        0     1                 .L0 
       0        0        0     1                 $d
     184      184       98     4         /tmp/common-789ef4.o:(.debug_frame)
     184      184        0     1                 .L0 
     184      184        0     1                 $d
       0        0      c1e     1 .debug_line
       0        0      869     1         /tmp/kernel-a65a5b.o:(.debug_line)
       0        0        0     1                 .Lline_table_start0
       0        0        0     1                 $d
     869      869      3b5     1         /tmp/common-789ef4.o:(.debug_line)
     869      869        0     1                 .Lline_table_start0
     869      869        0     1                 $d
       0        0       3a     1 .debug_line_str
       0        0       3a     1         <internal>:(.debug_line_str)
       0        0      420     4 .symtab
       0        0      420     4         <internal>:(.symtab)
       0        0       dc     1 .shstrtab
       0        0       dc     1         <internal>:(.shstrtab)
       0        0      1e6     1 .strtab
       0        0      1e6     1         <internal>:(.strtab)
