     VMA      LMA     Size Align Out     In      Symbol
       0        0  1000000     1 . = 0x1000000
 1000000  1000000      288     2 .text
 1000000  1000000        e     2         /tmp/user-88ed8c.o:(.text.start)
 1000000  1000000        0     1                 .L0 
 1000000  1000000        0     1                 .L0 
 1000000  1000000        0     1                 $x
 1000000  1000000        0     1                 .L0 
 1000000  1000000        e     1                 start
 100000e  100000e        0     1                 .L0 
 100000e  100000e        0     1                 .L0 
 100000e  100000e       30     2         /tmp/shell-83ed11.o:(.text)
 100000e  100000e        0     1                 .L0 
 100000e  100000e        0     1                 .L0 
 100000e  100000e        0     1                 $x
 100000e  100000e        0     1                 .L0 
 100000e  100000e       30     1                 main
 1000018  1000018        0     1                 .L0 
 1000026  1000026        0     1                 .L0 
 1000026  1000026        0     1                 .L0 
 1000026  1000026        0     1                 .L0 
 100002c  100002c        0     1                 .L0 
 100002c  100002c        0     1                 .L0 
 100002e  100002e        0     1                 .L0 
 1000032  1000032        0     1                 .L0 
 1000032  1000032        0     1                 .L0 
 100003a  100003a        0     1                 .L0 
 100003e  100003e        0     1                 .L0 
 100003e  100003e        0     1                 .L0 
 100003e  100003e       2c     2         /tmp/user-88ed8c.o:(.text)
 100003e  100003e        0     1                 .L0 
 100003e  100003e        0     1                 .L0 
 100003e  100003e        0     1                 $x
 100003e  100003e        0     1                 .L0 
 100003e  100003e       10     1                 syscall
 1000040  1000040        0     1                 .L0 
 100004c  100004c        0     1                 .L0 
 100004e  100004e        0     1                 .L0 
 100004e  100004e        0     1                 .L0 
 100004e  100004e        0     1                 .L0 
 100004e  100004e        0     1                 .L0 
 100004e  100004e        2     1                 exit
 1000050  1000050        0     1                 .L0 
 1000050  1000050        0     1                 .L0 
 1000050  1000050        0     1                 .L0 
 1000050  1000050        0     1                 .L0 
 1000050  1000050        0     1                 .L0 
 1000050  1000050        c     1                 putchar
 100005a  100005a        0     1                 .L0 
 100005a  100005a        0     1                 .L0 
 100005c  100005c        0     1                 .L0 
 100005c  100005c        0     1                 .L0 
 100005c  100005c        0     1                 .L0 
 100005c  100005c        e     1                 getchar
 1000068  1000068        0     1                 .L0 
 1000068  1000068        0     1                 .L0 
 100006a  100006a        0     1                 .L0 
 100006a  100006a      21e     2         /tmp/common-9d86c2.o:(.text)
 100006a  100006a        0     1                 .L0 
 100006a  100006a        0     1                 .L0 
 100006a  100006a        0     1                 $x
 100006a  100006a        0     1                 .L0 
 100006a  100006a       1c     1                 memcpy
 100006e  100006e        0     1                 .L0 
 100006e  100006e        0     1                 .L0 
 1000070  1000070        0     1                 .L0 
 1000070  1000070        0     1                 .L0 
 1000070  1000070        0     1                 .L0 
 1000074  1000074        0     1                 .L0 
 1000076  1000076        0     1                 .L0 
 100007a  100007a        0     1                 .L0 
 100007a  100007a        0     1                 .L0 
 1000080  1000080        0     1                 .L0 
 1000080  1000080        0     1                 .L0 
 1000084  1000084        0     1                 .L0 
 1000084  1000084        0     1                 .L0 
 1000084  1000084        0     1                 .L0 
 1000086  1000086        0     1                 .L0 
 1000086  1000086        0     1                 .L0 
 1000086  1000086        0     1                 .L0 
 1000086  1000086        0     1                 .L0 
 1000086  1000086        0     1                 .L0 
 1000086  1000086      1a4     1                 printf
 10000a2  10000a2        0     1                 .L0 
 10000a4  10000a4        0     1                 .L0 
 10000cc  10000cc        0     1                 .L0 
 10000dc  10000dc        0     1                 .L0 
 10000dc  10000dc        0     1                 .L0 
 10000e0  10000e0        0     1                 .L0 
 10000e0  10000e0        0     1                 .L0 
 10000e2  10000e2        0     1                 .L0 
 10000e2  10000e2        0     1                 .L0 
 10000e6  10000e6        0     1                 .L0 
 10000ee  10000ee        0     1                 .L0 
 10000ee  10000ee        0     1                 .L0 
 10000f0  10000f0        0     1                 .L0 
 10000f0  10000f0        0     1                 .L0 
 10000f2  10000f2        0     1                 .L0 
 10000f4  10000f4        0     1                 .L0 
 10000f4  10000f4        0     1                 .L0 
 10000f8  10000f8        0     1                 .L0 
 10000fa  10000fa        0     1                 .L0 
 100010a  100010a        0     1                 .L0 
 100010a  100010a        0     1                 .L0 
 1000116  1000116        0     1                 .L0 
 1000116  1000116        0     1                 .L0 
 100011a  100011a        0     1                 .L0 
 100011a  100011a        0     1                 .L0 
 100011c  100011c        0     1                 .L0 
 1000122  1000122        0     1                 .L0 
 1000122  1000122        0     1                 .L0 
 1000122  1000122        0     1                 .L0 
 100012a  100012a        0     1                 .L0 
 100012a  100012a        0     1                 .L0 
 1000134  1000134        0     1                 .L0 
 1000134  1000134        0     1                 .L0 
 1000138  1000138        0     1                 .L0 
 1000138  1000138        0     1                 .L0 
 100013a  100013a        0     1                 .L0 
 100013e  100013e        0     1                 .L0 
 1000140  1000140        0     1                 .L0 
 1000140  1000140        0     1                 .L0 
 1000146  1000146        0     1                 .L0 
 1000146  1000146        0     1                 .L0 
 1000148  1000148        0     1                 .L0 
 100014c  100014c        0     1                 .L0 
 100014e  100014e        0     1                 .L0 
 100014e  100014e        0     1                 .L0 
 1000154  1000154        0     1                 .L0 
 1000154  1000154        0     1                 .L0 
 1000156  1000156        0     1                 .L0 
 100015a  100015a        0     1                 .L0 
 100015c  100015c        0     1                 .L0 
 100015c  100015c        0     1                 .L0 
 1000162  1000162        0     1                 .L0 
 1000162  1000162        0     1                 .L0 
 1000164  1000164        0     1                 .L0 
 1000168  1000168        0     1                 .L0 
 100016a  100016a        0     1                 .L0 
 100016a  100016a        0     1                 .L0 
 1000170  1000170        0     1                 .L0 
 1000170  1000170        0     1                 .L0 
 1000172  1000172        0     1                 .L0 
 1000176  1000176        0     1                 .L0 
 1000178  1000178        0     1                 .L0 
 1000178  1000178        0     1                 .L0 
 100017e  100017e        0     1                 .L0 
 100017e  100017e        0     1                 .L0 
 1000180  1000180        0     1                 .L0 
 1000184  1000184        0     1                 .L0 
 1000186  1000186        0     1                 .L0 
 1000186  1000186        0     1                 .L0 
 100018c  100018c        0     1                 .L0 
 100018c  100018c        0     1                 .L0 
 100018e  100018e        0     1                 .L0 
 1000192  1000192        0     1                 .L0 
 1000194  1000194        0     1                 .L0 
 1000194  1000194        0     1                 .L0 
 1000196  1000196        0     1                 .L0 
 1000196  1000196        0     1                 .L0 
 1000198  1000198        0     1                 .L0 
 100019c  100019c        0     1                 .L0 
 100019c  100019c        0     1                 .L0 
 100019e  100019e        0     1                 .L0 
 100019e  100019e        0     1                 .L0 
 10001a0  10001a0        0     1                 .L0 
 10001a2  10001a2        0     1                 .L0 
 10001a2  10001a2        0     1                 .L0 
 10001a2  10001a2        0     1                 .L0 
 10001ac  10001ac        0     1                 .L0 
 10001ac  10001ac        0     1                 .L0 
 10001b0  10001b0        0     1                 .L0 
 10001b6  10001b6        0     1                 .L0 
 10001b6  10001b6        0     1                 .L0 
 10001b6  10001b6        0     1                 .L0 
 10001bc  10001bc        0     1                 .L0 
 10001bc  10001bc        0     1                 .L0 
 10001c0  10001c0        0     1                 .L0 
 10001c2  10001c2        0     1                 .L0 
 10001c6  10001c6        0     1                 .L0 
 10001c6  10001c6        0     1                 .L0 
 10001c6  10001c6        0     1                 .L0 
 10001cc  10001cc        0     1                 .L0 
 10001cc  10001cc        0     1                 .L0 
 10001d0  10001d0        0     1                 .L0 
 10001d0  10001d0        0     1                 .L0 
 10001d2  10001d2        0     1                 .L0 
 10001d6  10001d6        0     1                 .L0 
 10001d6  10001d6        0     1                 .L0 
 10001d6  10001d6        0     1                 .L0 
 10001da  10001da        0     1                 .L0 
 10001de  10001de        0     1                 .L0 
 10001e2  10001e2        0     1                 .L0 
 10001e2  10001e2        0     1                 .L0 
 10001e2  10001e2        0     1                 .L0 
 10001e4  10001e4        0     1                 .L0 
 10001e4  10001e4        0     1                 .L0 
 10001e8  10001e8        0     1                 .L0 
 10001ec  10001ec        0     1                 .L0 
 10001f2  10001f2        0     1                 .L0 
 10001f2  10001f2        0     1                 .L0 
 10001fa  10001fa        0     1                 .L0 
 1000200  1000200        0     1                 .L0 
 1000200  1000200        0     1                 .L0 
 1000206  1000206        0     1                 .L0 
 1000206  1000206        0     1                 .L0 
 1000206  1000206        0     1                 .L0 
 100020c  100020c        0     1                 .L0 
 100020c  100020c        0     1                 .L0 
 100020c  100020c        0     1                 .L0 
 1000210  1000210        0     1                 .L0 
 1000226  1000226        0     1                 .L0 
 100022a  100022a        0     1                 .L0 
 100022a  100022a        0     1                 .L0 
 100022a  100022a        0     1                 .L0 
 100022a  100022a        0     1                 .L0 
 100022a  100022a        0     1                 .L0 
 100022a  100022a       16     1                 memset
 100022e  100022e        0     1                 .L0 
 100022e  100022e        0     1                 .L0 
 1000230  1000230        0     1                 .L0 
 1000230  1000230        0     1                 .L0 
 1000230  1000230        0     1                 .L0 
 1000234  1000234        0     1                 .L0 
 1000234  1000234        0     1                 .L0 
 100023a  100023a        0     1                 .L0 
 100023a  100023a        0     1                 .L0 
 100023e  100023e        0     1                 .L0 
 100023e  100023e        0     1                 .L0 
 100023e  100023e        0     1                 .L0 
 1000240  1000240        0     1                 .L0 
 1000240  1000240        0     1                 .L0 
 1000240  1000240        0     1                 .L0 
 1000240  1000240        0     1                 .L0 
 1000240  1000240        0     1                 .L0 
 1000240  1000240       24     1                 strcpy
 1000246  1000246        0     1                 .L0 
 100024a  100024a        0     1                 .L0 
 100024a  100024a        0     1                 .L0 
 100024c  100024c        0     1                 .L0 
 100024c  100024c        0     1                 .L0 
 100024c  100024c        0     1                 .L0 
 1000250  1000250        0     1                 .L0 
 1000254  1000254        0     1                 .L0 
 1000258  1000258        0     1                 .L0 
 1000258  1000258        0     1                 .L0 
 100025a  100025a        0     1                 .L0 
 100025a  100025a        0     1                 .L0 
 100025c  100025c        0     1                 .L0 
 100025e  100025e        0     1                 .L0 
 100025e  100025e        0     1                 .L0 
 100025e  100025e        0     1                 .L0 
 1000262  1000262        0     1                 .L0 
 1000264  1000264        0     1                 .L0 
 1000264  1000264        0     1                 .L0 
 1000264  1000264        0     1                 .L0 
 1000264  1000264        0     1                 .L0 
 1000264  1000264        0     1                 .L0 
 1000264  1000264       24     1                 strcmp
 1000268  1000268        0     1                 .L0 
 100026a  100026a        0     1                 .L0 
 100026c  100026c        0     1                 .L0 
 100026c  100026c        0     1                 .L0 
 100026c  100026c        0     1                 .L0 
 1000270  1000270        0     1                 .L0 
 1000274  1000274        0     1                 .L0 
 1000274  1000274        0     1                 .L0 
 1000278  1000278        0     1                 .L0 
 100027a  100027a        0     1                 .L0 
 100027c  100027c        0     1                 .L0 
 100027e  100027e        0     1                 .L0 
 100027e  100027e        0     1                 .L0 
 1000282  1000282        0     1                 .L0 
 1000286  1000286        0     1                 .L0 
 1000288  1000288        0     1                 .L0 
 1000288  1000288        0     1                 .L0 
 1000288  1000288       15     4 .rodata
 1000288  1000288       15     1         <internal>:(.rodata.str1.1)
 10002a0  10002a0    10000     4 .bss
 10002a0  10002a0        0     1         . = ALIGN(16)
 10002a0  10002a0    10000     1         . += 64 * 1024
 10102a0  10102a0        0     1         __stack_top = .
 10102a0  10102a0        0     1         
       0        0      304     1 .debug_abbrev
       0        0       bd     1         /tmp/shell-83ed11.o:(.debug_abbrev)
       0        0        0     1                 $d
      bd       bd      11a     1         /tmp/user-88ed8c.o:(.debug_abbrev)
      bd       bd        0     1                 $d
     1d7      1d7      12d     1         /tmp/common-9d86c2.o:(.debug_abbrev)
     1d7      1d7        0     1                 $d
       0        0      441     1 .debug_info
       0        0       90     1         /tmp/shell-83ed11.o:(.debug_info)
       0        0        0     1                 $d
      90       90      173     1         /tmp/user-88ed8c.o:(.debug_info)
      90       90        0     1                 $d
     203      203      23e     1         /tmp/common-9d86c2.o:(.debug_info)
     203      203        0     1                 $d
       0        0      120     1 .debug_str_offsets
       0        0       34     1         /tmp/shell-83ed11.o:(.debug_str_offsets)
       0        0        0     1                 $d
       8        8        0     1                 .L0 
      34       34       54     1         /tmp/user-88ed8c.o:(.debug_str_offsets)
      34       34        0     1                 $d
      3c       3c        0     1                 .L0 
      88       88       98     1         /tmp/common-9d86c2.o:(.debug_str_offsets)
      88       88        0     1                 $d
      90       90        0     1                 .L0 
       0        0      161     1 .debug_str
       0        0      161     1         <internal>:(.debug_str)
       0        0       94     1 .debug_addr
       0        0       18     1         /tmp/shell-83ed11.o:(.debug_addr)
       0        0        0     1                 $d
       8        8        0     1                 .L0 
      18       18       1c     1         /tmp/user-88ed8c.o:(.debug_addr)
      18       18        0     1                 $d
      20       20        0     1                 .L0 
      34       34       60     1         /tmp/common-9d86c2.o:(.debug_addr)
      34       34        0     1                 $d
      3c       3c        0     1                 .L0 
       0        0       29     1 .comment
       0        0       29     1         <internal>:(.comment)
       0        0       47     1 .riscv.attributes
       0        0       47     1         <internal>:(.riscv.attributes)
       0        0      134     4 .debug_frame
       0        0       38     4         /tmp/shell-83ed11.o:(.debug_frame)
       0        0        0     1                 .L0 
       0        0        0     1                 $d
      38       38       64     4         /tmp/user-88ed8c.o:(.debug_frame)
      38       38        0     1                 .L0 
      38       38        0     1                 $d
      9c       9c       98     4         /tmp/common-9d86c2.o:(.debug_frame)
      9c       9c        0     1                 .L0 
      9c       9c        0     1                 $d
       0        0      4ef     1 .debug_line
       0        0       90     1         /tmp/shell-83ed11.o:(.debug_line)
       0        0        0     1                 .Lline_table_start0
       0        0        0     1                 $d
      90       90       aa     1         /tmp/user-88ed8c.o:(.debug_line)
      90       90        0     1                 .Lline_table_start0
      90       90        0     1                 $d
     13a      13a      3b5     1         /tmp/common-9d86c2.o:(.debug_line)
     13a      13a        0     1                 .Lline_table_start0
     13a      13a        0     1                 $d
       0        0       37     1 .debug_line_str
       0        0       37     1         <internal>:(.debug_line_str)
       0        0      28b     1 .debug_loclists
       0        0       bd     1         /tmp/user-88ed8c.o:(.debug_loclists)
       0        0        0     1                 $d
       c        c        0     1                 .L0 
      bd       bd      1ce     1         /tmp/common-9d86c2.o:(.debug_loclists)
      bd       bd        0     1                 $d
      c9       c9        0     1                 .L0 
       0        0       37     1 .debug_rnglists
       0        0       1c     1         /tmp/user-88ed8c.o:(.debug_rnglists)
       0        0        0     1                 $d
       c        c        0     1                 .L0 
      1c       1c       1b     1         /tmp/common-9d86c2.o:(.debug_rnglists)
      1c       1c        0     1                 $d
      28       28        0     1                 .L0 
       0        0      380     4 .symtab
       0        0      380     4         <internal>:(.symtab)
       0        0       d6     1 .shstrtab
       0        0       d6     1         <internal>:(.shstrtab)
       0        0       e8     1 .strtab
       0        0       e8     1         <internal>:(.strtab)
