     VMA      LMA     Size Align Out     In      Symbol
       0        0  1000000     1 . = 0x1000000
 1000000  1000000      25e     2 .text
 1000000  1000000        e     2         /tmp/user-abe796.o:(.text.start)
 1000000  1000000        0     1                 .L0 
 1000000  1000000        0     1                 .L0 
 1000000  1000000        0     1                 $x
 1000000  1000000        0     1                 .L0 
 1000000  1000000        e     1                 start
 100000e  100000e        0     1                 .L0 
 100000e  100000e        0     1                 .L0 
 100000e  100000e        6     2         /tmp/shell-637531.o:(.text)
 100000e  100000e        0     1                 .L0 
 100000e  100000e        0     1                 .L0 
 100000e  100000e        0     1                 $x
 100000e  100000e        0     1                 .L0 
 100000e  100000e        6     1                 main
 1000012  1000012        0     1                 .L0 
 1000014  1000014        0     1                 .L0 
 1000014  1000014        0     1                 .L0 
 1000014  1000014       2c     2         /tmp/user-abe796.o:(.text)
 1000014  1000014        0     1                 .L0 
 1000014  1000014        0     1                 .L0 
 1000014  1000014        0     1                 .L0 
 1000014  1000014        0     1                 $x
 1000014  1000014        0     1                 .L0 
 1000014  1000014        2     1                 exit
 1000016  1000016        0     1                 .L0 
 1000016  1000016        0     1                 .L0 
 1000016  1000016        0     1                 .L0 
 1000016  1000016        0     1                 .L0 
 1000016  1000016        0     1                 .L0 
 1000016  1000016       10     1                 syscall
 1000018  1000018        0     1                 .L0 
 1000018  1000018        0     1                 .L0 
 100001a  100001a        0     1                 .L0 
 100001c  100001c        0     1                 .L0 
 100001e  100001e        0     1                 .L0 
 1000020  1000020        0     1                 .L0 
 1000024  1000024        0     1                 .L0 
 1000024  1000024        0     1                 .L0 
 1000026  1000026        0     1                 .L0 
 1000026  1000026        0     1                 .L0 
 1000026  1000026        0     1                 .L0 
 1000026  1000026        0     1                 .L0 
 1000026  1000026        c     1                 putchar
 1000030  1000030        0     1                 .L0 
 1000030  1000030        0     1                 .L0 
 1000032  1000032        0     1                 .L0 
 1000032  1000032        0     1                 .L0 
 1000032  1000032        0     1                 .L0 
 1000032  1000032        e     1                 getchar
 100003e  100003e        0     1                 .L0 
 100003e  100003e        0     1                 .L0 
 1000040  1000040        0     1                 .L0 
 1000040  1000040      21e     2         /tmp/common-771451.o:(.text)
 1000040  1000040        0     1                 .L0 
 1000040  1000040        0     1                 .L0 
 1000040  1000040        0     1                 $x
 1000040  1000040        0     1                 .L0 
 1000040  1000040       1c     1                 memcpy
 1000044  1000044        0     1                 .L0 
 1000044  1000044        0     1                 .L0 
 1000046  1000046        0     1                 .L0 
 1000046  1000046        0     1                 .L0 
 1000046  1000046        0     1                 .L0 
 100004a  100004a        0     1                 .L0 
 100004c  100004c        0     1                 .L0 
 1000050  1000050        0     1                 .L0 
 1000050  1000050        0     1                 .L0 
 1000056  1000056        0     1                 .L0 
 1000056  1000056        0     1                 .L0 
 100005a  100005a        0     1                 .L0 
 100005a  100005a        0     1                 .L0 
 100005a  100005a        0     1                 .L0 
 100005c  100005c        0     1                 .L0 
 100005c  100005c        0     1                 .L0 
 100005c  100005c        0     1                 .L0 
 100005c  100005c        0     1                 .L0 
 100005c  100005c        0     1                 .L0 
 100005c  100005c      1a4     1                 printf
 1000078  1000078        0     1                 .L0 
 100007a  100007a        0     1                 .L0 
 10000a2  10000a2        0     1                 .L0 
 10000b2  10000b2        0     1                 .L0 
 10000b2  10000b2        0     1                 .L0 
 10000b6  10000b6        0     1                 .L0 
 10000b6  10000b6        0     1                 .L0 
 10000b8  10000b8        0     1                 .L0 
 10000b8  10000b8        0     1                 .L0 
 10000bc  10000bc        0     1                 .L0 
 10000c4  10000c4        0     1                 .L0 
 10000c4  10000c4        0     1                 .L0 
 10000c6  10000c6        0     1                 .L0 
 10000c6  10000c6        0     1                 .L0 
 10000c8  10000c8        0     1                 .L0 
 10000ca  10000ca        0     1                 .L0 
 10000ca  10000ca        0     1                 .L0 
 10000ce  10000ce        0     1                 .L0 
 10000d0  10000d0        0     1                 .L0 
 10000e0  10000e0        0     1                 .L0 
 10000e0  10000e0        0     1                 .L0 
 10000ec  10000ec        0     1                 .L0 
 10000ec  10000ec        0     1                 .L0 
 10000f0  10000f0        0     1                 .L0 
 10000f0  10000f0        0     1                 .L0 
 10000f2  10000f2        0     1                 .L0 
 10000f8  10000f8        0     1                 .L0 
 10000f8  10000f8        0     1                 .L0 
 10000f8  10000f8        0     1                 .L0 
 1000100  1000100        0     1                 .L0 
 1000100  1000100        0     1                 .L0 
 100010a  100010a        0     1                 .L0 
 100010a  100010a        0     1                 .L0 
 100010e  100010e        0     1                 .L0 
 100010e  100010e        0     1                 .L0 
 1000110  1000110        0     1                 .L0 
 1000114  1000114        0     1                 .L0 
 1000116  1000116        0     1                 .L0 
 1000116  1000116        0     1                 .L0 
 100011c  100011c        0     1                 .L0 
 100011c  100011c        0     1                 .L0 
 100011e  100011e        0     1                 .L0 
 1000122  1000122        0     1                 .L0 
 1000124  1000124        0     1                 .L0 
 1000124  1000124        0     1                 .L0 
 100012a  100012a        0     1                 .L0 
 100012a  100012a        0     1                 .L0 
 100012c  100012c        0     1                 .L0 
 1000130  1000130        0     1                 .L0 
 1000132  1000132        0     1                 .L0 
 1000132  1000132        0     1                 .L0 
 1000138  1000138        0     1                 .L0 
 1000138  1000138        0     1                 .L0 
 100013a  100013a        0     1                 .L0 
 100013e  100013e        0     1                 .L0 
 1000140  1000140        0     1                 .L0 
 1000140  1000140        0     1                 .L0 
 1000146  1000146        0     1                 .L0 
 1000146  1000146        0     1                 .L0 
 1000148  1000148        0     1                 .L0 
 100014c  100014c        0     1                 .L0 
 100014e  100014e        0     1                 .L0 
 100014e  100014e        0     1                 .L0 
 1000154  1000154        0     1                 .L0 
 1000154  1000154        0     1                 .L0 
 1000156  1000156        0     1                 .L0 
 100015a  100015a        0     1                 .L0 
 100015c  100015c        0     1                 .L0 
 100015c  100015c        0     1                 .L0 
 1000162  1000162        0     1                 .L0 
 1000162  1000162        0     1                 .L0 
 1000164  1000164        0     1                 .L0 
 1000168  1000168        0     1                 .L0 
 100016a  100016a        0     1                 .L0 
 100016a  100016a        0     1                 .L0 
 100016c  100016c        0     1                 .L0 
 100016c  100016c        0     1                 .L0 
 100016e  100016e        0     1                 .L0 
 1000172  1000172        0     1                 .L0 
 1000172  1000172        0     1                 .L0 
 1000174  1000174        0     1                 .L0 
 1000174  1000174        0     1                 .L0 
 1000176  1000176        0     1                 .L0 
 1000178  1000178        0     1                 .L0 
 1000178  1000178        0     1                 .L0 
 1000178  1000178        0     1                 .L0 
 1000182  1000182        0     1                 .L0 
 1000182  1000182        0     1                 .L0 
 1000186  1000186        0     1                 .L0 
 100018c  100018c        0     1                 .L0 
 100018c  100018c        0     1                 .L0 
 100018c  100018c        0     1                 .L0 
 1000192  1000192        0     1                 .L0 
 1000192  1000192        0     1                 .L0 
 1000196  1000196        0     1                 .L0 
 1000198  1000198        0     1                 .L0 
 100019c  100019c        0     1                 .L0 
 100019c  100019c        0     1                 .L0 
 100019c  100019c        0     1                 .L0 
 10001a2  10001a2        0     1                 .L0 
 10001a2  10001a2        0     1                 .L0 
 10001a6  10001a6        0     1                 .L0 
 10001a6  10001a6        0     1                 .L0 
 10001a8  10001a8        0     1                 .L0 
 10001ac  10001ac        0     1                 .L0 
 10001ac  10001ac        0     1                 .L0 
 10001ac  10001ac        0     1                 .L0 
 10001b0  10001b0        0     1                 .L0 
 10001b4  10001b4        0     1                 .L0 
 10001b8  10001b8        0     1                 .L0 
 10001b8  10001b8        0     1                 .L0 
 10001b8  10001b8        0     1                 .L0 
 10001ba  10001ba        0     1                 .L0 
 10001ba  10001ba        0     1                 .L0 
 10001be  10001be        0     1                 .L0 
 10001c2  10001c2        0     1                 .L0 
 10001c8  10001c8        0     1                 .L0 
 10001c8  10001c8        0     1                 .L0 
 10001d0  10001d0        0     1                 .L0 
 10001d6  10001d6        0     1                 .L0 
 10001d6  10001d6        0     1                 .L0 
 10001dc  10001dc        0     1                 .L0 
 10001dc  10001dc        0     1                 .L0 
 10001dc  10001dc        0     1                 .L0 
 10001e2  10001e2        0     1                 .L0 
 10001e2  10001e2        0     1                 .L0 
 10001e2  10001e2        0     1                 .L0 
 10001e6  10001e6        0     1                 .L0 
 10001fc  10001fc        0     1                 .L0 
 1000200  1000200        0     1                 .L0 
 1000200  1000200        0     1                 .L0 
 1000200  1000200        0     1                 .L0 
 1000200  1000200        0     1                 .L0 
 1000200  1000200        0     1                 .L0 
 1000200  1000200       16     1                 memset
 1000204  1000204        0     1                 .L0 
 1000204  1000204        0     1                 .L0 
 1000206  1000206        0     1                 .L0 
 1000206  1000206        0     1                 .L0 
 1000206  1000206        0     1                 .L0 
 100020a  100020a        0     1                 .L0 
 100020a  100020a        0     1                 .L0 
 1000210  1000210        0     1                 .L0 
 1000210  1000210        0     1                 .L0 
 1000214  1000214        0     1                 .L0 
 1000214  1000214        0     1                 .L0 
 1000214  1000214        0     1                 .L0 
 1000216  1000216        0     1                 .L0 
 1000216  1000216        0     1                 .L0 
 1000216  1000216        0     1                 .L0 
 1000216  1000216        0     1                 .L0 
 1000216  1000216        0     1                 .L0 
 1000216  1000216       24     1                 strcpy
 100021c  100021c        0     1                 .L0 
 1000220  1000220        0     1                 .L0 
 1000220  1000220        0     1                 .L0 
 1000222  1000222        0     1                 .L0 
 1000222  1000222        0     1                 .L0 
 1000222  1000222        0     1                 .L0 
 1000226  1000226        0     1                 .L0 
 100022a  100022a        0     1                 .L0 
 100022e  100022e        0     1                 .L0 
 100022e  100022e        0     1                 .L0 
 1000230  1000230        0     1                 .L0 
 1000230  1000230        0     1                 .L0 
 1000232  1000232        0     1                 .L0 
 1000234  1000234        0     1                 .L0 
 1000234  1000234        0     1                 .L0 
 1000234  1000234        0     1                 .L0 
 1000238  1000238        0     1                 .L0 
 100023a  100023a        0     1                 .L0 
 100023a  100023a        0     1                 .L0 
 100023a  100023a        0     1                 .L0 
 100023a  100023a        0     1                 .L0 
 100023a  100023a        0     1                 .L0 
 100023a  100023a       24     1                 strcmp
 100023e  100023e        0     1                 .L0 
 1000240  1000240        0     1                 .L0 
 1000242  1000242        0     1                 .L0 
 1000242  1000242        0     1                 .L0 
 1000242  1000242        0     1                 .L0 
 1000246  1000246        0     1                 .L0 
 100024a  100024a        0     1                 .L0 
 100024a  100024a        0     1                 .L0 
 100024e  100024e        0     1                 .L0 
 1000250  1000250        0     1                 .L0 
 1000252  1000252        0     1                 .L0 
 1000254  1000254        0     1                 .L0 
 1000254  1000254        0     1                 .L0 
 1000258  1000258        0     1                 .L0 
 100025c  100025c        0     1                 .L0 
 100025e  100025e        0     1                 .L0 
 100025e  100025e        0     1                 .L0 
 1000260  1000260       11     4 .rodata
 1000260  1000260       11     1         <internal>:(.rodata.str1.1)
 1000274  1000274    1000c     4 .bss
 1000274  1000274        c     1         . = ALIGN(16)
 1000280  1000280    10000     1         . += 64 * 1024
 1010280  1010280        0     1         __stack_top = .
 1010280  1010280        0     1         
       0        0      2a6     1 .debug_abbrev
       0        0       5f     1         /tmp/shell-637531.o:(.debug_abbrev)
       0        0        0     1                 $d
      5f       5f      11a     1         /tmp/user-abe796.o:(.debug_abbrev)
      5f       5f        0     1                 $d
     179      179      12d     1         /tmp/common-771451.o:(.debug_abbrev)
     179      179        0     1                 $d
       0        0      3f5     1 .debug_info
       0        0       44     1         /tmp/shell-637531.o:(.debug_info)
       0        0        0     1                 $d
      44       44      173     1         /tmp/user-abe796.o:(.debug_info)
      44       44        0     1                 $d
     1b7      1b7      23e     1         /tmp/common-771451.o:(.debug_info)
     1b7      1b7        0     1                 $d
       0        0      10c     1 .debug_str_offsets
       0        0       20     1         /tmp/shell-637531.o:(.debug_str_offsets)
       0        0        0     1                 $d
       8        8        0     1                 .L0 
      20       20       54     1         /tmp/user-abe796.o:(.debug_str_offsets)
      20       20        0     1                 $d
      28       28        0     1                 .L0 
      74       74       98     1         /tmp/common-771451.o:(.debug_str_offsets)
      74       74        0     1                 $d
      7c       7c        0     1                 .L0 
       0        0      15d     1 .debug_str
       0        0      15d     1         <internal>:(.debug_str)
       0        0       8c     1 .debug_addr
       0        0       10     1         /tmp/shell-637531.o:(.debug_addr)
       0        0        0     1                 $d
       8        8        0     1                 .L0 
      10       10       1c     1         /tmp/user-abe796.o:(.debug_addr)
      10       10        0     1                 $d
      18       18        0     1                 .L0 
      2c       2c       60     1         /tmp/common-771451.o:(.debug_addr)
      2c       2c        0     1                 $d
      34       34        0     1                 .L0 
       0        0       29     1 .comment
       0        0       29     1         <internal>:(.comment)
       0        0       47     1 .riscv.attributes
       0        0       47     1         <internal>:(.riscv.attributes)
       0        0      120     4 .debug_frame
       0        0       24     4         /tmp/shell-637531.o:(.debug_frame)
       0        0        0     1                 .L0 
       0        0        0     1                 $d
      24       24       64     4         /tmp/user-abe796.o:(.debug_frame)
      24       24        0     1                 .L0 
      24       24        0     1                 $d
      88       88       98     4         /tmp/common-771451.o:(.debug_frame)
      88       88        0     1                 .L0 
      88       88        0     1                 $d
       0        0      4ce     1 .debug_line
       0        0       6f     1         /tmp/shell-637531.o:(.debug_line)
       0        0        0     1                 .Lline_table_start0
       0        0        0     1                 $d
      6f       6f       aa     1         /tmp/user-abe796.o:(.debug_line)
      6f       6f        0     1                 .Lline_table_start0
      6f       6f        0     1                 $d
     119      119      3b5     1         /tmp/common-771451.o:(.debug_line)
     119      119        0     1                 .Lline_table_start0
     119      119        0     1                 $d
       0        0       3e     1 .debug_line_str
       0        0       3e     1         <internal>:(.debug_line_str)
       0        0      28b     1 .debug_loclists
       0        0       bd     1         /tmp/user-abe796.o:(.debug_loclists)
       0        0        0     1                 $d
       c        c        0     1                 .L0 
      bd       bd      1ce     1         /tmp/common-771451.o:(.debug_loclists)
      bd       bd        0     1                 $d
      c9       c9        0     1                 .L0 
       0        0       37     1 .debug_rnglists
       0        0       1c     1         /tmp/user-abe796.o:(.debug_rnglists)
       0        0        0     1                 $d
       c        c        0     1                 .L0 
      1c       1c       1b     1         /tmp/common-771451.o:(.debug_rnglists)
      1c       1c        0     1                 $d
      28       28        0     1                 .L0 
       0        0      370     4 .symtab
       0        0      370     4         <internal>:(.symtab)
       0        0       d6     1 .shstrtab
       0        0       d6     1         <internal>:(.shstrtab)
       0        0       e5     1 .strtab
       0        0       e5     1         <internal>:(.strtab)
