     VMA      LMA     Size Align Out     In      Symbol
       0        0  1000000     1 . = 0x1000000
 1000000  1000000      37c     2 .text
 1000000  1000000        e     2         /tmp/user-7283e7.o:(.text.start)
 1000000  1000000        0     1                 .L0 
 1000000  1000000        0     1                 .L0 
 1000000  1000000        0     1                 $x
 1000000  1000000        0     1                 .L0 
 1000000  1000000        e     1                 start
 100000e  100000e        0     1                 .L0 
 100000e  100000e        0     1                 .L0 
 100000e  100000e      114     2         /tmp/shell-5c9473.o:(.text)
 100000e  100000e        0     1                 .L0 
 100000e  100000e        0     1                 .L0 
 100000e  100000e        0     1                 $x
 100000e  100000e        0     1                 .L0 
 100000e  100000e      114     1                 main
 1000044  1000044        0     1                 .L0 
 1000088  1000088        0     1                 .L0 
 1000088  1000088        0     1                 .L0 
 1000088  1000088        0     1                 .L0 
 100008c  100008c        0     1                 .L0 
 100008c  100008c        0     1                 .L0 
 100008c  100008c        0     1                 .L0 
 1000090  1000090        0     1                 .L0 
 1000090  1000090        0     1                 .L0 
 1000094  1000094        0     1                 .L0 
 100009a  100009a        0     1                 .L0 
 100009a  100009a        0     1                 .L0 
 10000a2  10000a2        0     1                 .L0 
 10000a2  10000a2        0     1                 .L0 
 10000a2  10000a2        0     1                 .L0 
 10000a6  10000a6        0     1                 .L0 
 10000aa  10000aa        0     1                 .L0 
 10000ae  10000ae        0     1                 .L0 
 10000ae  10000ae        0     1                 .L0 
 10000b2  10000b2        0     1                 .L0 
 10000b6  10000b6        0     1                 .L0 
 10000b8  10000b8        0     1                 .L0 
 10000b8  10000b8        0     1                 .L0 
 10000bc  10000bc        0     1                 .L0 
 10000c0  10000c0        0     1                 .L0 
 10000c4  10000c4        0     1                 .L0 
 10000c4  10000c4        0     1                 .L0 
 10000c6  10000c6        0     1                 .L0 
 10000c6  10000c6        0     1                 .L0 
 10000c6  10000c6        0     1                 .L0 
 10000ca  10000ca        0     1                 .L0 
 10000ca  10000ca        0     1                 .L0 
 10000ce  10000ce        0     1                 .L0 
 10000ce  10000ce        0     1                 .L0 
 10000d4  10000d4        0     1                 .L0 
 10000d4  10000d4        0     1                 .L0 
 10000d6  10000d6        0     1                 .L0 
 10000d6  10000d6        0     1                 .L0 
 10000dc  10000dc        0     1                 .L0 
 10000dc  10000dc        0     1                 .L0 
 10000de  10000de        0     1                 .L0 
 10000e4  10000e4        0     1                 .L0 
 10000e4  10000e4        0     1                 .L0 
 10000e6  10000e6        0     1                 .L0 
 10000f2  10000f2        0     1                 .L0 
 10000f2  10000f2        0     1                 .L0 
 10000f4  10000f4        0     1                 .L0 
 10000f4  10000f4        0     1                 .L0 
 10000f4  10000f4        0     1                 .L0 
 10000fe  10000fe        0     1                 .L0 
 10000fe  10000fe        0     1                 .L0 
 1000102  1000102        0     1                 .L0 
 1000102  1000102        0     1                 .L0 
 1000106  1000106        0     1                 .L0 
 1000110  1000110        0     1                 .L0 
 1000110  1000110        0     1                 .L0 
 1000112  1000112        0     1                 .L0 
 1000112  1000112        0     1                 .L0 
 1000112  1000112        0     1                 .L0 
 1000120  1000120        0     1                 .L0 
 1000120  1000120        0     1                 .L0 
 1000122  1000122        0     1                 .L0 
 1000122  1000122        0     1                 .L0 
 1000122  1000122        0     1                 .L0 
 1000122  1000122       3c     2         /tmp/user-7283e7.o:(.text)
 1000122  1000122        0     1                 .L0 
 1000122  1000122        0     1                 .L0 
 1000122  1000122        0     1                 $x
 1000122  1000122        0     1                 .L0 
 1000122  1000122       10     1                 syscall
 1000124  1000124        0     1                 .L0 
 1000130  1000130        0     1                 .L0 
 1000132  1000132        0     1                 .L0 
 1000132  1000132        0     1                 .L0 
 1000132  1000132        0     1                 .L0 
 1000132  1000132        8     1                 readfile
 1000138  1000138        0     1                 .L0 
 100013a  100013a        0     1                 .L0 
 100013a  100013a        0     1                 .L0 
 100013a  100013a        0     1                 .L0 
 100013a  100013a        8     1                 wrtiefile
 1000140  1000140        0     1                 .L0 
 1000142  1000142        0     1                 .L0 
 1000142  1000142        0     1                 .L0 
 1000142  1000142        0     1                 .L0 
 1000142  1000142        c     1                 putchar
 100014c  100014c        0     1                 .L0 
 100014e  100014e        0     1                 .L0 
 100014e  100014e        0     1                 .L0 
 100014e  100014e        0     1                 .L0 
 100014e  100014e        e     1                 getchar
 100015a  100015a        0     1                 .L0 
 100015c  100015c        0     1                 .L0 
 100015c  100015c        0     1                 .L0 
 100015c  100015c        0     1                 .L0 
 100015c  100015c        0     1                 .L0 
 100015c  100015c        2     1                 exit
 100015e  100015e        0     1                 .L0 
 100015e  100015e        0     1                 .L0 
 100015e  100015e      21e     2         /tmp/common-dfd71d.o:(.text)
 100015e  100015e        0     1                 .L0 
 100015e  100015e        0     1                 .L0 
 100015e  100015e        0     1                 $x
 100015e  100015e        0     1                 .L0 
 100015e  100015e       16     1                 memset
 1000162  1000162        0     1                 .L0 
 1000162  1000162        0     1                 .L0 
 1000164  1000164        0     1                 .L0 
 1000164  1000164        0     1                 .L0 
 1000164  1000164        0     1                 .L0 
 1000168  1000168        0     1                 .L0 
 1000168  1000168        0     1                 .L0 
 100016e  100016e        0     1                 .L0 
 100016e  100016e        0     1                 .L0 
 1000172  1000172        0     1                 .L0 
 1000172  1000172        0     1                 .L0 
 1000172  1000172        0     1                 .L0 
 1000174  1000174        0     1                 .L0 
 1000174  1000174        0     1                 .L0 
 1000174  1000174        0     1                 .L0 
 1000174  1000174        0     1                 .L0 
 1000174  1000174        0     1                 .L0 
 1000174  1000174       1c     1                 memcpy
 1000178  1000178        0     1                 .L0 
 1000178  1000178        0     1                 .L0 
 100017a  100017a        0     1                 .L0 
 100017a  100017a        0     1                 .L0 
 100017a  100017a        0     1                 .L0 
 100017e  100017e        0     1                 .L0 
 1000180  1000180        0     1                 .L0 
 1000184  1000184        0     1                 .L0 
 1000184  1000184        0     1                 .L0 
 100018a  100018a        0     1                 .L0 
 100018a  100018a        0     1                 .L0 
 100018e  100018e        0     1                 .L0 
 100018e  100018e        0     1                 .L0 
 100018e  100018e        0     1                 .L0 
 1000190  1000190        0     1                 .L0 
 1000190  1000190        0     1                 .L0 
 1000190  1000190        0     1                 .L0 
 1000190  1000190        0     1                 .L0 
 1000190  1000190        0     1                 .L0 
 1000190  1000190       24     1                 strcpy
 1000196  1000196        0     1                 .L0 
 100019a  100019a        0     1                 .L0 
 100019a  100019a        0     1                 .L0 
 100019c  100019c        0     1                 .L0 
 100019c  100019c        0     1                 .L0 
 100019c  100019c        0     1                 .L0 
 10001a0  10001a0        0     1                 .L0 
 10001a4  10001a4        0     1                 .L0 
 10001a8  10001a8        0     1                 .L0 
 10001a8  10001a8        0     1                 .L0 
 10001aa  10001aa        0     1                 .L0 
 10001aa  10001aa        0     1                 .L0 
 10001ac  10001ac        0     1                 .L0 
 10001ae  10001ae        0     1                 .L0 
 10001ae  10001ae        0     1                 .L0 
 10001ae  10001ae        0     1                 .L0 
 10001b2  10001b2        0     1                 .L0 
 10001b4  10001b4        0     1                 .L0 
 10001b4  10001b4        0     1                 .L0 
 10001b4  10001b4        0     1                 .L0 
 10001b4  10001b4        0     1                 .L0 
 10001b4  10001b4        0     1                 .L0 
 10001b4  10001b4       24     1                 strcmp
 10001b8  10001b8        0     1                 .L0 
 10001ba  10001ba        0     1                 .L0 
 10001bc  10001bc        0     1                 .L0 
 10001bc  10001bc        0     1                 .L0 
 10001bc  10001bc        0     1                 .L0 
 10001c0  10001c0        0     1                 .L0 
 10001c4  10001c4        0     1                 .L0 
 10001c4  10001c4        0     1                 .L0 
 10001c8  10001c8        0     1                 .L0 
 10001ca  10001ca        0     1                 .L0 
 10001cc  10001cc        0     1                 .L0 
 10001ce  10001ce        0     1                 .L0 
 10001ce  10001ce        0     1                 .L0 
 10001d2  10001d2        0     1                 .L0 
 10001d6  10001d6        0     1                 .L0 
 10001d8  10001d8        0     1                 .L0 
 10001d8  10001d8        0     1                 .L0 
 10001d8  10001d8        0     1                 .L0 
 10001d8  10001d8        0     1                 .L0 
 10001d8  10001d8        0     1                 .L0 
 10001d8  10001d8      1a4     1                 printf
 10001f4  10001f4        0     1                 .L0 
 10001f6  10001f6        0     1                 .L0 
 100021e  100021e        0     1                 .L0 
 100022e  100022e        0     1                 .L0 
 100022e  100022e        0     1                 .L0 
 1000232  1000232        0     1                 .L0 
 1000232  1000232        0     1                 .L0 
 1000234  1000234        0     1                 .L0 
 1000234  1000234        0     1                 .L0 
 1000238  1000238        0     1                 .L0 
 1000240  1000240        0     1                 .L0 
 1000240  1000240        0     1                 .L0 
 1000242  1000242        0     1                 .L0 
 1000242  1000242        0     1                 .L0 
 1000244  1000244        0     1                 .L0 
 1000246  1000246        0     1                 .L0 
 1000246  1000246        0     1                 .L0 
 100024a  100024a        0     1                 .L0 
 100024c  100024c        0     1                 .L0 
 100025c  100025c        0     1                 .L0 
 100025c  100025c        0     1                 .L0 
 1000268  1000268        0     1                 .L0 
 1000268  1000268        0     1                 .L0 
 100026c  100026c        0     1                 .L0 
 100026c  100026c        0     1                 .L0 
 100026e  100026e        0     1                 .L0 
 1000274  1000274        0     1                 .L0 
 1000274  1000274        0     1                 .L0 
 1000274  1000274        0     1                 .L0 
 100027c  100027c        0     1                 .L0 
 100027c  100027c        0     1                 .L0 
 1000286  1000286        0     1                 .L0 
 1000286  1000286        0     1                 .L0 
 100028a  100028a        0     1                 .L0 
 100028a  100028a        0     1                 .L0 
 100028c  100028c        0     1                 .L0 
 1000290  1000290        0     1                 .L0 
 1000292  1000292        0     1                 .L0 
 1000292  1000292        0     1                 .L0 
 1000298  1000298        0     1                 .L0 
 1000298  1000298        0     1                 .L0 
 100029a  100029a        0     1                 .L0 
 100029e  100029e        0     1                 .L0 
 10002a0  10002a0        0     1                 .L0 
 10002a0  10002a0        0     1                 .L0 
 10002a6  10002a6        0     1                 .L0 
 10002a6  10002a6        0     1                 .L0 
 10002a8  10002a8        0     1                 .L0 
 10002ac  10002ac        0     1                 .L0 
 10002ae  10002ae        0     1                 .L0 
 10002ae  10002ae        0     1                 .L0 
 10002b4  10002b4        0     1                 .L0 
 10002b4  10002b4        0     1                 .L0 
 10002b6  10002b6        0     1                 .L0 
 10002ba  10002ba        0     1                 .L0 
 10002bc  10002bc        0     1                 .L0 
 10002bc  10002bc        0     1                 .L0 
 10002c2  10002c2        0     1                 .L0 
 10002c2  10002c2        0     1                 .L0 
 10002c4  10002c4        0     1                 .L0 
 10002c8  10002c8        0     1                 .L0 
 10002ca  10002ca        0     1                 .L0 
 10002ca  10002ca        0     1                 .L0 
 10002d0  10002d0        0     1                 .L0 
 10002d0  10002d0        0     1                 .L0 
 10002d2  10002d2        0     1                 .L0 
 10002d6  10002d6        0     1                 .L0 
 10002d8  10002d8        0     1                 .L0 
 10002d8  10002d8        0     1                 .L0 
 10002de  10002de        0     1                 .L0 
 10002de  10002de        0     1                 .L0 
 10002e0  10002e0        0     1                 .L0 
 10002e4  10002e4        0     1                 .L0 
 10002e6  10002e6        0     1                 .L0 
 10002e6  10002e6        0     1                 .L0 
 10002e8  10002e8        0     1                 .L0 
 10002e8  10002e8        0     1                 .L0 
 10002ea  10002ea        0     1                 .L0 
 10002ee  10002ee        0     1                 .L0 
 10002ee  10002ee        0     1                 .L0 
 10002f0  10002f0        0     1                 .L0 
 10002f0  10002f0        0     1                 .L0 
 10002f2  10002f2        0     1                 .L0 
 10002f4  10002f4        0     1                 .L0 
 10002f4  10002f4        0     1                 .L0 
 10002f4  10002f4        0     1                 .L0 
 10002fe  10002fe        0     1                 .L0 
 10002fe  10002fe        0     1                 .L0 
 1000302  1000302        0     1                 .L0 
 1000308  1000308        0     1                 .L0 
 1000308  1000308        0     1                 .L0 
 1000308  1000308        0     1                 .L0 
 100030e  100030e        0     1                 .L0 
 100030e  100030e        0     1                 .L0 
 1000312  1000312        0     1                 .L0 
 1000314  1000314        0     1                 .L0 
 1000318  1000318        0     1                 .L0 
 1000318  1000318        0     1                 .L0 
 1000318  1000318        0     1                 .L0 
 100031e  100031e        0     1                 .L0 
 100031e  100031e        0     1                 .L0 
 1000322  1000322        0     1                 .L0 
 1000322  1000322        0     1                 .L0 
 1000324  1000324        0     1                 .L0 
 1000328  1000328        0     1                 .L0 
 1000328  1000328        0     1                 .L0 
 1000328  1000328        0     1                 .L0 
 100032c  100032c        0     1                 .L0 
 1000330  1000330        0     1                 .L0 
 1000334  1000334        0     1                 .L0 
 1000334  1000334        0     1                 .L0 
 1000334  1000334        0     1                 .L0 
 1000336  1000336        0     1                 .L0 
 1000336  1000336        0     1                 .L0 
 100033a  100033a        0     1                 .L0 
 100033e  100033e        0     1                 .L0 
 1000344  1000344        0     1                 .L0 
 1000344  1000344        0     1                 .L0 
 100034c  100034c        0     1                 .L0 
 1000352  1000352        0     1                 .L0 
 1000352  1000352        0     1                 .L0 
 1000358  1000358        0     1                 .L0 
 1000358  1000358        0     1                 .L0 
 1000358  1000358        0     1                 .L0 
 100035e  100035e        0     1                 .L0 
 100035e  100035e        0     1                 .L0 
 100035e  100035e        0     1                 .L0 
 1000362  1000362        0     1                 .L0 
 1000378  1000378        0     1                 .L0 
 100037c  100037c        0     1                 .L0 
 100037c  100037c        0     1                 .L0 
 100037c  100037c       95     4 .rodata
 100037c  100037c       95     1         <internal>:(.rodata.str1.1)
 1000414  1000414    1000c     4 .bss
 1000414  1000414        c     1         . = ALIGN(16)
 1000420  1000420    10000     1         . += 64 * 1024
 1010420  1010420        0     1         __stack_top = .
 1010420  1010420        0     1         
       0        0      2e7     1 .debug_loclists
       0        0       5c     1         /tmp/shell-5c9473.o:(.debug_loclists)
       0        0        0     1                 $d
       c        c        0     1                 .L0 
      5c       5c       d5     1         /tmp/user-7283e7.o:(.debug_loclists)
      5c       5c        0     1                 $d
      68       68        0     1                 .L0 
     131      131      1b6     1         /tmp/common-dfd71d.o:(.debug_loclists)
     131      131        0     1                 $d
     13d      13d        0     1                 .L0 
       0        0      35d     1 .debug_abbrev
       0        0       e0     1         /tmp/shell-5c9473.o:(.debug_abbrev)
       0        0        0     1                 $d
      e0       e0      150     1         /tmp/user-7283e7.o:(.debug_abbrev)
      e0       e0        0     1                 $d
     230      230      12d     1         /tmp/common-dfd71d.o:(.debug_abbrev)
     230      230        0     1                 $d
       0        0      6dc     1 .debug_info
       0        0      23a     1         /tmp/shell-5c9473.o:(.debug_info)
       0        0        0     1                 $d
     23a      23a      264     1         /tmp/user-7283e7.o:(.debug_info)
     23a      23a        0     1                 $d
     49e      49e      23e     1         /tmp/common-dfd71d.o:(.debug_info)
     49e      49e        0     1                 $d
       0        0      150     1 .debug_str_offsets
       0        0       50     1         /tmp/shell-5c9473.o:(.debug_str_offsets)
       0        0        0     1                 $d
       8        8        0     1                 .L0 
      50       50       68     1         /tmp/user-7283e7.o:(.debug_str_offsets)
      50       50        0     1                 $d
      58       58        0     1                 .L0 
      b8       b8       98     1         /tmp/common-dfd71d.o:(.debug_str_offsets)
      b8       b8        0     1                 $d
      c0       c0        0     1                 .L0 
       0        0      18c     1 .debug_str
       0        0      18c     1         <internal>:(.debug_str)
       0        0       f8     1 .debug_addr
       0        0       74     1         /tmp/shell-5c9473.o:(.debug_addr)
       0        0        0     1                 $d
       8        8        0     1                 .L0 
      74       74       24     1         /tmp/user-7283e7.o:(.debug_addr)
      74       74        0     1                 $d
      7c       7c        0     1                 .L0 
      98       98       60     1         /tmp/common-dfd71d.o:(.debug_addr)
      98       98        0     1                 $d
      a0       a0        0     1                 .L0 
       0        0       29     1 .comment
       0        0       29     1         <internal>:(.comment)
       0        0       47     1 .riscv.attributes
       0        0       47     1         <internal>:(.riscv.attributes)
       0        0      160     4 .debug_frame
       0        0       44     4         /tmp/shell-5c9473.o:(.debug_frame)
       0        0        0     1                 .L0 
       0        0        0     1                 $d
      44       44       84     4         /tmp/user-7283e7.o:(.debug_frame)
      44       44        0     1                 .L0 
      44       44        0     1                 $d
      c8       c8       98     4         /tmp/common-dfd71d.o:(.debug_frame)
      c8       c8        0     1                 .L0 
      c8       c8        0     1                 $d
       0        0      5ec     1 .debug_line
       0        0      17e     1         /tmp/shell-5c9473.o:(.debug_line)
       0        0        0     1                 .Lline_table_start0
       0        0        0     1                 $d
     17e      17e       b6     1         /tmp/user-7283e7.o:(.debug_line)
     17e      17e        0     1                 .Lline_table_start0
     17e      17e        0     1                 $d
     234      234      3b8     1         /tmp/common-dfd71d.o:(.debug_line)
     234      234        0     1                 .Lline_table_start0
     234      234        0     1                 $d
       0        0       3e     1 .debug_line_str
       0        0       3e     1         <internal>:(.debug_line_str)
       0        0       32     1 .debug_rnglists
       0        0       17     1         /tmp/user-7283e7.o:(.debug_rnglists)
       0        0        0     1                 $d
       c        c        0     1                 .L0 
      17       17       1b     1         /tmp/common-dfd71d.o:(.debug_rnglists)
      17       17        0     1                 $d
      23       23        0     1                 .L0 
       0        0      3b0     4 .symtab
       0        0      3b0     4         <internal>:(.symtab)
       0        0       d6     1 .shstrtab
       0        0       d6     1         <internal>:(.shstrtab)
       0        0       fe     1 .strtab
       0        0       fe     1         <internal>:(.strtab)
